Archive member included to satisfy reference by file (symbol)

/oe/bld/build-CORTEX_1/arago-tmp-external-arm-toolchain/work/am335x_evm-linux-gnueabi/starterware-rtos/02.01.01.12A-r0.0/git/binary/library/third_party/xmodem/lib/am335x-evm/a8/release/gcc/libxmodem_lib_boot.a(xmodem_boot.o)
                              /oe/bld/build-CORTEX_1/arago-tmp-external-arm-toolchain/work/am335x_evm-linux-gnueabi/starterware-rtos/02.01.01.12A-r0.0/git/binary/bootloader/obj/am335x-evm/a8host/release/gcc/boot_uart/sbl_uart_boot.o (xmodemConfigBaseAddr)
/oe/bld/build-CORTEX_1/arago-tmp-external-arm-toolchain/work/am335x_evm-linux-gnueabi/starterware-rtos/02.01.01.12A-r0.0/git/binary/library/third_party/xmodem/lib/am335x-evm/a8/release/gcc/libxmodem_lib_boot.a(crc16_boot.o)
                              /oe/bld/build-CORTEX_1/arago-tmp-external-arm-toolchain/work/am335x_evm-linux-gnueabi/starterware-rtos/02.01.01.12A-r0.0/git/binary/library/third_party/xmodem/lib/am335x-evm/a8/release/gcc/libxmodem_lib_boot.a(xmodem_boot.o) (crc16_ccitt)
/oe/bld/build-CORTEX_1/arago-tmp-external-arm-toolchain/work/am335x_evm-linux-gnueabi/starterware-rtos/02.01.01.12A-r0.0/git/binary/board/lib/am335x-evm/a8/release/gcc/libboard_boot.a(board_boot.o)
                              /oe/bld/build-CORTEX_1/arago-tmp-external-arm-toolchain/work/am335x_evm-linux-gnueabi/starterware-rtos/02.01.01.12A-r0.0/git/binary/bootloader/obj/am335x-evm/a8host/release/gcc/boot_uart/sbl_main_boot.o (BOARDInit)
/oe/bld/build-CORTEX_1/arago-tmp-external-arm-toolchain/work/am335x_evm-linux-gnueabi/starterware-rtos/02.01.01.12A-r0.0/git/binary/board/lib/am335x-evm/a8/release/gcc/libboard_boot.a(dcard_boot.o)
                              /oe/bld/build-CORTEX_1/arago-tmp-external-arm-toolchain/work/am335x_evm-linux-gnueabi/starterware-rtos/02.01.01.12A-r0.0/git/binary/board/lib/am335x-evm/a8/release/gcc/libboard_boot.a(board_boot.o) (DCARDIsDevPresent)
/oe/bld/build-CORTEX_1/arago-tmp-external-arm-toolchain/work/am335x_evm-linux-gnueabi/starterware-rtos/02.01.01.12A-r0.0/git/binary/board/lib/am335x-evm/a8/release/gcc/libboard_boot.a(platform_boot.o)
                              /oe/bld/build-CORTEX_1/arago-tmp-external-arm-toolchain/work/am335x_evm-linux-gnueabi/starterware-rtos/02.01.01.12A-r0.0/git/binary/board/lib/am335x-evm/a8/release/gcc/libboard_boot.a(board_boot.o) (PLATFORMGetId)
/oe/bld/build-CORTEX_1/arago-tmp-external-arm-toolchain/work/am335x_evm-linux-gnueabi/starterware-rtos/02.01.01.12A-r0.0/git/binary/board/lib/am335x-evm/a8/release/gcc/libboard_boot.a(pinmux_boot.o)
                              /oe/bld/build-CORTEX_1/arago-tmp-external-arm-toolchain/work/am335x_evm-linux-gnueabi/starterware-rtos/02.01.01.12A-r0.0/git/binary/bootloader/obj/am335x-evm/a8host/release/gcc/boot_uart/gpio_app_boot.o (PINMUXModuleConfig)
/oe/bld/build-CORTEX_1/arago-tmp-external-arm-toolchain/work/am335x_evm-linux-gnueabi/starterware-rtos/02.01.01.12A-r0.0/git/binary/board/lib/am335x-evm/a8/release/gcc/libboard_boot.a(board_am335x_boot.o)
                              /oe/bld/build-CORTEX_1/arago-tmp-external-arm-toolchain/work/am335x_evm-linux-gnueabi/starterware-rtos/02.01.01.12A-r0.0/git/binary/board/lib/am335x-evm/a8/release/gcc/libboard_boot.a(board_boot.o) (BoardAm335xInit)
/oe/bld/build-CORTEX_1/arago-tmp-external-arm-toolchain/work/am335x_evm-linux-gnueabi/starterware-rtos/02.01.01.12A-r0.0/git/binary/board/lib/am335x-evm/a8/release/gcc/libboard_boot.a(dcard_am335x_boot.o)
                              /oe/bld/build-CORTEX_1/arago-tmp-external-arm-toolchain/work/am335x_evm-linux-gnueabi/starterware-rtos/02.01.01.12A-r0.0/git/binary/board/lib/am335x-evm/a8/release/gcc/libboard_boot.a(dcard_boot.o) (DCardAm335xInit)
/oe/bld/build-CORTEX_1/arago-tmp-external-arm-toolchain/work/am335x_evm-linux-gnueabi/starterware-rtos/02.01.01.12A-r0.0/git/binary/board/lib/am335x-evm/a8/release/gcc/libboard_boot.a(am335x_gpevm_boot.o)
                              /oe/bld/build-CORTEX_1/arago-tmp-external-arm-toolchain/work/am335x_evm-linux-gnueabi/starterware-rtos/02.01.01.12A-r0.0/git/binary/board/lib/am335x-evm/a8/release/gcc/libboard_boot.a(board_am335x_boot.o) (gBoardAm335xGpevmData)
/oe/bld/build-CORTEX_1/arago-tmp-external-arm-toolchain/work/am335x_evm-linux-gnueabi/starterware-rtos/02.01.01.12A-r0.0/git/binary/board/lib/am335x-evm/a8/release/gcc/libboard_boot.a(am335x_evmsk_boot.o)
                              /oe/bld/build-CORTEX_1/arago-tmp-external-arm-toolchain/work/am335x_evm-linux-gnueabi/starterware-rtos/02.01.01.12A-r0.0/git/binary/board/lib/am335x-evm/a8/release/gcc/libboard_boot.a(board_am335x_boot.o) (gBoardAm335xEvmskData)
/oe/bld/build-CORTEX_1/arago-tmp-external-arm-toolchain/work/am335x_evm-linux-gnueabi/starterware-rtos/02.01.01.12A-r0.0/git/binary/board/lib/am335x-evm/a8/release/gcc/libboard_boot.a(am335x_beaglebone_boot.o)
[...]
Memory Configuration

Name             Origin             Length             Attributes
DDR0             0x0000000080000000 0x0000000010000000
OCMCRAM          0x00000000402f0400 0x000000000001fbff
*default*        0x0000000000000000 0xffffffffffffffff

Linker script and memory map

LOAD /oe/bld/build-CORTEX_1/arago-tmp-external-arm-toolchain/work/am335x_evm-linux-gnueabi/starterware-rtos/02.01.01.12A-r0.0/recipe-sysroot-native/usr/share/ti/gcc-arm-none-eabi/bin/../lib/gcc/arm-none-eabi/7.3.1/hard/crti.o
LOAD /oe/bld/build-CORTEX_1/arago-tmp-external-arm-toolchain/work/am335x_evm-linux-gnueabi/starterware-rtos/02.01.01.12A-r0.0/recipe-sysroot-native/usr/share/ti/gcc-arm-none-eabi/bin/../lib/gcc/arm-none-eabi/7.3.1/hard/crtbegin.o
LOAD /oe/bld/build-CORTEX_1/arago-tmp-external-arm-toolchain/work/am335x_evm-linux-gnueabi/starterware-rtos/02.01.01.12A-r0.0/recipe-sysroot-native/usr/share/ti/gcc-arm-none-eabi/bin/../lib/gcc/arm-none-eabi/7.3.1/../../../../arm-none-eabi/lib/hard/crt0.o
LOAD /oe/bld/build-CORTEX_1/arago-tmp-external-arm-toolchain/work/am335x_evm-linux-gnueabi/starterware-rtos/02.01.01.12A-r0.0/git/binary/bootloader/obj/am335x-evm/a8host/release/gcc/boot_uart/sbl_copy_boot.o
LOAD /oe/bld/build-CORTEX_1/arago-tmp-external-arm-toolchain/work/am335x_evm-linux-gnueabi/starterware-rtos/02.01.01.12A-r0.0/git/binary/bootloader/obj/am335x-evm/a8host/release/gcc/boot_uart/sbl_main_boot.o
LOAD /oe/bld/build-CORTEX_1/arago-tmp-external-arm-toolchain/work/am335x_evm-linux-gnueabi/starterware-rtos/02.01.01.12A-r0.0/git/binary/bootloader/obj/am335x-evm/a8host/release/gcc/boot_uart/gpio_app_boot.o
LOAD /oe/bld/build-CORTEX_1/arago-tmp-external-arm-toolchain/work/am335x_evm-linux-gnueabi/starterware-rtos/02.01.01.12A-r0.0/git/binary/bootloader/obj/am335x-evm/a8host/release/gcc/boot_uart/sbl_uart_boot.o
LOAD /oe/bld/build-CORTEX_1/arago-tmp-external-arm-toolchain/work/am335x_evm-linux-gnueabi/starterware-rtos/02.01.01.12A-r0.0/git/binary/bootloader/obj/am335x-evm/a8host/release/gcc/boot_uart/sbl_am335x_platform_boot.o
LOAD /oe/bld/build-CORTEX_1/arago-tmp-external-arm-toolchain/work/am335x_evm-linux-gnueabi/starterware-rtos/02.01.01.12A-r0.0/git/binary/bootloader/obj/am335x-evm/a8host/release/gcc/boot_uart/sbl_am335x_platform_ddr_boot.o
LOAD /oe/bld/build-CORTEX_1/arago-tmp-external-arm-toolchain/work/am335x_evm-linux-gnueabi/starterware-rtos/02.01.01.12A-r0.0/git/binary/bootloader/obj/am335x-evm/a8host/release/gcc/boot_uart/sbl_am335x_platform_pll_boot.o

.startcode      0x00000000402f0400       0x9c
                0x00000000402f0400                . = ALIGN (0x4)
 *sbl_init_boot.o(.text)
 .text          0x00000000402f0400       0x9c /oe/bld/build-CORTEX_1/arago-tmp-external-arm-toolchain/work/am335x_evm-linux-gnueabi/starterware-rtos/02.01.01.12A-r0.0/git/binary/soc/lib/am335x-evm/a8/release/gcc/libsoc_boot.a(sbl_init_boot.o)
                0x00000000402f0400                Entry

.text           0x00000000402f04a0     0x72f8
                0x00000000402f04a0                . = ALIGN (0x4)
 *(.text*)
 .text.SBLCopyImage
                0x00000000402f04a0       0x18 /oe/bld/build-CORTEX_1/arago-tmp-external-arm-toolchain/work/am335x_evm-linux-gnueabi/starterware-rtos/02.01.01.12A-r0.0/git/binary/bootloader/obj/am335x-evm/a8host/release/gcc/boot_uart/sbl_copy_boot.o
                0x00000000402f04a0                SBLCopyImage
 .text.startup.main
                0x00000000402f04b8       0xb0 /oe/bld/build-CORTEX_1/arago-tmp-external-arm-toolchain/work/am335x_evm-linux-gnueabi/starterware-rtos/02.01.01.12A-r0.0/git/binary/bootloader/obj/am335x-evm/a8host/release/gcc/boot_uart/sbl_main_boot.o
                0x00000000402f04b8                main
 .text.GPIOAppInit
                0x00000000402f0568      0x178 /oe/bld/build-CORTEX_1/arago-tmp-external-arm-toolchain/work/am335x_evm-linux-gnueabi/starterware-rtos/02.01.01.12A-r0.0/git/binary/bootloader/obj/am335x-evm/a8host/release/gcc/boot_uart/gpio_app_boot.o
                0x00000000402f0568                GPIOAppInit
 .text.SBLUartCopy
                0x00000000402f06e0       0xa8 /oe/bld/build-CORTEX_1/arago-tmp-external-arm-toolchain/work/am335x_evm-linux-gnueabi/starterware-rtos/02.01.01.12A-r0.0/git/binary/bootloader/obj/am335x-evm/a8host/release/gcc/boot_uart/sbl_uart_boot.o
                0x00000000402f06e0                SBLUartCopy
 .text.SBLPlatformConfig
                0x00000000402f0788      0x114 /oe/bld/build-CORTEX_1/arago-tmp-external-arm-toolchain/work/am335x_evm-linux-gnueabi/starterware-rtos/02.01.01.12A-r0.0/git/binary/bootloader/obj/am335x-evm/a8host/release/gcc/boot_uart/sbl_am335x_platform_boot.o
                0x00000000402f0788                SBLPlatformConfig
 .text.SBLPlatformConfigPostBoot
                0x00000000402f089c        0x4 /oe/bld/build-CORTEX_1/arago-tmp-external-arm-toolchain/work/am335x_evm-linux-gnueabi/starterware-rtos/02.01.01.12A-r0.0/git/binary/bootloader/obj/am335x-evm/a8host/release/gcc/boot_uart/sbl_am335x_platform_boot.o
                0x00000000402f089c                SBLPlatformConfigPostBoot
 .text.SblPlatformDdrVttEnable
                0x00000000402f08a0      0x178 /oe/bld/build-CORTEX_1/arago-tmp-external-arm-toolchain/work/am335x_evm-linux-gnueabi/starterware-rtos/02.01.01.12A-r0.0/git/binary/bootloader/obj/am335x-evm/a8host/release/gcc/boot_uart/sbl_am335x_platform_ddr_boot.o
 .text.SBLPlatformDdrInit
                0x00000000402f0a18      0x7cc /oe/bld/build-CORTEX_1/arago-tmp-external-arm-toolchain/work/am335x_evm-linux-gnueabi/starterware-rtos/02.01.01.12A-r0.0/git/binary/bootloader/obj/am335x-evm/a8host/release/gcc/boot_uart/sbl_am335x_platform_ddr_boot.o
                0x00000000402f0a18                SBLPlatformDdrInit
 .text.SblPlatformPllCoreInit
                0x00000000402f11e4       0xe8 /oe/bld/build-CORTEX_1/arago-tmp-external-arm-toolchain/work/am335x_evm-linux-gnueabi/starterware-rtos/02.01.01.12A-r0.0/git/binary/bootloader/obj/am335x-evm/a8host/release/gcc/boot_uart/sbl_am335x_platform_pll_boot.o
                0x00000000402f11e4                SblPlatformPllCoreInit
 .text.SblPlatformPllDisplayInit
                0x00000000402f12cc       0xb4 /oe/bld/build-CORTEX_1/arago-tmp-external-arm-toolchain/work/am335x_evm-linux-gnueabi/starterware-rtos/02.01.01.12A-r0.0/git/binary/bootloader/obj/am335x-evm/a8host/release/gcc/boot_uart/sbl_am335x_platform_pll_boot.o
                0x00000000402f12cc                SblPlatformPllDisplayInit
 .text.SblPlatformPllPerInit
                0x00000000402f1380       0xb4 /oe/bld/build-CORTEX_1/arago-tmp-external-arm-toolchain/work/am335x_evm-linux-gnueabi/starterware-rtos/02.01.01.12A-r0.0/git/binary/bootloader/obj/am335x-evm/a8host/release/gcc/boot_uart/sbl_am335x_platform_pll_boot.o
                0x00000000402f1380                SblPlatformPllPerInit
 .text.SblPlatformPllDdrInit
                0x00000000402f1434       0xb4 /oe/bld/build-CORTEX_1/arago-tmp-external-arm-toolchain/work/am335x_evm-linux-gnueabi/starterware-rtos/02.01.01.12A-r0.0/git/binary/bootloader/obj/am335x-evm/a8host/release/gcc/boot_uart/sbl_am335x_platform_pll_boot.o
                0x00000000402f1434                SblPlatformPllDdrInit
 .text.SblPlatformPllMpuInit
                0x00000000402f14e8       0xb4 /oe/bld/build-CORTEX_1/arago-tmp-external-arm-toolchain/work/am335x_evm-linux-gnueabi/starterware-rtos/02.01.01.12A-r0.0/git/binary/bootloader/obj/am335x-evm/a8host/release/gcc/boot_uart/sbl_am335x_platform_pll_boot.o
                0x00000000402f14e8                SblPlatformPllMpuInit
 .text.SBLPlatformPllInit
                0x00000000402f159c      0x224 /oe/bld/build-CORTEX_1/arago-tmp-external-arm-toolchain/work/am335x_evm-linux-gnueabi/starterware-rtos/02.01.01.12A-r0.0/git/binary/bootloader/obj/am335x-evm/a8host/release/gcc/boot_uart/sbl_am335x_platform_pll_boot.o
                0x00000000402f159c                SBLPlatformPllInit
 .text.flushinput
                0x00000000402f17c0       0x3c /oe/bld/build-CORTEX_1/arago-tmp-external-arm-toolchain/work/am335x_evm-linux-gnueabi/starterware-rtos/02.01.01.12A-r0.0/git/binary/library/third_party/xmodem/lib/am335x-evm/a8/release/gcc/libxmodem_lib_boot.a(xmodem_boot.o)
 .text.xmodemConfigBaseAddr
                0x00000000402f17fc       0x10 /oe/bld/build-CORTEX_1/arago-tmp-external-arm-toolchain/work/am335x_evm-linux-gnueabi/starterware-rtos/02.01.01.12A-r0.0/git/binary/library/third_party/xmodem/lib/am335x-evm/a8/release/gcc/libxmodem_lib_boot.a(xmodem_boot.o)
                0x00000000402f17fc                xmodemConfigBaseAddr
 .text.xmodemReceive
                0x00000000402f180c      0x3dc /oe/bld/build-CORTEX_1/arago-tmp-external-arm-toolchain/work/am335x_evm-linux-gnueabi/starterware-rtos/02.01.01.12A-r0.0/git/binary/library/third_party/xmodem/lib/am335x-evm/a8/release/gcc/libxmodem_lib_boot.a(xmodem_boot.o)
                0x00000000402f180c                xmodemReceive
 .text.crc16_ccitt
                0x00000000402f1be8       0x44 /oe/bld/build-CORTEX_1/arago-tmp-external-arm-toolchain/work/am335x_evm-linux-gnueabi/starterware-rtos/02.01.01.12A-r0.0/git/binary/library/third_party/xmodem/lib/am335x-evm/a8/release/gcc/libxmodem_lib_boot.a(crc16_boot.o)
                0x00000000402f1be8                crc16_ccitt
 .text.BOARDInit
                0x00000000402f1c2c       0x98 /oe/bld/build-CORTEX_1/arago-tmp-external-arm-toolchain/work/am335x_evm-linux-gnueabi/starterware-rtos/02.01.01.12A-r0.0/git/binary/board/lib/am335x-evm/a8/release/gcc/libboard_boot.a(board_boot.o)
                0x00000000402f1c2c                BOARDInit
 .text.BOARDGetId
                0x00000000402f1cc4       0x70 /oe/bld/build-CORTEX_1/arago-tmp-external-arm-toolchain/work/am335x_evm-linux-gnueabi/starterware-rtos/02.01.01.12A-r0.0/git/binary/board/lib/am335x-evm/a8/release/gcc/libboard_boot.a(board_boot.o)
                0x00000000402f1cc4                BOARDGetId
 .text.BOARDGetBoardName
                0x00000000402f1d34       0x60 /oe/bld/build-CORTEX_1/arago-tmp-external-arm-toolchain/work/am335x_evm-linux-gnueabi/starterware-rtos/02.01.01.12A-r0.0/git/binary/board/lib/am335x-evm/a8/release/gcc/libboard_boot.a(board_boot.o)
                0x00000000402f1d34                BOARDGetBoardName
 .text.BOARDGetData
                0x00000000402f1d94       0x30 /oe/bld/build-CORTEX_1/arago-tmp-external-arm-toolchain/work/am335x_evm-linux-gnueabi/starterware-rtos/02.01.01.12A-r0.0/git/binary/board/lib/am335x-evm/a8/release/gcc/libboard_boot.a(board_boot.o)
                0x00000000402f1d94                BOARDGetData
 .text.BOARDGetDeviceCtrlModId
                0x00000000402f1dc4      0x134 /oe/bld/build-CORTEX_1/arago-tmp-external-arm-toolchain/work/am335x_evm-linux-gnueabi/starterware-rtos/02.01.01.12A-r0.0/git/binary/board/lib/am335x-evm/a8/release/gcc/libboard_boot.a(board_boot.o)
                0x00000000402f1dc4                BOARDGetDeviceCtrlModId
 .text.BOARDGetDeviceCtrlModInstNum
                0x00000000402f1ef8       0xa0 /oe/bld/build-CORTEX_1/arago-tmp-external-arm-toolchain/work/am335x_evm-linux-gnueabi/starterware-rtos/02.01.01.12A-r0.0/git/binary/board/lib/am335x-evm/a8/release/gcc/libboard_boot.a(board_boot.o)
                0x00000000402f1ef8                BOARDGetDeviceCtrlModInstNum
 .text.BOARDGetDeviceCtrlInfo
                0x00000000402f1f98       0x88 /oe/bld/build-CORTEX_1/arago-tmp-external-arm-toolchain/work/am335x_evm-linux-gnueabi/starterware-rtos/02.01.01.12A-r0.0/git/binary/board/lib/am335x-evm/a8/release/gcc/libboard_boot.a(board_boot.o)
                0x00000000402f1f98                BOARDGetDeviceCtrlInfo
 .text.BOARDPrintInfo
                0x00000000402f2020       0x98 /oe/bld/build-CORTEX_1/arago-tmp-external-arm-toolchain/work/am335x_evm-linux-gnueabi/starterware-rtos/02.01.01.12A-r0.0/git/binary/board/lib/am335x-evm/a8/release/gcc/libboard_boot.a(board_boot.o)
                0x00000000402f2020                BOARDPrintInfo
 .text.DCARDGetData
                0x00000000402f20b8       0x40 /oe/bld/build-CORTEX_1/arago-tmp-external-arm-toolchain/work/am335x_evm-linux-gnueabi/starterware-rtos/02.01.01.12A-r0.0/git/binary/board/lib/am335x-evm/a8/release/gcc/libboard_boot.a(dcard_boot.o)
                0x00000000402f20b8                DCARDGetData
 .text.DCARDIsDevPresent
                0x00000000402f20f8       0x68 /oe/bld/build-CORTEX_1/arago-tmp-external-arm-toolchain/work/am335x_evm-linux-gnueabi/starterware-rtos/02.01.01.12A-r0.0/git/binary/board/lib/am335x-evm/a8/release/gcc/libboard_boot.a(dcard_boot.o)
                0x00000000402f20f8                DCARDIsDevPresent
 .text.DCARDGetDeviceCtrlModId
                0x00000000402f2160       0x80 /oe/bld/build-CORTEX_1/arago-tmp-external-arm-toolchain/work/am335x_evm-linux-gnueabi/starterware-rtos/02.01.01.12A-r0.0/git/binary/board/lib/am335x-evm/a8/release/gcc/libboard_boot.a(dcard_boot.o)
                0x00000000402f2160                DCARDGetDeviceCtrlModId
 .text.DCARDGetRevStr
                0x00000000402f21e0       0x18 /oe/bld/build-CORTEX_1/arago-tmp-external-arm-toolchain/work/am335x_evm-linux-gnueabi/starterware-rtos/02.01.01.12A-r0.0/git/binary/board/lib/am335x-evm/a8/release/gcc/libboard_boot.a(dcard_boot.o)
                0x00000000402f21e0                DCARDGetRevStr
 .text.DCARDGetRevTable
                0x00000000402f21f8       0x18 /oe/bld/build-CORTEX_1/arago-tmp-external-arm-toolchain/work/am335x_evm-linux-gnueabi/starterware-rtos/02.01.01.12A-r0.0/git/binary/board/lib/am335x-evm/a8/release/gcc/libboard_boot.a(dcard_boot.o)
                0x00000000402f21f8                DCARDGetRevTable
 .text.PLATFORMGetId
                0x00000000402f2210        0x8 /oe/bld/build-CORTEX_1/arago-tmp-external-arm-toolchain/work/am335x_evm-linux-gnueabi/starterware-rtos/02.01.01.12A-r0.0/git/binary/board/lib/am335x-evm/a8/release/gcc/libboard_boot.a(platform_boot.o)
                0x00000000402f2210                PLATFORMGetId
 .text.PINMUXModuleConfig
                0x00000000402f2218      0x15c /oe/bld/build-CORTEX_1/arago-tmp-external-arm-toolchain/work/am335x_evm-linux-gnueabi/starterware-rtos/02.01.01.12A-r0.0/git/binary/board/lib/am335x-evm/a8/release/gcc/libboard_boot.a(pinmux_boot.o)
                0x00000000402f2218                PINMUXModuleConfig
 .text.BoardAm335xInit
                0x00000000402f2374       0x80 /oe/bld/build-CORTEX_1/arago-tmp-external-arm-toolchain/work/am335x_evm-linux-gnueabi/starterware-rtos/02.01.01.12A-r0.0/git/binary/board/lib/am335x-evm/a8/release/gcc/libboard_boot.a(board_am335x_boot.o)
                0x00000000402f2374                BoardAm335xInit
 .text.BoardGetIdAm335x
                0x00000000402f23f4      0x268 /oe/bld/build-CORTEX_1/arago-tmp-external-arm-toolchain/work/am335x_evm-linux-gnueabi/starterware-rtos/02.01.01.12A-r0.0/git/binary/board/lib/am335x-evm/a8/release/gcc/libboard_boot.a(board_am335x_boot.o)
                0x00000000402f23f4                BoardGetIdAm335x
 .text.BoardGetBaseBoardRevAm335x
                0x00000000402f265c       0xa8 /oe/bld/build-CORTEX_1/arago-tmp-external-arm-toolchain/work/am335x_evm-linux-gnueabi/starterware-rtos/02.01.01.12A-r0.0/git/binary/board/lib/am335x-evm/a8/release/gcc/libboard_boot.a(board_am335x_boot.o)
                0x00000000402f265c                BoardGetBaseBoardRevAm335x
 .text.BoardGetBaseBoardRevNameAm335x
                0x00000000402f2704       0x34 /oe/bld/build-CORTEX_1/arago-tmp-external-arm-toolchain/work/am335x_evm-linux-gnueabi/starterware-rtos/02.01.01.12A-r0.0/git/binary/board/lib/am335x-evm/a8/release/gcc/libboard_boot.a(board_am335x_boot.o)
                0x00000000402f2704                BoardGetBaseBoardRevNameAm335x
 .text.BoardGetDcRevNameAm335x
                0x00000000402f2738       0x3c /oe/bld/build-CORTEX_1/arago-tmp-external-arm-toolchain/work/am335x_evm-linux-gnueabi/starterware-rtos/02.01.01.12A-r0.0/git/binary/board/lib/am335x-evm/a8/release/gcc/libboard_boot.a(board_am335x_boot.o)
                0x00000000402f2738                BoardGetDcRevNameAm335x
 .text.BoardGetDataAm335x
                0x00000000402f2774       0x20 /oe/bld/build-CORTEX_1/arago-tmp-external-arm-toolchain/work/am335x_evm-linux-gnueabi/starterware-rtos/02.01.01.12A-r0.0/git/binary/board/lib/am335x-evm/a8/release/gcc/libboard_boot.a(board_am335x_boot.o)
                0x00000000402f2774                BoardGetDataAm335x
 .text.DCardAm335xGetDCardList
                0x00000000402f2794        0xc /oe/bld/build-CORTEX_1/arago-tmp-external-arm-toolchain/work/am335x_evm-linux-gnueabi/starterware-rtos/02.01.01.12A-r0.0/git/binary/board/lib/am335x-evm/a8/release/gcc/libboard_boot.a(dcard_am335x_boot.o)
                0x00000000402f2794                DCardAm335xGetDCardList
 .text.BoardAm335xGpevmGetLcdDevData
                0x00000000402f27a0       0x1c /oe/bld/build-CORTEX_1/arago-tmp-external-arm-toolchain/work/am335x_evm-linux-gnueabi/starterware-rtos/02.01.01.12A-r0.0/git/binary/board/lib/am335x-evm/a8/release/gcc/libboard_boot.a(am335x_gpevm_boot.o)
                0x00000000402f27a0                BoardAm335xGpevmGetLcdDevData
 .text.BoardAm335xBBBGetLcdDevData
                0x00000000402f27bc       0x20 /oe/bld/build-CORTEX_1/arago-tmp-external-arm-toolchain/work/am335x_evm-linux-gnueabi/starterware-rtos/02.01.01.12A-r0.0/git/binary/board/lib/am335x-evm/a8/release/gcc/libboard_boot.a(am335x_beagleboneblack_boot.o)
                0x00000000402f27bc                BoardAm335xBBBGetLcdDevData
 .text.BoardAm335xBBBGpioCfg
                0x00000000402f27dc       0x98 /oe/bld/build-CORTEX_1/arago-tmp-external-arm-toolchain/work/am335x_evm-linux-gnueabi/starterware-rtos/02.01.01.12A-r0.0/git/binary/board/lib/am335x-evm/a8/release/gcc/libboard_boot.a(am335x_beagleboneblack_boot.o)
                0x00000000402f27dc                BoardAm335xBBBGpioCfg
 .text.BoardAm335xBBBLcdBacklightEnable.part.0
                0x00000000402f2874       0x80 /oe/bld/build-CORTEX_1/arago-tmp-external-arm-toolchain/work/am335x_evm-linux-gnueabi/starterware-rtos/02.01.01.12A-r0.0/git/binary/board/lib/am335x-evm/a8/release/gcc/libboard_boot.a(am335x_beagleboneblack_boot.o)
 .text.BoardAm335xBBBLcdAvddEnable
                0x00000000402f28f4       0x58 /oe/bld/build-CORTEX_1/arago-tmp-external-arm-toolchain/work/am335x_evm-linux-gnueabi/starterware-rtos/02.01.01.12A-r0.0/git/binary/board/lib/am335x-evm/a8/release/gcc/libboard_boot.a(am335x_beagleboneblack_boot.o)
                0x00000000402f28f4                BoardAm335xBBBLcdAvddEnable
 .text.BoardAm335xBBBLcdBacklightEnable
                0x00000000402f294c       0x58 /oe/bld/build-CORTEX_1/arago-tmp-external-arm-toolchain/work/am335x_evm-linux-gnueabi/starterware-rtos/02.01.01.12A-r0.0/git/binary/board/lib/am335x-evm/a8/release/gcc/libboard_boot.a(am335x_beagleboneblack_boot.o)
                0x00000000402f294c                BoardAm335xBBBLcdBacklightEnable
 .text.BoardAm335xBBBPowerOnDCardDev
                0x00000000402f29a4       0x9c /oe/bld/build-CORTEX_1/arago-tmp-external-arm-toolchain/work/am335x_evm-linux-gnueabi/starterware-rtos/02.01.01.12A-r0.0/git/binary/board/lib/am335x-evm/a8/release/gcc/libboard_boot.a(am335x_beagleboneblack_boot.o)
                0x00000000402f29a4                BoardAm335xBBBPowerOnDCardDev
 .text.DCardAm335xLCD4GetEepromOffset
                0x00000000402f2a40       0x1c /oe/bld/build-CORTEX_1/arago-tmp-external-arm-toolchain/work/am335x_evm-linux-gnueabi/starterware-rtos/02.01.01.12A-r0.0/git/binary/board/lib/am335x-evm/a8/release/gcc/libboard_boot.a(am335x_lcd4_dcard_boot.o)
                0x00000000402f2a40                DCardAm335xLCD4GetEepromOffset
 .text.DCardAm335xLCD4GetEepromOffsetSize
                0x00000000402f2a5c        0x8 /oe/bld/build-CORTEX_1/arago-tmp-external-arm-toolchain/work/am335x_evm-linux-gnueabi/starterware-rtos/02.01.01.12A-r0.0/git/binary/board/lib/am335x-evm/a8/release/gcc/libboard_boot.a(am335x_lcd4_dcard_boot.o)
                0x00000000402f2a5c                DCardAm335xLCD4GetEepromOffsetSize
 .text.CONSOLEUtilsInit
                0x00000000402f2a64        0xc /oe/bld/build-CORTEX_1/arago-tmp-external-arm-toolchain/work/am335x_evm-linux-gnueabi/starterware-rtos/02.01.01.12A-r0.0/git/binary/utils/lib/am335x-evm/a8/release/gcc/libutils_boot.a(console_utils_boot.o)
                0x00000000402f2a64                CONSOLEUtilsInit
 .text.CONSOLEUtilsSetType
                0x00000000402f2a70       0x40 /oe/bld/build-CORTEX_1/arago-tmp-external-arm-toolchain/work/am335x_evm-linux-gnueabi/starterware-rtos/02.01.01.12A-r0.0/git/binary/utils/lib/am335x-evm/a8/release/gcc/libutils_boot.a(console_utils_boot.o)
                0x00000000402f2a70                CONSOLEUtilsSetType
 .text.CONSOLEUtilsPuts
                0x00000000402f2ab0       0x40 /oe/bld/build-CORTEX_1/arago-tmp-external-arm-toolchain/work/am335x_evm-linux-gnueabi/starterware-rtos/02.01.01.12A-r0.0/git/binary/utils/lib/am335x-evm/a8/release/gcc/libutils_boot.a(console_utils_boot.o)
                0x00000000402f2ab0                CONSOLEUtilsPuts
 .text.CONSOLEUtilsPrintf
                0x00000000402f2af0       0x64 /oe/bld/build-CORTEX_1/arago-tmp-external-arm-toolchain/work/am335x_evm-linux-gnueabi/starterware-rtos/02.01.01.12A-r0.0/git/binary/utils/lib/am335x-evm/a8/release/gcc/libutils_boot.a(console_utils_boot.o)
                0x00000000402f2af0                CONSOLEUtilsPrintf
 .text.I2cUtilsStatusCheck.isra.1
                0x00000000402f2b54       0xb8 /oe/bld/build-CORTEX_1/arago-tmp-external-arm-toolchain/work/am335x_evm-linux-gnueabi/starterware-rtos/02.01.01.12A-r0.0/git/binary/utils/lib/am335x-evm/a8/release/gcc/libutils_boot.a(i2c_utils_boot.o)
 .text.I2cUtilsTransceive
                0x00000000402f2c0c      0x5a0 /oe/bld/build-CORTEX_1/arago-tmp-external-arm-toolchain/work/am335x_evm-linux-gnueabi/starterware-rtos/02.01.01.12A-r0.0/git/binary/utils/lib/am335x-evm/a8/release/gcc/libutils_boot.a(i2c_utils_boot.o)
 .text.I2CUtilsRead
                0x00000000402f31ac       0xb0 /oe/bld/build-CORTEX_1/arago-tmp-external-arm-toolchain/work/am335x_evm-linux-gnueabi/starterware-rtos/02.01.01.12A-r0.0/git/binary/utils/lib/am335x-evm/a8/release/gcc/libutils_boot.a(i2c_utils_boot.o)
                0x00000000402f31ac                I2CUtilsRead
 .text.I2C1ModuleClkConfig
                0x00000000402f325c       0x64 /oe/bld/build-CORTEX_1/arago-tmp-external-arm-toolchain/work/am335x_evm-linux-gnueabi/starterware-rtos/02.01.01.12A-r0.0/git/binary/utils/lib/am335x-evm/a8/release/gcc/libutils_boot.a(i2c_utils_boot.o)
                0x00000000402f325c                I2C1ModuleClkConfig
 .text.I2C0ModuleClkConfig
                0x00000000402f32c0       0x7c /oe/bld/build-CORTEX_1/arago-tmp-external-arm-toolchain/work/am335x_evm-linux-gnueabi/starterware-rtos/02.01.01.12A-r0.0/git/binary/utils/lib/am335x-evm/a8/release/gcc/libutils_boot.a(i2c_utils_boot.o)
                0x00000000402f32c0                I2C0ModuleClkConfig
 .text.I2C2ModuleClkConfig
                0x00000000402f333c       0x90 /oe/bld/build-CORTEX_1/arago-tmp-external-arm-toolchain/work/am335x_evm-linux-gnueabi/starterware-rtos/02.01.01.12A-r0.0/git/binary/utils/lib/am335x-evm/a8/release/gcc/libutils_boot.a(i2c_utils_boot.o)
                0x00000000402f333c                I2C2ModuleClkConfig
 .text.I2CUtilsInit
                0x00000000402f33cc      0x270 /oe/bld/build-CORTEX_1/arago-tmp-external-arm-toolchain/work/am335x_evm-linux-gnueabi/starterware-rtos/02.01.01.12A-r0.0/git/binary/utils/lib/am335x-evm/a8/release/gcc/libutils_boot.a(i2c_utils_boot.o)
                0x00000000402f33cc                I2CUtilsInit
 .text.CONSOLEUtilsUartInit
                0x00000000402f363c      0x190 /oe/bld/build-CORTEX_1/arago-tmp-external-arm-toolchain/work/am335x_evm-linux-gnueabi/starterware-rtos/02.01.01.12A-r0.0/git/binary/utils/lib/am335x-evm/a8/release/gcc/libutils_boot.a(console_utils_uart_boot.o)
                0x00000000402f363c                CONSOLEUtilsUartInit
 .text.CONSOLEUtilsUartPutChar
                0x00000000402f37cc       0xd8 /oe/bld/build-CORTEX_1/arago-tmp-external-arm-toolchain/work/am335x_evm-linux-gnueabi/starterware-rtos/02.01.01.12A-r0.0/git/binary/utils/lib/am335x-evm/a8/release/gcc/libutils_boot.a(console_utils_uart_boot.o)
                0x00000000402f37cc                CONSOLEUtilsUartPutChar
 .text.CONSOLEUtilsUartPutStr
                0x00000000402f38a4       0x40 /oe/bld/build-CORTEX_1/arago-tmp-external-arm-toolchain/work/am335x_evm-linux-gnueabi/starterware-rtos/02.01.01.12A-r0.0/git/binary/utils/lib/am335x-evm/a8/release/gcc/libutils_boot.a(console_utils_uart_boot.o)
                0x00000000402f38a4                CONSOLEUtilsUartPutStr
 .text.CONSOLEUtilsUartPrintFmt
                0x00000000402f38e4      0xe40 /oe/bld/build-CORTEX_1/arago-tmp-external-arm-toolchain/work/am335x_evm-linux-gnueabi/starterware-rtos/02.01.01.12A-r0.0/git/binary/utils/lib/am335x-evm/a8/release/gcc/libutils_boot.a(console_utils_uart_boot.o)
                0x00000000402f38e4                CONSOLEUtilsUartPrintFmt
 .text.SOCGetSocFamilyId
                0x00000000402f4724        0x8 /oe/bld/build-CORTEX_1/arago-tmp-external-arm-toolchain/work/am335x_evm-linux-gnueabi/starterware-rtos/02.01.01.12A-r0.0/git/binary/soc/lib/am335x-evm/a8/release/gcc/libsoc_boot.a(soc_boot.o)
                0x00000000402f4724                SOCGetSocFamilyId
 .text.SOCPrintInfo
                0x00000000402f472c       0x3c /oe/bld/build-CORTEX_1/arago-tmp-external-arm-toolchain/work/am335x_evm-linux-gnueabi/starterware-rtos/02.01.01.12A-r0.0/git/binary/soc/lib/am335x-evm/a8/release/gcc/libsoc_boot.a(soc_boot.o)
                0x00000000402f472c                SOCPrintInfo
 .text.CHIPDBIsResourcePresent
                0x00000000402f4768       0xa4 /oe/bld/build-CORTEX_1/arago-tmp-external-arm-toolchain/work/am335x_evm-linux-gnueabi/starterware-rtos/02.01.01.12A-r0.0/git/binary/soc/lib/am335x-evm/a8/release/gcc/libsoc_boot.a(am335x_chipdb_boot.o)
                0x00000000402f4768                CHIPDBIsResourcePresent
 .text.CHIPDBBaseAddress
                0x00000000402f480c       0x38 /oe/bld/build-CORTEX_1/arago-tmp-external-arm-toolchain/work/am335x_evm-linux-gnueabi/starterware-rtos/02.01.01.12A-r0.0/git/binary/soc/lib/am335x-evm/a8/release/gcc/libsoc_boot.a(am335x_chipdb_boot.o)
                0x00000000402f480c                CHIPDBBaseAddress
 .text.CHIPDBIsSecureModule
                0x00000000402f4844       0x2c /oe/bld/build-CORTEX_1/arago-tmp-external-arm-toolchain/work/am335x_evm-linux-gnueabi/starterware-rtos/02.01.01.12A-r0.0/git/binary/soc/lib/am335x-evm/a8/release/gcc/libsoc_boot.a(hw_am335x_chipdb_boot.o)
                0x00000000402f4844                CHIPDBIsSecureModule
 .text.enableModule
                0x00000000402f4870       0x4c /oe/bld/build-CORTEX_1/arago-tmp-external-arm-toolchain/work/am335x_evm-linux-gnueabi/starterware-rtos/02.01.01.12A-r0.0/git/binary/soc/lib/am335x-evm/a8/release/gcc/libsoc_boot.a(am335x_prcm_boot.o)
                0x00000000402f4870                enableModule
 .text.PRCMModuleEnable
                0x00000000402f48bc      0x644 /oe/bld/build-CORTEX_1/arago-tmp-external-arm-toolchain/work/am335x_evm-linux-gnueabi/starterware-rtos/02.01.01.12A-r0.0/git/binary/soc/lib/am335x-evm/a8/release/gcc/libsoc_boot.a(am335x_prcm_boot.o)
                0x00000000402f48bc                PRCMModuleEnable
 .text.I2CClkConfig
                0x00000000402f4f00       0x60 /oe/bld/build-CORTEX_1/arago-tmp-external-arm-toolchain/work/am335x_evm-linux-gnueabi/starterware-rtos/02.01.01.12A-r0.0/git/binary/dal/lib/am335x-evm/a8/release/gcc/libdal_boot.a(i2c_boot.o)
                0x00000000402f4f00                I2CClkConfig
 .text.I2CModuleEnable
                0x00000000402f4f60       0x24 /oe/bld/build-CORTEX_1/arago-tmp-external-arm-toolchain/work/am335x_evm-linux-gnueabi/starterware-rtos/02.01.01.12A-r0.0/git/binary/dal/lib/am335x-evm/a8/release/gcc/libdal_boot.a(i2c_boot.o)
                0x00000000402f4f60                I2CModuleEnable
 .text.I2CSetMode
                0x00000000402f4f84       0x38 /oe/bld/build-CORTEX_1/arago-tmp-external-arm-toolchain/work/am335x_evm-linux-gnueabi/starterware-rtos/02.01.01.12A-r0.0/git/binary/dal/lib/am335x-evm/a8/release/gcc/libdal_boot.a(i2c_boot.o)
                0x00000000402f4f84                I2CSetMode
 .text.I2CStart
                0x00000000402f4fbc       0x1c /oe/bld/build-CORTEX_1/arago-tmp-external-arm-toolchain/work/am335x_evm-linux-gnueabi/starterware-rtos/02.01.01.12A-r0.0/git/binary/dal/lib/am335x-evm/a8/release/gcc/libdal_boot.a(i2c_boot.o)
                0x00000000402f4fbc                I2CStart
 .text.I2CStop  0x00000000402f4fd8       0x1c /oe/bld/build-CORTEX_1/arago-tmp-external-arm-toolchain/work/am335x_evm-linux-gnueabi/starterware-rtos/02.01.01.12A-r0.0/git/binary/dal/lib/am335x-evm/a8/release/gcc/libdal_boot.a(i2c_boot.o)
                0x00000000402f4fd8                I2CStop
 .text.I2CIntrDisable
                0x00000000402f4ff4        0xc /oe/bld/build-CORTEX_1/arago-tmp-external-arm-toolchain/work/am335x_evm-linux-gnueabi/starterware-rtos/02.01.01.12A-r0.0/git/binary/dal/lib/am335x-evm/a8/release/gcc/libdal_boot.a(i2c_boot.o)
                0x00000000402f4ff4                I2CIntrDisable
 .text.I2CIntrRawStatus
                0x00000000402f5000        0xc /oe/bld/build-CORTEX_1/arago-tmp-external-arm-toolchain/work/am335x_evm-linux-gnueabi/starterware-rtos/02.01.01.12A-r0.0/git/binary/dal/lib/am335x-evm/a8/release/gcc/libdal_boot.a(i2c_boot.o)
                0x00000000402f5000                I2CIntrRawStatus
 .text.I2CIntrClear
                0x00000000402f500c        0xc /oe/bld/build-CORTEX_1/arago-tmp-external-arm-toolchain/work/am335x_evm-linux-gnueabi/starterware-rtos/02.01.01.12A-r0.0/git/binary/dal/lib/am335x-evm/a8/release/gcc/libdal_boot.a(i2c_boot.o)
                0x00000000402f500c                I2CIntrClear
 .text.I2CMasterSetSlaveAddr
                0x00000000402f5018       0x2c /oe/bld/build-CORTEX_1/arago-tmp-external-arm-toolchain/work/am335x_evm-linux-gnueabi/starterware-rtos/02.01.01.12A-r0.0/git/binary/dal/lib/am335x-evm/a8/release/gcc/libdal_boot.a(i2c_boot.o)
                0x00000000402f5018                I2CMasterSetSlaveAddr
 .text.I2CSetDataCount
                0x00000000402f5044       0x1c /oe/bld/build-CORTEX_1/arago-tmp-external-arm-toolchain/work/am335x_evm-linux-gnueabi/starterware-rtos/02.01.01.12A-r0.0/git/binary/dal/lib/am335x-evm/a8/release/gcc/libdal_boot.a(i2c_boot.o)
                0x00000000402f5044                I2CSetDataCount
 .text.I2CGetDataCount
                0x00000000402f5060       0x10 /oe/bld/build-CORTEX_1/arago-tmp-external-arm-toolchain/work/am335x_evm-linux-gnueabi/starterware-rtos/02.01.01.12A-r0.0/git/binary/dal/lib/am335x-evm/a8/release/gcc/libdal_boot.a(i2c_boot.o)
                0x00000000402f5060                I2CGetDataCount
 .text.I2CFifoThresholdConfig
                0x00000000402f5070       0x28 /oe/bld/build-CORTEX_1/arago-tmp-external-arm-toolchain/work/am335x_evm-linux-gnueabi/starterware-rtos/02.01.01.12A-r0.0/git/binary/dal/lib/am335x-evm/a8/release/gcc/libdal_boot.a(i2c_boot.o)
                0x00000000402f5070                I2CFifoThresholdConfig
 .text.I2CFifoFlush
                0x00000000402f5098       0x58 /oe/bld/build-CORTEX_1/arago-tmp-external-arm-toolchain/work/am335x_evm-linux-gnueabi/starterware-rtos/02.01.01.12A-r0.0/git/binary/dal/lib/am335x-evm/a8/release/gcc/libdal_boot.a(i2c_boot.o)
                0x00000000402f5098                I2CFifoFlush
 .text.I2CBufStatus
                0x00000000402f50f0       0x3c /oe/bld/build-CORTEX_1/arago-tmp-external-arm-toolchain/work/am335x_evm-linux-gnueabi/starterware-rtos/02.01.01.12A-r0.0/git/binary/dal/lib/am335x-evm/a8/release/gcc/libdal_boot.a(i2c_boot.o)
                0x00000000402f50f0                I2CBufStatus
 .text.I2CSoftReset
                0x00000000402f512c       0x1c /oe/bld/build-CORTEX_1/arago-tmp-external-arm-toolchain/work/am335x_evm-linux-gnueabi/starterware-rtos/02.01.01.12A-r0.0/git/binary/dal/lib/am335x-evm/a8/release/gcc/libdal_boot.a(i2c_boot.o)
                0x00000000402f512c                I2CSoftReset
 .text.I2CAutoIdleEnable
                0x00000000402f5148       0x24 /oe/bld/build-CORTEX_1/arago-tmp-external-arm-toolchain/work/am335x_evm-linux-gnueabi/starterware-rtos/02.01.01.12A-r0.0/git/binary/dal/lib/am335x-evm/a8/release/gcc/libdal_boot.a(i2c_boot.o)
                0x00000000402f5148                I2CAutoIdleEnable
 .text.I2CSystemStatus
                0x00000000402f516c       0x10 /oe/bld/build-CORTEX_1/arago-tmp-external-arm-toolchain/work/am335x_evm-linux-gnueabi/starterware-rtos/02.01.01.12A-r0.0/git/binary/dal/lib/am335x-evm/a8/release/gcc/libdal_boot.a(i2c_boot.o)
                0x00000000402f516c                I2CSystemStatus
 .text.I2CPutTxData
                0x00000000402f517c        0xc /oe/bld/build-CORTEX_1/arago-tmp-external-arm-toolchain/work/am335x_evm-linux-gnueabi/starterware-rtos/02.01.01.12A-r0.0/git/binary/dal/lib/am335x-evm/a8/release/gcc/libdal_boot.a(i2c_boot.o)
                0x00000000402f517c                I2CPutTxData
 .text.I2CGetRxData
                0x00000000402f5188       0x10 /oe/bld/build-CORTEX_1/arago-tmp-external-arm-toolchain/work/am335x_evm-linux-gnueabi/starterware-rtos/02.01.01.12A-r0.0/git/binary/dal/lib/am335x-evm/a8/release/gcc/libdal_boot.a(i2c_boot.o)
                0x00000000402f5188                I2CGetRxData
 .text.UARTModuleReset
                0x00000000402f5198       0x34 /oe/bld/build-CORTEX_1/arago-tmp-external-arm-toolchain/work/am335x_evm-linux-gnueabi/starterware-rtos/02.01.01.12A-r0.0/git/binary/dal/lib/am335x-evm/a8/release/gcc/libdal_boot.a(uart_boot.o)
                0x00000000402f5198                UARTModuleReset
 .text.UARTSetBaudRate
                0x00000000402f51cc      0x1cc /oe/bld/build-CORTEX_1/arago-tmp-external-arm-toolchain/work/am335x_evm-linux-gnueabi/starterware-rtos/02.01.01.12A-r0.0/git/binary/dal/lib/am335x-evm/a8/release/gcc/libdal_boot.a(uart_boot.o)
                0x00000000402f51cc                UARTSetBaudRate
 .text.UARTLineCharacteristicConfig
                0x00000000402f5398       0x88 /oe/bld/build-CORTEX_1/arago-tmp-external-arm-toolchain/work/am335x_evm-linux-gnueabi/starterware-rtos/02.01.01.12A-r0.0/git/binary/dal/lib/am335x-evm/a8/release/gcc/libdal_boot.a(uart_boot.o)
                0x00000000402f5398                UARTLineCharacteristicConfig
 .text.UARTFifoConfig
                0x00000000402f5420      0x24c /oe/bld/build-CORTEX_1/arago-tmp-external-arm-toolchain/work/am335x_evm-linux-gnueabi/starterware-rtos/02.01.01.12A-r0.0/git/binary/dal/lib/am335x-evm/a8/release/gcc/libdal_boot.a(uart_boot.o)
                0x00000000402f5420                UARTFifoConfig
 .text.UARTBreakCtrlEnable
                0x00000000402f566c       0x2c /oe/bld/build-CORTEX_1/arago-tmp-external-arm-toolchain/work/am335x_evm-linux-gnueabi/starterware-rtos/02.01.01.12A-r0.0/git/binary/dal/lib/am335x-evm/a8/release/gcc/libdal_boot.a(uart_boot.o)
                0x00000000402f566c                UARTBreakCtrlEnable
 .text.UARTGetChar
                0x00000000402f5698       0xd8 /oe/bld/build-CORTEX_1/arago-tmp-external-arm-toolchain/work/am335x_evm-linux-gnueabi/starterware-rtos/02.01.01.12A-r0.0/git/binary/dal/lib/am335x-evm/a8/release/gcc/libdal_boot.a(uart_boot.o)
                0x00000000402f5698                UARTGetChar
 .text.UARTPutChar
                0x00000000402f5770       0xcc /oe/bld/build-CORTEX_1/arago-tmp-external-arm-toolchain/work/am335x_evm-linux-gnueabi/starterware-rtos/02.01.01.12A-r0.0/git/binary/dal/lib/am335x-evm/a8/release/gcc/libdal_boot.a(uart_boot.o)
                0x00000000402f5770                UARTPutChar
 .text.GPIOModuleEnable
                0x00000000402f583c       0x24 /oe/bld/build-CORTEX_1/arago-tmp-external-arm-toolchain/work/am335x_evm-linux-gnueabi/starterware-rtos/02.01.01.12A-r0.0/git/binary/dal/lib/am335x-evm/a8/release/gcc/libdal_boot.a(gpio_boot.o)
                0x00000000402f583c                GPIOModuleEnable
 .text.GPIOSetDirMode
                0x00000000402f5860       0x28 /oe/bld/build-CORTEX_1/arago-tmp-external-arm-toolchain/work/am335x_evm-linux-gnueabi/starterware-rtos/02.01.01.12A-r0.0/git/binary/dal/lib/am335x-evm/a8/release/gcc/libdal_boot.a(gpio_boot.o)
                0x00000000402f5860                GPIOSetDirMode
 .text.GPIOPinWrite
                0x00000000402f5888       0x1c /oe/bld/build-CORTEX_1/arago-tmp-external-arm-toolchain/work/am335x_evm-linux-gnueabi/starterware-rtos/02.01.01.12A-r0.0/git/binary/dal/lib/am335x-evm/a8/release/gcc/libdal_boot.a(gpio_boot.o)
                0x00000000402f5888                GPIOPinWrite
 .text.GPIOSetIntrType
                0x00000000402f58a4      0x270 /oe/bld/build-CORTEX_1/arago-tmp-external-arm-toolchain/work/am335x_evm-linux-gnueabi/starterware-rtos/02.01.01.12A-r0.0/git/binary/dal/lib/am335x-evm/a8/release/gcc/libdal_boot.a(gpio_boot.o)
                0x00000000402f58a4                GPIOSetIntrType
 .text.GPIOIntrEnable
                0x00000000402f5b14       0x18 /oe/bld/build-CORTEX_1/arago-tmp-external-arm-toolchain/work/am335x_evm-linux-gnueabi/starterware-rtos/02.01.01.12A-r0.0/git/binary/dal/lib/am335x-evm/a8/release/gcc/libdal_boot.a(gpio_boot.o)
                0x00000000402f5b14                GPIOIntrEnable
 .text.GPIOIntrDisable
                0x00000000402f5b2c       0x18 /oe/bld/build-CORTEX_1/arago-tmp-external-arm-toolchain/work/am335x_evm-linux-gnueabi/starterware-rtos/02.01.01.12A-r0.0/git/binary/dal/lib/am335x-evm/a8/release/gcc/libdal_boot.a(gpio_boot.o)
                0x00000000402f5b2c                GPIOIntrDisable
 .text.GPIOWakeupIntrEnable
                0x00000000402f5b44       0x48 /oe/bld/build-CORTEX_1/arago-tmp-external-arm-toolchain/work/am335x_evm-linux-gnueabi/starterware-rtos/02.01.01.12A-r0.0/git/binary/dal/lib/am335x-evm/a8/release/gcc/libdal_boot.a(gpio_boot.o)
                0x00000000402f5b44                GPIOWakeupIntrEnable
 .text.GPIOWakeupIntrDisable
                0x00000000402f5b8c       0x20 /oe/bld/build-CORTEX_1/arago-tmp-external-arm-toolchain/work/am335x_evm-linux-gnueabi/starterware-rtos/02.01.01.12A-r0.0/git/binary/dal/lib/am335x-evm/a8/release/gcc/libdal_boot.a(gpio_boot.o)
                0x00000000402f5b8c                GPIOWakeupIntrDisable
 .text.GPIOGlobalWakeupDisable
                0x00000000402f5bac       0x14 /oe/bld/build-CORTEX_1/arago-tmp-external-arm-toolchain/work/am335x_evm-linux-gnueabi/starterware-rtos/02.01.01.12A-r0.0/git/binary/dal/lib/am335x-evm/a8/release/gcc/libdal_boot.a(gpio_boot.o)
                0x00000000402f5bac                GPIOGlobalWakeupDisable
 .text.GPIODebounceFuncEnable
                0x00000000402f5bc0       0x28 /oe/bld/build-CORTEX_1/arago-tmp-external-arm-toolchain/work/am335x_evm-linux-gnueabi/starterware-rtos/02.01.01.12A-r0.0/git/binary/dal/lib/am335x-evm/a8/release/gcc/libdal_boot.a(gpio_boot.o)
                0x00000000402f5bc0                GPIODebounceFuncEnable
 .text.GPIOSetDebounceTime
                0x00000000402f5be8       0x1c /oe/bld/build-CORTEX_1/arago-tmp-external-arm-toolchain/work/am335x_evm-linux-gnueabi/starterware-rtos/02.01.01.12A-r0.0/git/binary/dal/lib/am335x-evm/a8/release/gcc/libdal_boot.a(gpio_boot.o)
                0x00000000402f5be8                GPIOSetDebounceTime
 .text          0x00000000402f5c04      0x114 /oe/bld/build-CORTEX_1/arago-tmp-external-arm-toolchain/work/am335x_evm-linux-gnueabi/starterware-rtos/02.01.01.12A-r0.0/recipe-sysroot-native/usr/share/ti/gcc-arm-none-eabi/bin/../lib/gcc/arm-none-eabi/7.3.1/hard/libgcc.a(_udivsi3.o)
                0x00000000402f5c04                __udivsi3
                0x00000000402f5c04                __aeabi_uidiv
                0x00000000402f5cf8                __aeabi_uidivmod
 .text          0x00000000402f5d18      0x148 /oe/bld/build-CORTEX_1/arago-tmp-external-arm-toolchain/work/am335x_evm-linux-gnueabi/starterware-rtos/02.01.01.12A-r0.0/recipe-sysroot-native/usr/share/ti/gcc-arm-none-eabi/bin/../lib/gcc/arm-none-eabi/7.3.1/hard/libgcc.a(_divsi3.o)
                0x00000000402f5d18                __aeabi_idiv
                0x00000000402f5d18                __divsi3
                0x00000000402f5e40                __aeabi_idivmod
 .text          0x00000000402f5e60        0x4 /oe/bld/build-CORTEX_1/arago-tmp-external-arm-toolchain/work/am335x_evm-linux-gnueabi/starterware-rtos/02.01.01.12A-r0.0/recipe-sysroot-native/usr/share/ti/gcc-arm-none-eabi/bin/../lib/gcc/arm-none-eabi/7.3.1/hard/libgcc.a(_dvmd_tls.o)
                0x00000000402f5e60                __aeabi_ldiv0
                0x00000000402f5e60                __aeabi_idiv0
 .text          0x00000000402f5e64       0x3c /oe/bld/build-CORTEX_1/arago-tmp-external-arm-toolchain/work/am335x_evm-linux-gnueabi/starterware-rtos/02.01.01.12A-r0.0/recipe-sysroot-native/usr/share/ti/gcc-arm-none-eabi/bin/../lib/gcc/arm-none-eabi/7.3.1/hard/libgcc.a(_aeabi_uldivmod.o)
                0x00000000402f5e64                __aeabi_uldivmod
 .text          0x00000000402f5ea0       0x50 /oe/bld/build-CORTEX_1/arago-tmp-external-arm-toolchain/work/am335x_evm-linux-gnueabi/starterware-rtos/02.01.01.12A-r0.0/recipe-sysroot-native/usr/share/ti/gcc-arm-none-eabi/bin/../lib/gcc/arm-none-eabi/7.3.1/hard/libgcc.a(_fixunsdfdi.o)
                0x00000000402f5ea0                __aeabi_d2ulz
                0x00000000402f5ea0                __fixunsdfdi
 .text          0x00000000402f5ef0      0x16c /oe/bld/build-CORTEX_1/arago-tmp-external-arm-toolchain/work/am335x_evm-linux-gnueabi/starterware-rtos/02.01.01.12A-r0.0/recipe-sysroot-native/usr/share/ti/gcc-arm-none-eabi/bin/../lib/gcc/arm-none-eabi/7.3.1/hard/libgcc.a(_udivmoddi4.o)
                0x00000000402f5ef0                __udivmoddi4
 .text          0x00000000402f605c       0x28 /oe/bld/build-CORTEX_1/arago-tmp-external-arm-toolchain/work/am335x_evm-linux-gnueabi/starterware-rtos/02.01.01.12A-r0.0/recipe-sysroot-native/usr/share/ti/gcc-arm-none-eabi/bin/../lib/gcc/arm-none-eabi/7.3.1/hard/libgcc.a(_clzdi2.o)
                0x00000000402f605c                __clzdi2
 .text          0x00000000402f6084       0x48 /oe/bld/build-CORTEX_1/arago-tmp-external-arm-toolchain/work/am335x_evm-linux-gnueabi/starterware-rtos/02.01.01.12A-r0.0/recipe-sysroot-native/usr/share/ti/gcc-arm-none-eabi/bin/../lib/gcc/arm-none-eabi/7.3.1/hard/libgcc.a(_clzsi2.o)
                0x00000000402f6084                __clzsi2
 .text.memcpy   0x00000000402f60cc       0x1c /oe/bld/build-CORTEX_1/arago-tmp-external-arm-toolchain/work/am335x_evm-linux-gnueabi/starterware-rtos/02.01.01.12A-r0.0/recipe-sysroot-native/usr/share/ti/gcc-arm-none-eabi/arm-none-eabi/lib/hard/libc_nano.a(lib_a-memcpy-stub.o)
                0x00000000402f60cc                memcpy
 .text.strncmp  0x00000000402f60e8       0x58 /oe/bld/build-CORTEX_1/arago-tmp-external-arm-toolchain/work/am335x_evm-linux-gnueabi/starterware-rtos/02.01.01.12A-r0.0/recipe-sysroot-native/usr/share/ti/gcc-arm-none-eabi/arm-none-eabi/lib/hard/libc_nano.a(lib_a-strncmp.o)
                0x00000000402f60e8                strncmp
 *(.rodata*)
 .rodata.main.str1.4
                0x00000000402f6140       0x45 /oe/bld/build-CORTEX_1/arago-tmp-external-arm-toolchain/work/am335x_evm-linux-gnueabi/starterware-rtos/02.01.01.12A-r0.0/git/binary/bootloader/obj/am335x-evm/a8host/release/gcc/boot_uart/sbl_main_boot.o
 *fill*         0x00000000402f6185        0x3 
 .rodata.GPIOAppInit.str1.4
                0x00000000402f6188       0x17 /oe/bld/build-CORTEX_1/arago-tmp-external-arm-toolchain/work/am335x_evm-linux-gnueabi/starterware-rtos/02.01.01.12A-r0.0/git/binary/bootloader/obj/am335x-evm/a8host/release/gcc/boot_uart/gpio_app_boot.o
 *fill*         0x00000000402f619f        0x1 
 .rodata.SBLUartCopy.str1.4
                0x00000000402f61a0       0x9b /oe/bld/build-CORTEX_1/arago-tmp-external-arm-toolchain/work/am335x_evm-linux-gnueabi/starterware-rtos/02.01.01.12A-r0.0/git/binary/bootloader/obj/am335x-evm/a8host/release/gcc/boot_uart/sbl_uart_boot.o
 *fill*         0x00000000402f623b        0x1 
 .rodata.SBLPlatformConfig.str1.4
                0x00000000402f623c       0x19 /oe/bld/build-CORTEX_1/arago-tmp-external-arm-toolchain/work/am335x_evm-linux-gnueabi/starterware-rtos/02.01.01.12A-r0.0/git/binary/bootloader/obj/am335x-evm/a8host/release/gcc/boot_uart/sbl_am335x_platform_boot.o
 *fill*         0x00000000402f6255        0x3 
 .rodata.SblPlatformDdrVttEnable.str1.4
                0x00000000402f6258       0xaf /oe/bld/build-CORTEX_1/arago-tmp-external-arm-toolchain/work/am335x_evm-linux-gnueabi/starterware-rtos/02.01.01.12A-r0.0/git/binary/bootloader/obj/am335x-evm/a8host/release/gcc/boot_uart/sbl_am335x_platform_ddr_boot.o
 *fill*         0x00000000402f6307        0x1 
 .rodata.CSWTCH.11
                0x00000000402f6308       0x10 /oe/bld/build-CORTEX_1/arago-tmp-external-arm-toolchain/work/am335x_evm-linux-gnueabi/starterware-rtos/02.01.01.12A-r0.0/git/binary/bootloader/obj/am335x-evm/a8host/release/gcc/boot_uart/sbl_am335x_platform_pll_boot.o
 .rodata.crc16tab
                0x00000000402f6318      0x200 /oe/bld/build-CORTEX_1/arago-tmp-external-arm-toolchain/work/am335x_evm-linux-gnueabi/starterware-rtos/02.01.01.12A-r0.0/git/binary/library/third_party/xmodem/lib/am335x-evm/a8/release/gcc/libxmodem_lib_boot.a(crc16_boot.o)
 .rodata.BOARDGetDeviceCtrlModId.str1.4
                0x00000000402f6518       0x15 /oe/bld/build-CORTEX_1/arago-tmp-external-arm-toolchain/work/am335x_evm-linux-gnueabi/starterware-rtos/02.01.01.12A-r0.0/git/binary/board/lib/am335x-evm/a8/release/gcc/libboard_boot.a(board_boot.o)
 *fill*         0x00000000402f652d        0x3 
 .rodata.BOARDINITPARAMS_DEFAULT
                0x00000000402f6530        0xc /oe/bld/build-CORTEX_1/arago-tmp-external-arm-toolchain/work/am335x_evm-linux-gnueabi/starterware-rtos/02.01.01.12A-r0.0/git/binary/board/lib/am335x-evm/a8/release/gcc/libboard_boot.a(board_boot.o)
                0x00000000402f6530                BOARDINITPARAMS_DEFAULT
 .rodata.BOARDPrintInfo.str1.4
                0x00000000402f653c       0x60 /oe/bld/build-CORTEX_1/arago-tmp-external-arm-toolchain/work/am335x_evm-linux-gnueabi/starterware-rtos/02.01.01.12A-r0.0/git/binary/board/lib/am335x-evm/a8/release/gcc/libboard_boot.a(board_boot.o)
 .rodata.gBoardIdStrTable
                0x00000000402f659c       0x58 /oe/bld/build-CORTEX_1/arago-tmp-external-arm-toolchain/work/am335x_evm-linux-gnueabi/starterware-rtos/02.01.01.12A-r0.0/git/binary/board/lib/am335x-evm/a8/release/gcc/libboard_boot.a(board_boot.o)
 .rodata.str1.4
                0x00000000402f65f4       0x6b /oe/bld/build-CORTEX_1/arago-tmp-external-arm-toolchain/work/am335x_evm-linux-gnueabi/starterware-rtos/02.01.01.12A-r0.0/git/binary/board/lib/am335x-evm/a8/release/gcc/libboard_boot.a(board_boot.o)
 .rodata.DCARDGetDeviceCtrlModId.str1.4
                0x00000000402f665f       0x15 /oe/bld/build-CORTEX_1/arago-tmp-external-arm-toolchain/work/am335x_evm-linux-gnueabi/starterware-rtos/02.01.01.12A-r0.0/git/binary/board/lib/am335x-evm/a8/release/gcc/libboard_boot.a(dcard_boot.o)
 *fill*         0x00000000402f665f        0x1 
 .rodata.BoardGetIdAm335x.str1.4
                0x00000000402f6660       0x3f /oe/bld/build-CORTEX_1/arago-tmp-external-arm-toolchain/work/am335x_evm-linux-gnueabi/starterware-rtos/02.01.01.12A-r0.0/git/binary/board/lib/am335x-evm/a8/release/gcc/libboard_boot.a(board_am335x_boot.o)
 *fill*         0x00000000402f669f        0x1 
 .rodata.gpBoardAm335xData
                0x00000000402f66a0       0x44 /oe/bld/build-CORTEX_1/arago-tmp-external-arm-toolchain/work/am335x_evm-linux-gnueabi/starterware-rtos/02.01.01.12A-r0.0/git/binary/board/lib/am335x-evm/a8/release/gcc/libboard_boot.a(board_am335x_boot.o)
 .rodata.gBoardAm335xGpevmData
                0x00000000402f66e4       0x20 /oe/bld/build-CORTEX_1/arago-tmp-external-arm-toolchain/work/am335x_evm-linux-gnueabi/starterware-rtos/02.01.01.12A-r0.0/git/binary/board/lib/am335x-evm/a8/release/gcc/libboard_boot.a(am335x_gpevm_boot.o)
                0x00000000402f66e4                gBoardAm335xGpevmData
 .rodata.gBoardAm335xGpevmDevData
                0x00000000402f6704      0x118 /oe/bld/build-CORTEX_1/arago-tmp-external-arm-toolchain/work/am335x_evm-linux-gnueabi/starterware-rtos/02.01.01.12A-r0.0/git/binary/board/lib/am335x-evm/a8/release/gcc/libboard_boot.a(am335x_gpevm_boot.o)
                0x00000000402f6704                gBoardAm335xGpevmDevData
 .rodata.str1.4
                0x00000000402f681c       0x10 /oe/bld/build-CORTEX_1/arago-tmp-external-arm-toolchain/work/am335x_evm-linux-gnueabi/starterware-rtos/02.01.01.12A-r0.0/git/binary/board/lib/am335x-evm/a8/release/gcc/libboard_boot.a(am335x_gpevm_boot.o)
                                         0x18 (size before relaxing)
 .rodata.gBoardAm335xEvmskData
                0x00000000402f682c       0x20 /oe/bld/build-CORTEX_1/arago-tmp-external-arm-toolchain/work/am335x_evm-linux-gnueabi/starterware-rtos/02.01.01.12A-r0.0/git/binary/board/lib/am335x-evm/a8/release/gcc/libboard_boot.a(am335x_evmsk_boot.o)
                0x00000000402f682c                gBoardAm335xEvmskData
 .rodata.gBoardAm335xEvmskDevData
                0x00000000402f684c       0xc8 /oe/bld/build-CORTEX_1/arago-tmp-external-arm-toolchain/work/am335x_evm-linux-gnueabi/starterware-rtos/02.01.01.12A-r0.0/git/binary/board/lib/am335x-evm/a8/release/gcc/libboard_boot.a(am335x_evmsk_boot.o)
                0x00000000402f684c                gBoardAm335xEvmskDevData
 .rodata.str1.4
                0x00000000402f6914        0xd /oe/bld/build-CORTEX_1/arago-tmp-external-arm-toolchain/work/am335x_evm-linux-gnueabi/starterware-rtos/02.01.01.12A-r0.0/git/binary/board/lib/am335x-evm/a8/release/gcc/libboard_boot.a(am335x_evmsk_boot.o)
                                         0x15 (size before relaxing)
 *fill*         0x00000000402f6921        0x3 
 .rodata.gBoardAm335xBeagleboneData
                0x00000000402f6924       0x20 /oe/bld/build-CORTEX_1/arago-tmp-external-arm-toolchain/work/am335x_evm-linux-gnueabi/starterware-rtos/02.01.01.12A-r0.0/git/binary/board/lib/am335x-evm/a8/release/gcc/libboard_boot.a(am335x_beaglebone_boot.o)
                0x00000000402f6924                gBoardAm335xBeagleboneData
 .rodata.gBoardAm335xBeagleboneDevData
                0x00000000402f6944       0x78 /oe/bld/build-CORTEX_1/arago-tmp-external-arm-toolchain/work/am335x_evm-linux-gnueabi/starterware-rtos/02.01.01.12A-r0.0/git/binary/board/lib/am335x-evm/a8/release/gcc/libboard_boot.a(am335x_beaglebone_boot.o)
                0x00000000402f6944                gBoardAm335xBeagleboneDevData
 .rodata.str1.4
                0x00000000402f69bc       0x25 /oe/bld/build-CORTEX_1/arago-tmp-external-arm-toolchain/work/am335x_evm-linux-gnueabi/starterware-rtos/02.01.01.12A-r0.0/git/binary/board/lib/am335x-evm/a8/release/gcc/libboard_boot.a(am335x_beaglebone_boot.o)
                                         0x2d (size before relaxing)
 *fill*         0x00000000402f69e1        0x3 
 .rodata.BoardAm335xBBBLcdAvddEnable.str1.4
                0x00000000402f69e4       0x20 /oe/bld/build-CORTEX_1/arago-tmp-external-arm-toolchain/work/am335x_evm-linux-gnueabi/starterware-rtos/02.01.01.12A-r0.0/git/binary/board/lib/am335x-evm/a8/release/gcc/libboard_boot.a(am335x_beagleboneblack_boot.o)
 .rodata.BoardAm335xBBBLcdBacklightEnable.part.0.str1.4
                0x00000000402f6a04       0x1d /oe/bld/build-CORTEX_1/arago-tmp-external-arm-toolchain/work/am335x_evm-linux-gnueabi/starterware-rtos/02.01.01.12A-r0.0/git/binary/board/lib/am335x-evm/a8/release/gcc/libboard_boot.a(am335x_beagleboneblack_boot.o)
 *fill*         0x00000000402f6a21        0x3 
 .rodata.gBoardAm335xBeagleBoneBlackIsCompatible
                0x00000000402f6a24        0x4 /oe/bld/build-CORTEX_1/arago-tmp-external-arm-toolchain/work/am335x_evm-linux-gnueabi/starterware-rtos/02.01.01.12A-r0.0/git/binary/board/lib/am335x-evm/a8/release/gcc/libboard_boot.a(am335x_beagleboneblack_boot.o)
                0x00000000402f6a24                gBoardAm335xBeagleBoneBlackIsCompatible
 .rodata.gBoardAm335xBeagleboneblackData
                0x00000000402f6a28       0x20 /oe/bld/build-CORTEX_1/arago-tmp-external-arm-toolchain/work/am335x_evm-linux-gnueabi/starterware-rtos/02.01.01.12A-r0.0/git/binary/board/lib/am335x-evm/a8/release/gcc/libboard_boot.a(am335x_beagleboneblack_boot.o)
                0x00000000402f6a28                gBoardAm335xBeagleboneblackData
 .rodata.gBoardAm335xBeagleboneblackDevData
                0x00000000402f6a48       0x78 /oe/bld/build-CORTEX_1/arago-tmp-external-arm-toolchain/work/am335x_evm-linux-gnueabi/starterware-rtos/02.01.01.12A-r0.0/git/binary/board/lib/am335x-evm/a8/release/gcc/libboard_boot.a(am335x_beagleboneblack_boot.o)
                0x00000000402f6a48                gBoardAm335xBeagleboneblackDevData
 .rodata.str1.4
                0x00000000402f6ac0        0x5 /oe/bld/build-CORTEX_1/arago-tmp-external-arm-toolchain/work/am335x_evm-linux-gnueabi/starterware-rtos/02.01.01.12A-r0.0/git/binary/board/lib/am335x-evm/a8/release/gcc/libboard_boot.a(am335x_beagleboneblack_boot.o)
                                         0x15 (size before relaxing)
 *fill*         0x00000000402f6ac5        0x3 
 .rodata.gBoardAm335xIceV1Data
                0x00000000402f6ac8       0x20 /oe/bld/build-CORTEX_1/arago-tmp-external-arm-toolchain/work/am335x_evm-linux-gnueabi/starterware-rtos/02.01.01.12A-r0.0/git/binary/board/lib/am335x-evm/a8/release/gcc/libboard_boot.a(am335x_icev1_boot.o)
                0x00000000402f6ac8                gBoardAm335xIceV1Data
 .rodata.gBoardAm335xIceV1DevData
                0x00000000402f6ae8       0xa0 /oe/bld/build-CORTEX_1/arago-tmp-external-arm-toolchain/work/am335x_evm-linux-gnueabi/starterware-rtos/02.01.01.12A-r0.0/git/binary/board/lib/am335x-evm/a8/release/gcc/libboard_boot.a(am335x_icev1_boot.o)
                0x00000000402f6ae8                gBoardAm335xIceV1DevData
 .rodata.str1.4
                0x00000000402f6b88       0x2d /oe/bld/build-CORTEX_1/arago-tmp-external-arm-toolchain/work/am335x_evm-linux-gnueabi/starterware-rtos/02.01.01.12A-r0.0/git/binary/board/lib/am335x-evm/a8/release/gcc/libboard_boot.a(am335x_icev1_boot.o)
 .rodata.gBoardAm335xIceV2Data
                0x00000000402f6b88       0x20 /oe/bld/build-CORTEX_1/arago-tmp-external-arm-toolchain/work/am335x_evm-linux-gnueabi/starterware-rtos/02.01.01.12A-r0.0/git/binary/board/lib/am335x-evm/a8/release/gcc/libboard_boot.a(am335x_icev2_boot.o)
                0x00000000402f6b88                gBoardAm335xIceV2Data
 .rodata.gBoardAm335xIceV2DevData
                0x00000000402f6ba8      0x2f8 /oe/bld/build-CORTEX_1/arago-tmp-external-arm-toolchain/work/am335x_evm-linux-gnueabi/starterware-rtos/02.01.01.12A-r0.0/git/binary/board/lib/am335x-evm/a8/release/gcc/libboard_boot.a(am335x_icev2_boot.o)
                0x00000000402f6ba8                gBoardAm335xIceV2DevData
 .rodata.str1.4
                0x00000000402f6ea0       0x2d /oe/bld/build-CORTEX_1/arago-tmp-external-arm-toolchain/work/am335x_evm-linux-gnueabi/starterware-rtos/02.01.01.12A-r0.0/git/binary/board/lib/am335x-evm/a8/release/gcc/libboard_boot.a(am335x_icev2_boot.o)
 .rodata.gBoardAm335xAMIC110Data
                0x00000000402f6ea0       0x20 /oe/bld/build-CORTEX_1/arago-tmp-external-arm-toolchain/work/am335x_evm-linux-gnueabi/starterware-rtos/02.01.01.12A-r0.0/git/binary/board/lib/am335x-evm/a8/release/gcc/libboard_boot.a(am335x_amic110_boot.o)
                0x00000000402f6ea0                gBoardAm335xAMIC110Data
 .rodata.gBoardAm335xAMIC110DevData
                0x00000000402f6ec0      0x2f8 /oe/bld/build-CORTEX_1/arago-tmp-external-arm-toolchain/work/am335x_evm-linux-gnueabi/starterware-rtos/02.01.01.12A-r0.0/git/binary/board/lib/am335x-evm/a8/release/gcc/libboard_boot.a(am335x_amic110_boot.o)
                0x00000000402f6ec0                gBoardAm335xAMIC110DevData
 .rodata.str1.4
                0x00000000402f71b8       0x2d /oe/bld/build-CORTEX_1/arago-tmp-external-arm-toolchain/work/am335x_evm-linux-gnueabi/starterware-rtos/02.01.01.12A-r0.0/git/binary/board/lib/am335x-evm/a8/release/gcc/libboard_boot.a(am335x_amic110_boot.o)
 .rodata.gBoardAm335xCustomData
                0x00000000402f71b8       0x20 /oe/bld/build-CORTEX_1/arago-tmp-external-arm-toolchain/work/am335x_evm-linux-gnueabi/starterware-rtos/02.01.01.12A-r0.0/git/binary/board/lib/am335x-evm/a8/release/gcc/libboard_boot.a(am335x_custom_boot.o)
                0x00000000402f71b8                gBoardAm335xCustomData
 .rodata.str1.4
                0x00000000402f71d8        0x5 /oe/bld/build-CORTEX_1/arago-tmp-external-arm-toolchain/work/am335x_evm-linux-gnueabi/starterware-rtos/02.01.01.12A-r0.0/git/binary/board/lib/am335x-evm/a8/release/gcc/libboard_boot.a(am335x_custom_boot.o)
                                          0x1 (size before relaxing)
 .rodata.gDCardAm335xLCD4Data
                0x00000000402f71d8       0x44 /oe/bld/build-CORTEX_1/arago-tmp-external-arm-toolchain/work/am335x_evm-linux-gnueabi/starterware-rtos/02.01.01.12A-r0.0/git/binary/board/lib/am335x-evm/a8/release/gcc/libboard_boot.a(am335x_lcd4_dcard_boot.o)
                0x00000000402f71d8                gDCardAm335xLCD4Data
 .rodata.gDCardAm335xLCD4DevData
                0x00000000402f721c       0x28 /oe/bld/build-CORTEX_1/arago-tmp-external-arm-toolchain/work/am335x_evm-linux-gnueabi/starterware-rtos/02.01.01.12A-r0.0/git/binary/board/lib/am335x-evm/a8/release/gcc/libboard_boot.a(am335x_lcd4_dcard_boot.o)
                0x00000000402f721c                gDCardAm335xLCD4DevData
 .rodata.str1.4
                0x00000000402f7244       0x15 /oe/bld/build-CORTEX_1/arago-tmp-external-arm-toolchain/work/am335x_evm-linux-gnueabi/starterware-rtos/02.01.01.12A-r0.0/git/binary/board/lib/am335x-evm/a8/release/gcc/libboard_boot.a(am335x_lcd4_dcard_boot.o)
                                         0x25 (size before relaxing)
 *fill*         0x00000000402f7259        0x3 
 .rodata.CONSOLEUtilsGetc.str1.4
                0x00000000402f725c       0x2c /oe/bld/build-CORTEX_1/arago-tmp-external-arm-toolchain/work/am335x_evm-linux-gnueabi/starterware-rtos/02.01.01.12A-r0.0/git/binary/utils/lib/am335x-evm/a8/release/gcc/libutils_boot.a(console_utils_boot.o)
 .rodata.CONSOLEUtilsSetType.str1.4
                0x00000000402f7288       0x23 /oe/bld/build-CORTEX_1/arago-tmp-external-arm-toolchain/work/am335x_evm-linux-gnueabi/starterware-rtos/02.01.01.12A-r0.0/git/binary/utils/lib/am335x-evm/a8/release/gcc/libutils_boot.a(console_utils_boot.o)
 *fill*         0x00000000402f72ab        0x1 
 .rodata.I2CUTILSINITPARAMS_DEFAULT
                0x00000000402f72ac       0x10 /oe/bld/build-CORTEX_1/arago-tmp-external-arm-toolchain/work/am335x_evm-linux-gnueabi/starterware-rtos/02.01.01.12A-r0.0/git/binary/utils/lib/am335x-evm/a8/release/gcc/libutils_boot.a(i2c_utils_boot.o)
                0x00000000402f72ac                I2CUTILSINITPARAMS_DEFAULT
 .rodata.CONSOLEUtilsUartPrintFmt.str1.4
                0x00000000402f72bc       0x19 /oe/bld/build-CORTEX_1/arago-tmp-external-arm-toolchain/work/am335x_evm-linux-gnueabi/starterware-rtos/02.01.01.12A-r0.0/git/binary/utils/lib/am335x-evm/a8/release/gcc/libutils_boot.a(console_utils_uart_boot.o)
 *fill*         0x00000000402f72d5        0x3 
 .rodata.UART_CONSOLE_DEFAULT
                0x00000000402f72d8       0x18 /oe/bld/build-CORTEX_1/arago-tmp-external-arm-toolchain/work/am335x_evm-linux-gnueabi/starterware-rtos/02.01.01.12A-r0.0/git/binary/utils/lib/am335x-evm/a8/release/gcc/libutils_boot.a(console_utils_uart_boot.o)
 .rodata.SOCGetCoreName.str1.4
                0x00000000402f72f0        0x3 /oe/bld/build-CORTEX_1/arago-tmp-external-arm-toolchain/work/am335x_evm-linux-gnueabi/starterware-rtos/02.01.01.12A-r0.0/git/binary/soc/lib/am335x-evm/a8/release/gcc/libsoc_boot.a(soc_boot.o)
 *fill*         0x00000000402f72f3        0x1 
 .rodata.SOCGetSocFamilyName.str1.4
                0x00000000402f72f4        0x7 /oe/bld/build-CORTEX_1/arago-tmp-external-arm-toolchain/work/am335x_evm-linux-gnueabi/starterware-rtos/02.01.01.12A-r0.0/git/binary/soc/lib/am335x-evm/a8/release/gcc/libsoc_boot.a(soc_boot.o)
 *fill*         0x00000000402f72fb        0x1 
 .rodata.SOCPrintInfo.str1.4
                0x00000000402f72fc       0x40 /oe/bld/build-CORTEX_1/arago-tmp-external-arm-toolchain/work/am335x_evm-linux-gnueabi/starterware-rtos/02.01.01.12A-r0.0/git/binary/soc/lib/am335x-evm/a8/release/gcc/libsoc_boot.a(soc_boot.o)
 .rodata.gChipDBResourceIDMap
                0x00000000402f733c      0x244 /oe/bld/build-CORTEX_1/arago-tmp-external-arm-toolchain/work/am335x_evm-linux-gnueabi/starterware-rtos/02.01.01.12A-r0.0/git/binary/soc/lib/am335x-evm/a8/release/gcc/libsoc_boot.a(hw_am335x_chipdb_boot.o)
                0x00000000402f733c                gChipDBResourceIDMap
 .rodata.gChipDBResourceTable
                0x00000000402f7580       0x18 /oe/bld/build-CORTEX_1/arago-tmp-external-arm-toolchain/work/am335x_evm-linux-gnueabi/starterware-rtos/02.01.01.12A-r0.0/git/binary/soc/lib/am335x-evm/a8/release/gcc/libsoc_boot.a(hw_am335x_chipdb_boot.o)
                0x00000000402f7580                gChipDBResourceTable
 .rodata.gChipDBBaseAddrTable
                0x00000000402f7598      0x200 /oe/bld/build-CORTEX_1/arago-tmp-external-arm-toolchain/work/am335x_evm-linux-gnueabi/starterware-rtos/02.01.01.12A-r0.0/git/binary/soc/lib/am335x-evm/a8/release/gcc/libsoc_boot.a(hw_am335x_chipdb_baseaddr_boot.o)
                0x00000000402f7598                gChipDBBaseAddrTable

.glue_7         0x00000000402f7798        0x0
 .glue_7        0x00000000402f7798        0x0 linker stubs

.glue_7t        0x00000000402f7798        0x0
 .glue_7t       0x00000000402f7798        0x0 linker stubs

.vfp11_veneer   0x00000000402f7798        0x0
 .vfp11_veneer  0x00000000402f7798        0x0 linker stubs

.v4_bx          0x00000000402f7798        0x0
 .v4_bx         0x00000000402f7798        0x0 linker stubs

.init           0x00000000402f7798        0xc
 .init          0x00000000402f7798        0xc /oe/bld/build-CORTEX_1/arago-tmp-external-arm-toolchain/work/am335x_evm-linux-gnueabi/starterware-rtos/02.01.01.12A-r0.0/recipe-sysroot-native/usr/share/ti/gcc-arm-none-eabi/bin/../lib/gcc/arm-none-eabi/7.3.1/hard/crti.o
                0x00000000402f7798                _init

.fini           0x00000000402f77a4        0xc
 .fini          0x00000000402f77a4        0xc /oe/bld/build-CORTEX_1/arago-tmp-external-arm-toolchain/work/am335x_evm-linux-gnueabi/starterware-rtos/02.01.01.12A-r0.0/recipe-sysroot-native/usr/share/ti/gcc-arm-none-eabi/bin/../lib/gcc/arm-none-eabi/7.3.1/hard/crti.o
                0x00000000402f77a4                _fini

.iplt           0x00000000402f77b0        0x0
 .iplt          0x00000000402f77b0        0x0 /oe/bld/build-CORTEX_1/arago-tmp-external-arm-toolchain/work/am335x_evm-linux-gnueabi/starterware-rtos/02.01.01.12A-r0.0/git/binary/bootloader/obj/am335x-evm/a8host/release/gcc/boot_uart/sbl_copy_boot.o

.rel.dyn        0x00000000402f77b0        0x0
 .rel.iplt      0x00000000402f77b0        0x0 /oe/bld/build-CORTEX_1/arago-tmp-external-arm-toolchain/work/am335x_evm-linux-gnueabi/starterware-rtos/02.01.01.12A-r0.0/git/binary/bootloader/obj/am335x-evm/a8host/release/gcc/boot_uart/sbl_copy_boot.o

.ARM.exidx      0x00000000402f77b0        0x8
 .ARM.exidx     0x00000000402f77b0        0x8 /oe/bld/build-CORTEX_1/arago-tmp-external-arm-toolchain/work/am335x_evm-linux-gnueabi/starterware-rtos/02.01.01.12A-r0.0/recipe-sysroot-native/usr/share/ti/gcc-arm-none-eabi/bin/../lib/gcc/arm-none-eabi/7.3.1/hard/libgcc.a(_udivmoddi4.o)

.data           0x00000000402f77b8     0x1040
                0x00000000402f77b8                . = ALIGN (0x4)
 *(.data*)
 .data.gBoardAm335xI2cData
                0x00000000402f77b8        0xc /oe/bld/build-CORTEX_1/arago-tmp-external-arm-toolchain/work/am335x_evm-linux-gnueabi/starterware-rtos/02.01.01.12A-r0.0/git/binary/board/lib/am335x-evm/a8/release/gcc/libboard_boot.a(board_am335x_boot.o)
 .data.gBoardAm335xI2cInstData
                0x00000000402f77c4       0x20 /oe/bld/build-CORTEX_1/arago-tmp-external-arm-toolchain/work/am335x_evm-linux-gnueabi/starterware-rtos/02.01.01.12A-r0.0/git/binary/board/lib/am335x-evm/a8/release/gcc/libboard_boot.a(board_am335x_boot.o)
 .data.gpDCardAm335xData
                0x00000000402f77e4        0x8 /oe/bld/build-CORTEX_1/arago-tmp-external-arm-toolchain/work/am335x_evm-linux-gnueabi/starterware-rtos/02.01.01.12A-r0.0/git/binary/board/lib/am335x-evm/a8/release/gcc/libboard_boot.a(dcard_am335x_boot.o)
 .data.gpBoardAm335xGpevmRevStrTable
                0x00000000402f77ec       0x14 /oe/bld/build-CORTEX_1/arago-tmp-external-arm-toolchain/work/am335x_evm-linux-gnueabi/starterware-rtos/02.01.01.12A-r0.0/git/binary/board/lib/am335x-evm/a8/release/gcc/libboard_boot.a(am335x_gpevm_boot.o)
                0x00000000402f77ec                gpBoardAm335xGpevmRevStrTable
 .data.gpBoardAm335xEvmskRevStrTable
                0x00000000402f7800        0xc /oe/bld/build-CORTEX_1/arago-tmp-external-arm-toolchain/work/am335x_evm-linux-gnueabi/starterware-rtos/02.01.01.12A-r0.0/git/binary/board/lib/am335x-evm/a8/release/gcc/libboard_boot.a(am335x_evmsk_boot.o)
                0x00000000402f7800                gpBoardAm335xEvmskRevStrTable
 .data.gpBoardAm335xBeagleboneRevStrTable
                0x00000000402f780c       0x18 /oe/bld/build-CORTEX_1/arago-tmp-external-arm-toolchain/work/am335x_evm-linux-gnueabi/starterware-rtos/02.01.01.12A-r0.0/git/binary/board/lib/am335x-evm/a8/release/gcc/libboard_boot.a(am335x_beaglebone_boot.o)
                0x00000000402f780c                gpBoardAm335xBeagleboneRevStrTable
 .data.gBoardAm335xBeagleboneblackDCards
                0x00000000402f7824       0x18 /oe/bld/build-CORTEX_1/arago-tmp-external-arm-toolchain/work/am335x_evm-linux-gnueabi/starterware-rtos/02.01.01.12A-r0.0/git/binary/board/lib/am335x-evm/a8/release/gcc/libboard_boot.a(am335x_beagleboneblack_boot.o)
                0x00000000402f7824                gBoardAm335xBeagleboneblackDCards
 .data.gpBoardAm335xBeagleboneblackRevStrTable
                0x00000000402f783c        0xc /oe/bld/build-CORTEX_1/arago-tmp-external-arm-toolchain/work/am335x_evm-linux-gnueabi/starterware-rtos/02.01.01.12A-r0.0/git/binary/board/lib/am335x-evm/a8/release/gcc/libboard_boot.a(am335x_beagleboneblack_boot.o)
                0x00000000402f783c                gpBoardAm335xBeagleboneblackRevStrTable
 .data.gpBoardAm335xIceV1RevStrTable
                0x00000000402f7848       0x18 /oe/bld/build-CORTEX_1/arago-tmp-external-arm-toolchain/work/am335x_evm-linux-gnueabi/starterware-rtos/02.01.01.12A-r0.0/git/binary/board/lib/am335x-evm/a8/release/gcc/libboard_boot.a(am335x_icev1_boot.o)
                0x00000000402f7848                gpBoardAm335xIceV1RevStrTable
 .data.gpBoardAm335xIceV2RevStrTable
                0x00000000402f7860       0x18 /oe/bld/build-CORTEX_1/arago-tmp-external-arm-toolchain/work/am335x_evm-linux-gnueabi/starterware-rtos/02.01.01.12A-r0.0/git/binary/board/lib/am335x-evm/a8/release/gcc/libboard_boot.a(am335x_icev2_boot.o)
                0x00000000402f7860                gpBoardAm335xIceV2RevStrTable
 .data.gpBoardAm335xAMIC110RevStrTable
                0x00000000402f7878       0x18 /oe/bld/build-CORTEX_1/arago-tmp-external-arm-toolchain/work/am335x_evm-linux-gnueabi/starterware-rtos/02.01.01.12A-r0.0/git/binary/board/lib/am335x-evm/a8/release/gcc/libboard_boot.a(am335x_amic110_boot.o)
                0x00000000402f7878                gpBoardAm335xAMIC110RevStrTable
 .data.gpBoardAm335xCustomRevStrTable
                0x00000000402f7890        0x4 /oe/bld/build-CORTEX_1/arago-tmp-external-arm-toolchain/work/am335x_evm-linux-gnueabi/starterware-rtos/02.01.01.12A-r0.0/git/binary/board/lib/am335x-evm/a8/release/gcc/libboard_boot.a(am335x_custom_boot.o)
                0x00000000402f7890                gpBoardAm335xCustomRevStrTable
 .data.gGpevmPinmuxData
                0x00000000402f7894       0x28 /oe/bld/build-CORTEX_1/arago-tmp-external-arm-toolchain/work/am335x_evm-linux-gnueabi/starterware-rtos/02.01.01.12A-r0.0/git/binary/board/lib/am335x-evm/a8/release/gcc/libboard_boot.a(am335x_gpevm_pinmux_data_boot.o)
                0x00000000402f7894                gGpevmPinmuxData
 .data.gGpio0PinCfg
                0x00000000402f78bc       0x18 /oe/bld/build-CORTEX_1/arago-tmp-external-arm-toolchain/work/am335x_evm-linux-gnueabi/starterware-rtos/02.01.01.12A-r0.0/git/binary/board/lib/am335x-evm/a8/release/gcc/libboard_boot.a(am335x_gpevm_pinmux_data_boot.o)
 .data.gGpio1PinCfg
                0x00000000402f78d4       0x10 /oe/bld/build-CORTEX_1/arago-tmp-external-arm-toolchain/work/am335x_evm-linux-gnueabi/starterware-rtos/02.01.01.12A-r0.0/git/binary/board/lib/am335x-evm/a8/release/gcc/libboard_boot.a(am335x_gpevm_pinmux_data_boot.o)
 .data.gGpioPinCfg
                0x00000000402f78e4       0x18 /oe/bld/build-CORTEX_1/arago-tmp-external-arm-toolchain/work/am335x_evm-linux-gnueabi/starterware-rtos/02.01.01.12A-r0.0/git/binary/board/lib/am335x-evm/a8/release/gcc/libboard_boot.a(am335x_gpevm_pinmux_data_boot.o)
 .data.gI2c0PinCfg
                0x00000000402f78fc       0x18 /oe/bld/build-CORTEX_1/arago-tmp-external-arm-toolchain/work/am335x_evm-linux-gnueabi/starterware-rtos/02.01.01.12A-r0.0/git/binary/board/lib/am335x-evm/a8/release/gcc/libboard_boot.a(am335x_gpevm_pinmux_data_boot.o)
 .data.gI2c1PinCfg
                0x00000000402f7914       0x18 /oe/bld/build-CORTEX_1/arago-tmp-external-arm-toolchain/work/am335x_evm-linux-gnueabi/starterware-rtos/02.01.01.12A-r0.0/git/binary/board/lib/am335x-evm/a8/release/gcc/libboard_boot.a(am335x_gpevm_pinmux_data_boot.o)
 .data.gI2cPinCfg
                0x00000000402f792c       0x18 /oe/bld/build-CORTEX_1/arago-tmp-external-arm-toolchain/work/am335x_evm-linux-gnueabi/starterware-rtos/02.01.01.12A-r0.0/git/binary/board/lib/am335x-evm/a8/release/gcc/libboard_boot.a(am335x_gpevm_pinmux_data_boot.o)
 .data.gMcspi0PinCfg
                0x00000000402f7944       0x28 /oe/bld/build-CORTEX_1/arago-tmp-external-arm-toolchain/work/am335x_evm-linux-gnueabi/starterware-rtos/02.01.01.12A-r0.0/git/binary/board/lib/am335x-evm/a8/release/gcc/libboard_boot.a(am335x_gpevm_pinmux_data_boot.o)
 .data.gMcspiPinCfg
                0x00000000402f796c       0x10 /oe/bld/build-CORTEX_1/arago-tmp-external-arm-toolchain/work/am335x_evm-linux-gnueabi/starterware-rtos/02.01.01.12A-r0.0/git/binary/board/lib/am335x-evm/a8/release/gcc/libboard_boot.a(am335x_gpevm_pinmux_data_boot.o)
 .data.gUart0PinCfg
                0x00000000402f797c       0x18 /oe/bld/build-CORTEX_1/arago-tmp-external-arm-toolchain/work/am335x_evm-linux-gnueabi/starterware-rtos/02.01.01.12A-r0.0/git/binary/board/lib/am335x-evm/a8/release/gcc/libboard_boot.a(am335x_gpevm_pinmux_data_boot.o)
 .data.gUartPinCfg
                0x00000000402f7994       0x10 /oe/bld/build-CORTEX_1/arago-tmp-external-arm-toolchain/work/am335x_evm-linux-gnueabi/starterware-rtos/02.01.01.12A-r0.0/git/binary/board/lib/am335x-evm/a8/release/gcc/libboard_boot.a(am335x_gpevm_pinmux_data_boot.o)
 .data.gEvmskPinmuxData
                0x00000000402f79a4       0x20 /oe/bld/build-CORTEX_1/arago-tmp-external-arm-toolchain/work/am335x_evm-linux-gnueabi/starterware-rtos/02.01.01.12A-r0.0/git/binary/board/lib/am335x-evm/a8/release/gcc/libboard_boot.a(am335x_evmsk_pinmux_data_boot.o)
                0x00000000402f79a4                gEvmskPinmuxData
 .data.gGpio0PinCfg
                0x00000000402f79c4       0x18 /oe/bld/build-CORTEX_1/arago-tmp-external-arm-toolchain/work/am335x_evm-linux-gnueabi/starterware-rtos/02.01.01.12A-r0.0/git/binary/board/lib/am335x-evm/a8/release/gcc/libboard_boot.a(am335x_evmsk_pinmux_data_boot.o)
 .data.gGpio1PinCfg
                0x00000000402f79dc       0x28 /oe/bld/build-CORTEX_1/arago-tmp-external-arm-toolchain/work/am335x_evm-linux-gnueabi/starterware-rtos/02.01.01.12A-r0.0/git/binary/board/lib/am335x-evm/a8/release/gcc/libboard_boot.a(am335x_evmsk_pinmux_data_boot.o)
 .data.gGpio2PinCfg
                0x00000000402f7a04       0x20 /oe/bld/build-CORTEX_1/arago-tmp-external-arm-toolchain/work/am335x_evm-linux-gnueabi/starterware-rtos/02.01.01.12A-r0.0/git/binary/board/lib/am335x-evm/a8/release/gcc/libboard_boot.a(am335x_evmsk_pinmux_data_boot.o)
 .data.gGpioPinCfg
                0x00000000402f7a24       0x20 /oe/bld/build-CORTEX_1/arago-tmp-external-arm-toolchain/work/am335x_evm-linux-gnueabi/starterware-rtos/02.01.01.12A-r0.0/git/binary/board/lib/am335x-evm/a8/release/gcc/libboard_boot.a(am335x_evmsk_pinmux_data_boot.o)
 .data.gI2c0PinCfg
                0x00000000402f7a44       0x18 /oe/bld/build-CORTEX_1/arago-tmp-external-arm-toolchain/work/am335x_evm-linux-gnueabi/starterware-rtos/02.01.01.12A-r0.0/git/binary/board/lib/am335x-evm/a8/release/gcc/libboard_boot.a(am335x_evmsk_pinmux_data_boot.o)
 .data.gI2cPinCfg
                0x00000000402f7a5c       0x10 /oe/bld/build-CORTEX_1/arago-tmp-external-arm-toolchain/work/am335x_evm-linux-gnueabi/starterware-rtos/02.01.01.12A-r0.0/git/binary/board/lib/am335x-evm/a8/release/gcc/libboard_boot.a(am335x_evmsk_pinmux_data_boot.o)
 .data.gUart0PinCfg
                0x00000000402f7a6c       0x18 /oe/bld/build-CORTEX_1/arago-tmp-external-arm-toolchain/work/am335x_evm-linux-gnueabi/starterware-rtos/02.01.01.12A-r0.0/git/binary/board/lib/am335x-evm/a8/release/gcc/libboard_boot.a(am335x_evmsk_pinmux_data_boot.o)
 .data.gUartPinCfg
                0x00000000402f7a84       0x10 /oe/bld/build-CORTEX_1/arago-tmp-external-arm-toolchain/work/am335x_evm-linux-gnueabi/starterware-rtos/02.01.01.12A-r0.0/git/binary/board/lib/am335x-evm/a8/release/gcc/libboard_boot.a(am335x_evmsk_pinmux_data_boot.o)
 .data.gBbPinmuxData
                0x00000000402f7a94       0x20 /oe/bld/build-CORTEX_1/arago-tmp-external-arm-toolchain/work/am335x_evm-linux-gnueabi/starterware-rtos/02.01.01.12A-r0.0/git/binary/board/lib/am335x-evm/a8/release/gcc/libboard_boot.a(am335x_beaglebone_pinmux_data_boot.o)
                0x00000000402f7a94                gBbPinmuxData
 .data.gGpio1PinCfg
                0x00000000402f7ab4       0x10 /oe/bld/build-CORTEX_1/arago-tmp-external-arm-toolchain/work/am335x_evm-linux-gnueabi/starterware-rtos/02.01.01.12A-r0.0/git/binary/board/lib/am335x-evm/a8/release/gcc/libboard_boot.a(am335x_beaglebone_pinmux_data_boot.o)
 .data.gGpioPinCfg
                0x00000000402f7ac4       0x10 /oe/bld/build-CORTEX_1/arago-tmp-external-arm-toolchain/work/am335x_evm-linux-gnueabi/starterware-rtos/02.01.01.12A-r0.0/git/binary/board/lib/am335x-evm/a8/release/gcc/libboard_boot.a(am335x_beaglebone_pinmux_data_boot.o)
 .data.gI2c0PinCfg
                0x00000000402f7ad4       0x18 /oe/bld/build-CORTEX_1/arago-tmp-external-arm-toolchain/work/am335x_evm-linux-gnueabi/starterware-rtos/02.01.01.12A-r0.0/git/binary/board/lib/am335x-evm/a8/release/gcc/libboard_boot.a(am335x_beaglebone_pinmux_data_boot.o)
 .data.gI2cPinCfg
                0x00000000402f7aec       0x10 /oe/bld/build-CORTEX_1/arago-tmp-external-arm-toolchain/work/am335x_evm-linux-gnueabi/starterware-rtos/02.01.01.12A-r0.0/git/binary/board/lib/am335x-evm/a8/release/gcc/libboard_boot.a(am335x_beaglebone_pinmux_data_boot.o)
 .data.gUart0PinCfg
                0x00000000402f7afc       0x18 /oe/bld/build-CORTEX_1/arago-tmp-external-arm-toolchain/work/am335x_evm-linux-gnueabi/starterware-rtos/02.01.01.12A-r0.0/git/binary/board/lib/am335x-evm/a8/release/gcc/libboard_boot.a(am335x_beaglebone_pinmux_data_boot.o)
 .data.gUartPinCfg
                0x00000000402f7b14       0x10 /oe/bld/build-CORTEX_1/arago-tmp-external-arm-toolchain/work/am335x_evm-linux-gnueabi/starterware-rtos/02.01.01.12A-r0.0/git/binary/board/lib/am335x-evm/a8/release/gcc/libboard_boot.a(am335x_beaglebone_pinmux_data_boot.o)
 .data.gBbbPinmuxData
                0x00000000402f7b24       0x28 /oe/bld/build-CORTEX_1/arago-tmp-external-arm-toolchain/work/am335x_evm-linux-gnueabi/starterware-rtos/02.01.01.12A-r0.0/git/binary/board/lib/am335x-evm/a8/release/gcc/libboard_boot.a(am335x_beagleboneblack_pinmux_data_boot.o)
                0x00000000402f7b24                gBbbPinmuxData
 .data.gGpio0PinCfg
                0x00000000402f7b4c       0x10 /oe/bld/build-CORTEX_1/arago-tmp-external-arm-toolchain/work/am335x_evm-linux-gnueabi/starterware-rtos/02.01.01.12A-r0.0/git/binary/board/lib/am335x-evm/a8/release/gcc/libboard_boot.a(am335x_beagleboneblack_pinmux_data_boot.o)
 .data.gGpio1PinCfg
                0x00000000402f7b5c       0x38 /oe/bld/build-CORTEX_1/arago-tmp-external-arm-toolchain/work/am335x_evm-linux-gnueabi/starterware-rtos/02.01.01.12A-r0.0/git/binary/board/lib/am335x-evm/a8/release/gcc/libboard_boot.a(am335x_beagleboneblack_pinmux_data_boot.o)
 .data.gGpio3PinCfg
                0x00000000402f7b94       0x10 /oe/bld/build-CORTEX_1/arago-tmp-external-arm-toolchain/work/am335x_evm-linux-gnueabi/starterware-rtos/02.01.01.12A-r0.0/git/binary/board/lib/am335x-evm/a8/release/gcc/libboard_boot.a(am335x_beagleboneblack_pinmux_data_boot.o)
 .data.gGpioPinCfg
                0x00000000402f7ba4       0x20 /oe/bld/build-CORTEX_1/arago-tmp-external-arm-toolchain/work/am335x_evm-linux-gnueabi/starterware-rtos/02.01.01.12A-r0.0/git/binary/board/lib/am335x-evm/a8/release/gcc/libboard_boot.a(am335x_beagleboneblack_pinmux_data_boot.o)
 .data.gI2c0PinCfg
                0x00000000402f7bc4       0x18 /oe/bld/build-CORTEX_1/arago-tmp-external-arm-toolchain/work/am335x_evm-linux-gnueabi/starterware-rtos/02.01.01.12A-r0.0/git/binary/board/lib/am335x-evm/a8/release/gcc/libboard_boot.a(am335x_beagleboneblack_pinmux_data_boot.o)
 .data.gI2cPinCfg
                0x00000000402f7bdc       0x10 /oe/bld/build-CORTEX_1/arago-tmp-external-arm-toolchain/work/am335x_evm-linux-gnueabi/starterware-rtos/02.01.01.12A-r0.0/git/binary/board/lib/am335x-evm/a8/release/gcc/libboard_boot.a(am335x_beagleboneblack_pinmux_data_boot.o)
 .data.gMcspi1PinCfg
                0x00000000402f7bec       0x28 /oe/bld/build-CORTEX_1/arago-tmp-external-arm-toolchain/work/am335x_evm-linux-gnueabi/starterware-rtos/02.01.01.12A-r0.0/git/binary/board/lib/am335x-evm/a8/release/gcc/libboard_boot.a(am335x_beagleboneblack_pinmux_data_boot.o)
 .data.gMcspiPinCfg
                0x00000000402f7c14       0x10 /oe/bld/build-CORTEX_1/arago-tmp-external-arm-toolchain/work/am335x_evm-linux-gnueabi/starterware-rtos/02.01.01.12A-r0.0/git/binary/board/lib/am335x-evm/a8/release/gcc/libboard_boot.a(am335x_beagleboneblack_pinmux_data_boot.o)
 .data.gUart0PinCfg
                0x00000000402f7c24       0x18 /oe/bld/build-CORTEX_1/arago-tmp-external-arm-toolchain/work/am335x_evm-linux-gnueabi/starterware-rtos/02.01.01.12A-r0.0/git/binary/board/lib/am335x-evm/a8/release/gcc/libboard_boot.a(am335x_beagleboneblack_pinmux_data_boot.o)
 .data.gUartPinCfg
                0x00000000402f7c3c       0x10 /oe/bld/build-CORTEX_1/arago-tmp-external-arm-toolchain/work/am335x_evm-linux-gnueabi/starterware-rtos/02.01.01.12A-r0.0/git/binary/board/lib/am335x-evm/a8/release/gcc/libboard_boot.a(am335x_beagleboneblack_pinmux_data_boot.o)
 .data.gGpio0PinCfg
                0x00000000402f7c4c       0x10 /oe/bld/build-CORTEX_1/arago-tmp-external-arm-toolchain/work/am335x_evm-linux-gnueabi/starterware-rtos/02.01.01.12A-r0.0/git/binary/board/lib/am335x-evm/a8/release/gcc/libboard_boot.a(am335x_icev1_pinmux_data_boot.o)
 .data.gGpioPinCfg
                0x00000000402f7c5c       0x10 /oe/bld/build-CORTEX_1/arago-tmp-external-arm-toolchain/work/am335x_evm-linux-gnueabi/starterware-rtos/02.01.01.12A-r0.0/git/binary/board/lib/am335x-evm/a8/release/gcc/libboard_boot.a(am335x_icev1_pinmux_data_boot.o)
 .data.gI2c0PinCfg
                0x00000000402f7c6c       0x18 /oe/bld/build-CORTEX_1/arago-tmp-external-arm-toolchain/work/am335x_evm-linux-gnueabi/starterware-rtos/02.01.01.12A-r0.0/git/binary/board/lib/am335x-evm/a8/release/gcc/libboard_boot.a(am335x_icev1_pinmux_data_boot.o)
 .data.gI2cPinCfg
                0x00000000402f7c84       0x10 /oe/bld/build-CORTEX_1/arago-tmp-external-arm-toolchain/work/am335x_evm-linux-gnueabi/starterware-rtos/02.01.01.12A-r0.0/git/binary/board/lib/am335x-evm/a8/release/gcc/libboard_boot.a(am335x_icev1_pinmux_data_boot.o)
 .data.gIceV1PinmuxData
                0x00000000402f7c94       0x28 /oe/bld/build-CORTEX_1/arago-tmp-external-arm-toolchain/work/am335x_evm-linux-gnueabi/starterware-rtos/02.01.01.12A-r0.0/git/binary/board/lib/am335x-evm/a8/release/gcc/libboard_boot.a(am335x_icev1_pinmux_data_boot.o)
                0x00000000402f7c94                gIceV1PinmuxData
 .data.gMcspi0PinCfg
                0x00000000402f7cbc       0x28 /oe/bld/build-CORTEX_1/arago-tmp-external-arm-toolchain/work/am335x_evm-linux-gnueabi/starterware-rtos/02.01.01.12A-r0.0/git/binary/board/lib/am335x-evm/a8/release/gcc/libboard_boot.a(am335x_icev1_pinmux_data_boot.o)
 .data.gMcspiPinCfg
                0x00000000402f7ce4       0x10 /oe/bld/build-CORTEX_1/arago-tmp-external-arm-toolchain/work/am335x_evm-linux-gnueabi/starterware-rtos/02.01.01.12A-r0.0/git/binary/board/lib/am335x-evm/a8/release/gcc/libboard_boot.a(am335x_icev1_pinmux_data_boot.o)
 .data.gUart0PinCfg
                0x00000000402f7cf4       0x18 /oe/bld/build-CORTEX_1/arago-tmp-external-arm-toolchain/work/am335x_evm-linux-gnueabi/starterware-rtos/02.01.01.12A-r0.0/git/binary/board/lib/am335x-evm/a8/release/gcc/libboard_boot.a(am335x_icev1_pinmux_data_boot.o)
 .data.gUart1PinCfg
                0x00000000402f7d0c       0x18 /oe/bld/build-CORTEX_1/arago-tmp-external-arm-toolchain/work/am335x_evm-linux-gnueabi/starterware-rtos/02.01.01.12A-r0.0/git/binary/board/lib/am335x-evm/a8/release/gcc/libboard_boot.a(am335x_icev1_pinmux_data_boot.o)
 .data.gUart3PinCfg
                0x00000000402f7d24       0x18 /oe/bld/build-CORTEX_1/arago-tmp-external-arm-toolchain/work/am335x_evm-linux-gnueabi/starterware-rtos/02.01.01.12A-r0.0/git/binary/board/lib/am335x-evm/a8/release/gcc/libboard_boot.a(am335x_icev1_pinmux_data_boot.o)
 .data.gUart4PinCfg
                0x00000000402f7d3c       0x18 /oe/bld/build-CORTEX_1/arago-tmp-external-arm-toolchain/work/am335x_evm-linux-gnueabi/starterware-rtos/02.01.01.12A-r0.0/git/binary/board/lib/am335x-evm/a8/release/gcc/libboard_boot.a(am335x_icev1_pinmux_data_boot.o)
 .data.gUart5PinCfg
                0x00000000402f7d54       0x18 /oe/bld/build-CORTEX_1/arago-tmp-external-arm-toolchain/work/am335x_evm-linux-gnueabi/starterware-rtos/02.01.01.12A-r0.0/git/binary/board/lib/am335x-evm/a8/release/gcc/libboard_boot.a(am335x_icev1_pinmux_data_boot.o)
 .data.gUartPinCfg
                0x00000000402f7d6c       0x30 /oe/bld/build-CORTEX_1/arago-tmp-external-arm-toolchain/work/am335x_evm-linux-gnueabi/starterware-rtos/02.01.01.12A-r0.0/git/binary/board/lib/am335x-evm/a8/release/gcc/libboard_boot.a(am335x_icev1_pinmux_data_boot.o)
 .data.gCpsw0PinCfg
                0x00000000402f7d9c       0x98 /oe/bld/build-CORTEX_1/arago-tmp-external-arm-toolchain/work/am335x_evm-linux-gnueabi/starterware-rtos/02.01.01.12A-r0.0/git/binary/board/lib/am335x-evm/a8/release/gcc/libboard_boot.a(am335x_icev2_pinmux_data_boot.o)
 .data.gCpswPinCfg
                0x00000000402f7e34       0x10 /oe/bld/build-CORTEX_1/arago-tmp-external-arm-toolchain/work/am335x_evm-linux-gnueabi/starterware-rtos/02.01.01.12A-r0.0/git/binary/board/lib/am335x-evm/a8/release/gcc/libboard_boot.a(am335x_icev2_pinmux_data_boot.o)
 .data.gDcan0PinCfg
                0x00000000402f7e44       0x18 /oe/bld/build-CORTEX_1/arago-tmp-external-arm-toolchain/work/am335x_evm-linux-gnueabi/starterware-rtos/02.01.01.12A-r0.0/git/binary/board/lib/am335x-evm/a8/release/gcc/libboard_boot.a(am335x_icev2_pinmux_data_boot.o)
 .data.gDcanPinCfg
                0x00000000402f7e5c       0x10 /oe/bld/build-CORTEX_1/arago-tmp-external-arm-toolchain/work/am335x_evm-linux-gnueabi/starterware-rtos/02.01.01.12A-r0.0/git/binary/board/lib/am335x-evm/a8/release/gcc/libboard_boot.a(am335x_icev2_pinmux_data_boot.o)
 .data.gGpio0PinCfg
                0x00000000402f7e6c       0x58 /oe/bld/build-CORTEX_1/arago-tmp-external-arm-toolchain/work/am335x_evm-linux-gnueabi/starterware-rtos/02.01.01.12A-r0.0/git/binary/board/lib/am335x-evm/a8/release/gcc/libboard_boot.a(am335x_icev2_pinmux_data_boot.o)
 .data.gGpio1PinCfg
                0x00000000402f7ec4       0x20 /oe/bld/build-CORTEX_1/arago-tmp-external-arm-toolchain/work/am335x_evm-linux-gnueabi/starterware-rtos/02.01.01.12A-r0.0/git/binary/board/lib/am335x-evm/a8/release/gcc/libboard_boot.a(am335x_icev2_pinmux_data_boot.o)
 .data.gGpio2PinCfg
                0x00000000402f7ee4       0x10 /oe/bld/build-CORTEX_1/arago-tmp-external-arm-toolchain/work/am335x_evm-linux-gnueabi/starterware-rtos/02.01.01.12A-r0.0/git/binary/board/lib/am335x-evm/a8/release/gcc/libboard_boot.a(am335x_icev2_pinmux_data_boot.o)
 .data.gGpio3PinCfg
                0x00000000402f7ef4       0x30 /oe/bld/build-CORTEX_1/arago-tmp-external-arm-toolchain/work/am335x_evm-linux-gnueabi/starterware-rtos/02.01.01.12A-r0.0/git/binary/board/lib/am335x-evm/a8/release/gcc/libboard_boot.a(am335x_icev2_pinmux_data_boot.o)
 .data.gGpioPinCfg
                0x00000000402f7f24       0x28 /oe/bld/build-CORTEX_1/arago-tmp-external-arm-toolchain/work/am335x_evm-linux-gnueabi/starterware-rtos/02.01.01.12A-r0.0/git/binary/board/lib/am335x-evm/a8/release/gcc/libboard_boot.a(am335x_icev2_pinmux_data_boot.o)
 .data.gGpmc0PinCfg
                0x00000000402f7f4c       0x28 /oe/bld/build-CORTEX_1/arago-tmp-external-arm-toolchain/work/am335x_evm-linux-gnueabi/starterware-rtos/02.01.01.12A-r0.0/git/binary/board/lib/am335x-evm/a8/release/gcc/libboard_boot.a(am335x_icev2_pinmux_data_boot.o)
 .data.gGpmcPinCfg
                0x00000000402f7f74       0x10 /oe/bld/build-CORTEX_1/arago-tmp-external-arm-toolchain/work/am335x_evm-linux-gnueabi/starterware-rtos/02.01.01.12A-r0.0/git/binary/board/lib/am335x-evm/a8/release/gcc/libboard_boot.a(am335x_icev2_pinmux_data_boot.o)
 .data.gI2c0PinCfg
                0x00000000402f7f84       0x18 /oe/bld/build-CORTEX_1/arago-tmp-external-arm-toolchain/work/am335x_evm-linux-gnueabi/starterware-rtos/02.01.01.12A-r0.0/git/binary/board/lib/am335x-evm/a8/release/gcc/libboard_boot.a(am335x_icev2_pinmux_data_boot.o)
 .data.gI2cPinCfg
                0x00000000402f7f9c       0x10 /oe/bld/build-CORTEX_1/arago-tmp-external-arm-toolchain/work/am335x_evm-linux-gnueabi/starterware-rtos/02.01.01.12A-r0.0/git/binary/board/lib/am335x-evm/a8/release/gcc/libboard_boot.a(am335x_icev2_pinmux_data_boot.o)
 .data.gIceV2PinmuxData
                0x00000000402f7fac       0x50 /oe/bld/build-CORTEX_1/arago-tmp-external-arm-toolchain/work/am335x_evm-linux-gnueabi/starterware-rtos/02.01.01.12A-r0.0/git/binary/board/lib/am335x-evm/a8/release/gcc/libboard_boot.a(am335x_icev2_pinmux_data_boot.o)
                0x00000000402f7fac                gIceV2PinmuxData
 .data.gMcspi0PinCfg
                0x00000000402f7ffc       0x30 /oe/bld/build-CORTEX_1/arago-tmp-external-arm-toolchain/work/am335x_evm-linux-gnueabi/starterware-rtos/02.01.01.12A-r0.0/git/binary/board/lib/am335x-evm/a8/release/gcc/libboard_boot.a(am335x_icev2_pinmux_data_boot.o)
 .data.gMcspi1PinCfg
                0x00000000402f802c       0x28 /oe/bld/build-CORTEX_1/arago-tmp-external-arm-toolchain/work/am335x_evm-linux-gnueabi/starterware-rtos/02.01.01.12A-r0.0/git/binary/board/lib/am335x-evm/a8/release/gcc/libboard_boot.a(am335x_icev2_pinmux_data_boot.o)
 .data.gMcspiPinCfg
                0x00000000402f8054       0x18 /oe/bld/build-CORTEX_1/arago-tmp-external-arm-toolchain/work/am335x_evm-linux-gnueabi/starterware-rtos/02.01.01.12A-r0.0/git/binary/board/lib/am335x-evm/a8/release/gcc/libboard_boot.a(am335x_icev2_pinmux_data_boot.o)
 .data.gMmcsd0PinCfg
                0x00000000402f806c       0x38 /oe/bld/build-CORTEX_1/arago-tmp-external-arm-toolchain/work/am335x_evm-linux-gnueabi/starterware-rtos/02.01.01.12A-r0.0/git/binary/board/lib/am335x-evm/a8/release/gcc/libboard_boot.a(am335x_icev2_pinmux_data_boot.o)
 .data.gMmcsdPinCfg
                0x00000000402f80a4       0x10 /oe/bld/build-CORTEX_1/arago-tmp-external-arm-toolchain/work/am335x_evm-linux-gnueabi/starterware-rtos/02.01.01.12A-r0.0/git/binary/board/lib/am335x-evm/a8/release/gcc/libboard_boot.a(am335x_icev2_pinmux_data_boot.o)
 .data.gPru_icss1PinCfg
                0x00000000402f80b4      0x140 /oe/bld/build-CORTEX_1/arago-tmp-external-arm-toolchain/work/am335x_evm-linux-gnueabi/starterware-rtos/02.01.01.12A-r0.0/git/binary/board/lib/am335x-evm/a8/release/gcc/libboard_boot.a(am335x_icev2_pinmux_data_boot.o)
 .data.gPru_icssPinCfg
                0x00000000402f81f4       0x10 /oe/bld/build-CORTEX_1/arago-tmp-external-arm-toolchain/work/am335x_evm-linux-gnueabi/starterware-rtos/02.01.01.12A-r0.0/git/binary/board/lib/am335x-evm/a8/release/gcc/libboard_boot.a(am335x_icev2_pinmux_data_boot.o)
 .data.gUart1PinCfg
                0x00000000402f8204       0x18 /oe/bld/build-CORTEX_1/arago-tmp-external-arm-toolchain/work/am335x_evm-linux-gnueabi/starterware-rtos/02.01.01.12A-r0.0/git/binary/board/lib/am335x-evm/a8/release/gcc/libboard_boot.a(am335x_icev2_pinmux_data_boot.o)
 .data.gUart3PinCfg
                0x00000000402f821c       0x18 /oe/bld/build-CORTEX_1/arago-tmp-external-arm-toolchain/work/am335x_evm-linux-gnueabi/starterware-rtos/02.01.01.12A-r0.0/git/binary/board/lib/am335x-evm/a8/release/gcc/libboard_boot.a(am335x_icev2_pinmux_data_boot.o)
 .data.gUart4PinCfg
                0x00000000402f8234       0x18 /oe/bld/build-CORTEX_1/arago-tmp-external-arm-toolchain/work/am335x_evm-linux-gnueabi/starterware-rtos/02.01.01.12A-r0.0/git/binary/board/lib/am335x-evm/a8/release/gcc/libboard_boot.a(am335x_icev2_pinmux_data_boot.o)
 .data.gUartPinCfg
                0x00000000402f824c       0x20 /oe/bld/build-CORTEX_1/arago-tmp-external-arm-toolchain/work/am335x_evm-linux-gnueabi/starterware-rtos/02.01.01.12A-r0.0/git/binary/board/lib/am335x-evm/a8/release/gcc/libboard_boot.a(am335x_icev2_pinmux_data_boot.o)
 .data.gAMIC11xPinmuxData
                0x00000000402f826c       0x68 /oe/bld/build-CORTEX_1/arago-tmp-external-arm-toolchain/work/am335x_evm-linux-gnueabi/starterware-rtos/02.01.01.12A-r0.0/git/binary/board/lib/am335x-evm/a8/release/gcc/libboard_boot.a(am335x_amic11x_pinmux_data_boot.o)
                0x00000000402f826c                gAMIC11xPinmuxData
 .data.gAdc0PinCfg
                0x00000000402f82d4        0x8 /oe/bld/build-CORTEX_1/arago-tmp-external-arm-toolchain/work/am335x_evm-linux-gnueabi/starterware-rtos/02.01.01.12A-r0.0/git/binary/board/lib/am335x-evm/a8/release/gcc/libboard_boot.a(am335x_amic11x_pinmux_data_boot.o)
 .data.gAdcPinCfg
                0x00000000402f82dc       0x10 /oe/bld/build-CORTEX_1/arago-tmp-external-arm-toolchain/work/am335x_evm-linux-gnueabi/starterware-rtos/02.01.01.12A-r0.0/git/binary/board/lib/am335x-evm/a8/release/gcc/libboard_boot.a(am335x_amic11x_pinmux_data_boot.o)
 .data.gDebugss0PinCfg
                0x00000000402f82ec       0x48 /oe/bld/build-CORTEX_1/arago-tmp-external-arm-toolchain/work/am335x_evm-linux-gnueabi/starterware-rtos/02.01.01.12A-r0.0/git/binary/board/lib/am335x-evm/a8/release/gcc/libboard_boot.a(am335x_amic11x_pinmux_data_boot.o)
 .data.gDebugssPinCfg
                0x00000000402f8334       0x10 /oe/bld/build-CORTEX_1/arago-tmp-external-arm-toolchain/work/am335x_evm-linux-gnueabi/starterware-rtos/02.01.01.12A-r0.0/git/binary/board/lib/am335x-evm/a8/release/gcc/libboard_boot.a(am335x_amic11x_pinmux_data_boot.o)
 .data.gEmif4PinCfg
                0x00000000402f8344        0x8 /oe/bld/build-CORTEX_1/arago-tmp-external-arm-toolchain/work/am335x_evm-linux-gnueabi/starterware-rtos/02.01.01.12A-r0.0/git/binary/board/lib/am335x-evm/a8/release/gcc/libboard_boot.a(am335x_amic11x_pinmux_data_boot.o)
 .data.gEmifPinCfg
                0x00000000402f834c       0x10 /oe/bld/build-CORTEX_1/arago-tmp-external-arm-toolchain/work/am335x_evm-linux-gnueabi/starterware-rtos/02.01.01.12A-r0.0/git/binary/board/lib/am335x-evm/a8/release/gcc/libboard_boot.a(am335x_amic11x_pinmux_data_boot.o)
 .data.gGlue0PinCfg
                0x00000000402f835c       0x18 /oe/bld/build-CORTEX_1/arago-tmp-external-arm-toolchain/work/am335x_evm-linux-gnueabi/starterware-rtos/02.01.01.12A-r0.0/git/binary/board/lib/am335x-evm/a8/release/gcc/libboard_boot.a(am335x_amic11x_pinmux_data_boot.o)
 .data.gGluePinCfg
                0x00000000402f8374       0x10 /oe/bld/build-CORTEX_1/arago-tmp-external-arm-toolchain/work/am335x_evm-linux-gnueabi/starterware-rtos/02.01.01.12A-r0.0/git/binary/board/lib/am335x-evm/a8/release/gcc/libboard_boot.a(am335x_amic11x_pinmux_data_boot.o)
 .data.gGpio0PinCfg
                0x00000000402f8384       0x30 /oe/bld/build-CORTEX_1/arago-tmp-external-arm-toolchain/work/am335x_evm-linux-gnueabi/starterware-rtos/02.01.01.12A-r0.0/git/binary/board/lib/am335x-evm/a8/release/gcc/libboard_boot.a(am335x_amic11x_pinmux_data_boot.o)
 .data.gGpio1PinCfg
                0x00000000402f83b4       0x38 /oe/bld/build-CORTEX_1/arago-tmp-external-arm-toolchain/work/am335x_evm-linux-gnueabi/starterware-rtos/02.01.01.12A-r0.0/git/binary/board/lib/am335x-evm/a8/release/gcc/libboard_boot.a(am335x_amic11x_pinmux_data_boot.o)
 .data.gGpio2PinCfg
                0x00000000402f83ec       0x38 /oe/bld/build-CORTEX_1/arago-tmp-external-arm-toolchain/work/am335x_evm-linux-gnueabi/starterware-rtos/02.01.01.12A-r0.0/git/binary/board/lib/am335x-evm/a8/release/gcc/libboard_boot.a(am335x_amic11x_pinmux_data_boot.o)
 .data.gGpio3PinCfg
                0x00000000402f8424       0x38 /oe/bld/build-CORTEX_1/arago-tmp-external-arm-toolchain/work/am335x_evm-linux-gnueabi/starterware-rtos/02.01.01.12A-r0.0/git/binary/board/lib/am335x-evm/a8/release/gcc/libboard_boot.a(am335x_amic11x_pinmux_data_boot.o)
 .data.gGpioPinCfg
                0x00000000402f845c       0x28 /oe/bld/build-CORTEX_1/arago-tmp-external-arm-toolchain/work/am335x_evm-linux-gnueabi/starterware-rtos/02.01.01.12A-r0.0/git/binary/board/lib/am335x-evm/a8/release/gcc/libboard_boot.a(am335x_amic11x_pinmux_data_boot.o)
 .data.gI2c0PinCfg
                0x00000000402f8484       0x18 /oe/bld/build-CORTEX_1/arago-tmp-external-arm-toolchain/work/am335x_evm-linux-gnueabi/starterware-rtos/02.01.01.12A-r0.0/git/binary/board/lib/am335x-evm/a8/release/gcc/libboard_boot.a(am335x_amic11x_pinmux_data_boot.o)
 .data.gI2cPinCfg