Archive member included to satisfy reference by file (symbol)

/oe/bld/build-CORTEX_1/arago-tmp-external-arm-toolchain/work/am335x_evm-linux-gnueabi/starterware-rtos/02.01.01.12A-r0.0/git/binary/examples/example_utils/lib/am335x-evm/a8/debug/gcc/libexample_utils.a(example_utils_mmu.o)
                              /oe/bld/build-CORTEX_1/arago-tmp-external-arm-toolchain/work/am335x_evm-linux-gnueabi/starterware-rtos/02.01.01.12A-r0.0/git/binary/mmcsd_app_fs_shell/obj/am335x-evm/a8host/debug/gcc/fs_shell_app_main.o (MMUConfigAndEnable)
/oe/bld/build-CORTEX_1/arago-tmp-external-arm-toolchain/work/am335x_evm-linux-gnueabi/starterware-rtos/02.01.01.12A-r0.0/git/binary/examples/example_utils/lib/am335x-evm/a8/debug/gcc/libexample_utils.a(fs_shell_app_utils.o)
                              /oe/bld/build-CORTEX_1/arago-tmp-external-arm-toolchain/work/am335x_evm-linux-gnueabi/starterware-rtos/02.01.01.12A-r0.0/git/binary/mmcsd_app_fs_shell/obj/am335x-evm/a8host/debug/gcc/fs_shell_app_main.o (FSShellAppUtilsProcess)
/oe/bld/build-CORTEX_1/arago-tmp-external-arm-toolchain/work/am335x_evm-linux-gnueabi/starterware-rtos/02.01.01.12A-r0.0/git/binary/library/third_party/ff9b/lib/am335x-evm/a8/debug/gcc/libff9b_lib.a(ff.o)
                              /oe/bld/build-CORTEX_1/arago-tmp-external-arm-toolchain/work/am335x_evm-linux-gnueabi/starterware-rtos/02.01.01.12A-r0.0/git/binary/examples/example_utils/lib/am335x-evm/a8/debug/gcc/libexample_utils.a(fs_shell_app_utils.o) (f_open)
/oe/bld/build-CORTEX_1/arago-tmp-external-arm-toolchain/work/am335x_evm-linux-gnueabi/starterware-rtos/02.01.01.12A-r0.0/git/binary/library/third_party/ff9b/lib/am335x-evm/a8/debug/gcc/libff9b_lib.a(diskio.o)
                              /oe/bld/build-CORTEX_1/arago-tmp-external-arm-toolchain/work/am335x_evm-linux-gnueabi/starterware-rtos/02.01.01.12A-r0.0/git/binary/library/third_party/ff9b/lib/am335x-evm/a8/debug/gcc/libff9b_lib.a(ff.o) (disk_initialize)
/oe/bld/build-CORTEX_1/arago-tmp-external-arm-toolchain/work/am335x_evm-linux-gnueabi/starterware-rtos/02.01.01.12A-r0.0/git/binary/library/third_party/ff9b/lib/am335x-evm/a8/debug/gcc/libff9b_lib.a(fatfs_port.o)
                              /oe/bld/build-CORTEX_1/arago-tmp-external-arm-toolchain/work/am335x_evm-linux-gnueabi/starterware-rtos/02.01.01.12A-r0.0/git/binary/library/third_party/ff9b/lib/am335x-evm/a8/debug/gcc/libff9b_lib.a(diskio.o) (gPortFatFsDrvs)
/oe/bld/build-CORTEX_1/arago-tmp-external-arm-toolchain/work/am335x_evm-linux-gnueabi/starterware-rtos/02.01.01.12A-r0.0/git/binary/library/third_party/ff9b/lib/am335x-evm/a8/debug/gcc/libff9b_lib.a(fatfs_port_mmcsd.o)
                              /oe/bld/build-CORTEX_1/arago-tmp-external-arm-toolchain/work/am335x_evm-linux-gnueabi/starterware-rtos/02.01.01.12A-r0.0/git/binary/library/third_party/ff9b/lib/am335x-evm/a8/debug/gcc/libff9b_lib.a(fatfs_port.o) (FATFSPortMmcsdDiskInitialize)
/oe/bld/build-CORTEX_1/arago-tmp-external-arm-toolchain/work/am335x_evm-linux-gnueabi/starterware-rtos/02.01.01.12A-r0.0/git/binary/library/mmcsd/lib/am335x-evm/a8/debug/gcc/libmmcsd_lib.a(mmcsd_lib.o)
                              /oe/bld/build-CORTEX_1/arago-tmp-external-arm-toolchain/work/am335x_evm-linux-gnueabi/starterware-rtos/02.01.01.12A-r0.0/git/binary/library/third_party/ff9b/lib/am335x-evm/a8/debug/gcc/libff9b_lib.a(fatfs_port_mmcsd.o) (MMCSDLibBusWidthSet)
/oe/bld/build-CORTEX_1/arago-tmp-external-arm-toolchain/work/am335x_evm-linux-gnueabi/starterware-rtos/02.01.01.12A-r0.0/git/binary/library/mmcsd/lib/am335x-evm/a8/debug/gcc/libmmcsd_lib.a(hsmmcsd_lib_port.o)
                              /oe/bld/build-CORTEX_1/arago-tmp-external-arm-toolchain/work/am335x_evm-linux-gnueabi/starterware-rtos/02.01.01.12A-r0.0/git/binary/mmcsd_app_fs_shell/obj/am335x-evm/a8host/debug/gcc/hsmmcsd_app_pol.o (HSMMCSDLibPortIsCardPresent)
/oe/bld/build-CORTEX_1/arago-tmp-external-arm-toolchain/work/am335x_evm-linux-gnueabi/starterware-rtos/02.01.01.12A-r0.0/git/binary/board/lib/am335x-evm/a8/debug/gcc/libboard.a(board.o)
                              /oe/bld/build-CORTEX_1/arago-tmp-external-arm-toolchain/work/am335x_evm-linux-gnueabi/starterware-rtos/02.01.01.12A-r0.0/git/binary/mmcsd_app_fs_shell/obj/am335x-evm/a8host/debug/gcc/fs_shell_app_main.o (BOARDInit)
/oe/bld/build-CORTEX_1/arago-tmp-external-arm-toolchain/work/am335x_evm-linux-gnueabi/starterware-rtos/02.01.01.12A-r0.0/git/binary/board/lib/am335x-evm/a8/debug/gcc/libboard.a(dcard.o)
                              /oe/bld/build-CORTEX_1/arago-tmp-external-arm-toolchain/work/am335x_evm-linux-gnueabi/starterware-rtos/02.01.01.12A-r0.0/git/binary/board/lib/am335x-evm/a8/debug/gcc/libboard.a(board.o) (DCARDIsDevPresent)
/oe/bld/build-CORTEX_1/arago-tmp-external-arm-toolchain/work/am335x_evm-linux-gnueabi/starterware-rtos/02.01.01.12A-r0.0/git/binary/board/lib/am335x-evm/a8/debug/gcc/libboard.a(platform.o)
[...]
Memory Configuration

Name             Origin             Length             Attributes
DDR0             0x0000000080000000 0x0000000010000000
OCMCRAM          0x0000000040300000 0x0000000000040000
*default*        0x0000000000000000 0xffffffffffffffff

Linker script and memory map

LOAD /oe/bld/build-CORTEX_1/arago-tmp-external-arm-toolchain/work/am335x_evm-linux-gnueabi/starterware-rtos/02.01.01.12A-r0.0/recipe-sysroot-native/usr/share/ti/gcc-arm-none-eabi/bin/../lib/gcc/arm-none-eabi/7.3.1/hard/crti.o
LOAD /oe/bld/build-CORTEX_1/arago-tmp-external-arm-toolchain/work/am335x_evm-linux-gnueabi/starterware-rtos/02.01.01.12A-r0.0/recipe-sysroot-native/usr/share/ti/gcc-arm-none-eabi/bin/../lib/gcc/arm-none-eabi/7.3.1/hard/crtbegin.o
LOAD /oe/bld/build-CORTEX_1/arago-tmp-external-arm-toolchain/work/am335x_evm-linux-gnueabi/starterware-rtos/02.01.01.12A-r0.0/recipe-sysroot-native/usr/share/ti/gcc-arm-none-eabi/bin/../lib/gcc/arm-none-eabi/7.3.1/../../../../arm-none-eabi/lib/hard/crt0.o
LOAD /oe/bld/build-CORTEX_1/arago-tmp-external-arm-toolchain/work/am335x_evm-linux-gnueabi/starterware-rtos/02.01.01.12A-r0.0/git/binary/mmcsd_app_fs_shell/obj/am335x-evm/a8host/debug/gcc/hsmmcsd_app_pol.o
LOAD /oe/bld/build-CORTEX_1/arago-tmp-external-arm-toolchain/work/am335x_evm-linux-gnueabi/starterware-rtos/02.01.01.12A-r0.0/git/binary/mmcsd_app_fs_shell/obj/am335x-evm/a8host/debug/gcc/fs_shell_app_main.o

.startcode      0x0000000080000000       0xb4
                0x0000000080000000                . = ALIGN (0x4)
 *init.o(.text)
 .text          0x0000000080000000       0xb4 /oe/bld/build-CORTEX_1/arago-tmp-external-arm-toolchain/work/am335x_evm-linux-gnueabi/starterware-rtos/02.01.01.12A-r0.0/git/binary/soc/lib/am335x-evm/a8/debug/gcc/libsoc.a(init.o)
                0x0000000080000000                Entry

.text           0x00000000800000b8    0x1764c
                0x00000000800000b8                . = ALIGN (0x4)
 *(.text*)
 .text.HW_WR_REG32
                0x00000000800000b8       0x34 /oe/bld/build-CORTEX_1/arago-tmp-external-arm-toolchain/work/am335x_evm-linux-gnueabi/starterware-rtos/02.01.01.12A-r0.0/git/binary/mmcsd_app_fs_shell/obj/am335x-evm/a8host/debug/gcc/hsmmcsd_app_pol.o
 .text.HSMMCSDAppPolInit
                0x00000000800000ec      0x13c /oe/bld/build-CORTEX_1/arago-tmp-external-arm-toolchain/work/am335x_evm-linux-gnueabi/starterware-rtos/02.01.01.12A-r0.0/git/binary/mmcsd_app_fs_shell/obj/am335x-evm/a8host/debug/gcc/hsmmcsd_app_pol.o
                0x00000000800000ec                HSMMCSDAppPolInit
 .text.HSMMCSDAppPolCmdStatusGet
                0x0000000080000228       0xf8 /oe/bld/build-CORTEX_1/arago-tmp-external-arm-toolchain/work/am335x_evm-linux-gnueabi/starterware-rtos/02.01.01.12A-r0.0/git/binary/mmcsd_app_fs_shell/obj/am335x-evm/a8host/debug/gcc/hsmmcsd_app_pol.o
 .text.HSMMCSDAppPolXferStatusGet
                0x0000000080000320      0x318 /oe/bld/build-CORTEX_1/arago-tmp-external-arm-toolchain/work/am335x_evm-linux-gnueabi/starterware-rtos/02.01.01.12A-r0.0/git/binary/mmcsd_app_fs_shell/obj/am335x-evm/a8host/debug/gcc/hsmmcsd_app_pol.o
 .text.HSMMCSDAppPolXferSetup
                0x0000000080000638      0x154 /oe/bld/build-CORTEX_1/arago-tmp-external-arm-toolchain/work/am335x_evm-linux-gnueabi/starterware-rtos/02.01.01.12A-r0.0/git/binary/mmcsd_app_fs_shell/obj/am335x-evm/a8host/debug/gcc/hsmmcsd_app_pol.o
 .text.HSMMCSDAppPolStatusGet
                0x000000008000078c       0xb8 /oe/bld/build-CORTEX_1/arago-tmp-external-arm-toolchain/work/am335x_evm-linux-gnueabi/starterware-rtos/02.01.01.12A-r0.0/git/binary/mmcsd_app_fs_shell/obj/am335x-evm/a8host/debug/gcc/hsmmcsd_app_pol.o
 .text.HSMMCSDAppPolControllerSetup
                0x0000000080000844      0x160 /oe/bld/build-CORTEX_1/arago-tmp-external-arm-toolchain/work/am335x_evm-linux-gnueabi/starterware-rtos/02.01.01.12A-r0.0/git/binary/mmcsd_app_fs_shell/obj/am335x-evm/a8host/debug/gcc/hsmmcsd_app_pol.o
 .text.main     0x00000000800009a4      0x18c /oe/bld/build-CORTEX_1/arago-tmp-external-arm-toolchain/work/am335x_evm-linux-gnueabi/starterware-rtos/02.01.01.12A-r0.0/git/binary/mmcsd_app_fs_shell/obj/am335x-evm/a8host/debug/gcc/fs_shell_app_main.o
                0x00000000800009a4                main
 .text.MMUConfigAndEnable
                0x0000000080000b30       0xd0 /oe/bld/build-CORTEX_1/arago-tmp-external-arm-toolchain/work/am335x_evm-linux-gnueabi/starterware-rtos/02.01.01.12A-r0.0/git/binary/examples/example_utils/lib/am335x-evm/a8/debug/gcc/libexample_utils.a(example_utils_mmu.o)
                0x0000000080000b30                MMUConfigAndEnable
 .text.FSShellAppUtilsProcess
                0x0000000080000c00      0x2e8 /oe/bld/build-CORTEX_1/arago-tmp-external-arm-toolchain/work/am335x_evm-linux-gnueabi/starterware-rtos/02.01.01.12A-r0.0/git/binary/examples/example_utils/lib/am335x-evm/a8/debug/gcc/libexample_utils.a(fs_shell_app_utils.o)
                0x0000000080000c00                FSShellAppUtilsProcess
 .text.FSShellAppUtilsCmdExecute
                0x0000000080000ee8      0x180 /oe/bld/build-CORTEX_1/arago-tmp-external-arm-toolchain/work/am335x_evm-linux-gnueabi/starterware-rtos/02.01.01.12A-r0.0/git/binary/examples/example_utils/lib/am335x-evm/a8/debug/gcc/libexample_utils.a(fs_shell_app_utils.o)
                0x0000000080000ee8                FSShellAppUtilsCmdExecute
 .text.FSShellAppUtilsFrmtPath
                0x0000000080001068      0x268 /oe/bld/build-CORTEX_1/arago-tmp-external-arm-toolchain/work/am335x_evm-linux-gnueabi/starterware-rtos/02.01.01.12A-r0.0/git/binary/examples/example_utils/lib/am335x-evm/a8/debug/gcc/libexample_utils.a(fs_shell_app_utils.o)
 .text.FSShellAppUtilsCmdLs
                0x00000000800012d0      0x318 /oe/bld/build-CORTEX_1/arago-tmp-external-arm-toolchain/work/am335x_evm-linux-gnueabi/starterware-rtos/02.01.01.12A-r0.0/git/binary/examples/example_utils/lib/am335x-evm/a8/debug/gcc/libexample_utils.a(fs_shell_app_utils.o)
                0x00000000800012d0                FSShellAppUtilsCmdLs
 .text.FSShellAppUtilsCmdRm
                0x00000000800015e8       0x94 /oe/bld/build-CORTEX_1/arago-tmp-external-arm-toolchain/work/am335x_evm-linux-gnueabi/starterware-rtos/02.01.01.12A-r0.0/git/binary/examples/example_utils/lib/am335x-evm/a8/debug/gcc/libexample_utils.a(fs_shell_app_utils.o)
                0x00000000800015e8                FSShellAppUtilsCmdRm
 .text.FSShellAppUtilsCmdMkDir
                0x000000008000167c       0xb0 /oe/bld/build-CORTEX_1/arago-tmp-external-arm-toolchain/work/am335x_evm-linux-gnueabi/starterware-rtos/02.01.01.12A-r0.0/git/binary/examples/example_utils/lib/am335x-evm/a8/debug/gcc/libexample_utils.a(fs_shell_app_utils.o)
                0x000000008000167c                FSShellAppUtilsCmdMkDir
 .text.FSShellAppUtilsCmdCd
                0x000000008000172c       0xdc /oe/bld/build-CORTEX_1/arago-tmp-external-arm-toolchain/work/am335x_evm-linux-gnueabi/starterware-rtos/02.01.01.12A-r0.0/git/binary/examples/example_utils/lib/am335x-evm/a8/debug/gcc/libexample_utils.a(fs_shell_app_utils.o)
                0x000000008000172c                FSShellAppUtilsCmdCd
 .text.FSShellAppUtilsCmdPwd
                0x0000000080001808       0x40 /oe/bld/build-CORTEX_1/arago-tmp-external-arm-toolchain/work/am335x_evm-linux-gnueabi/starterware-rtos/02.01.01.12A-r0.0/git/binary/examples/example_utils/lib/am335x-evm/a8/debug/gcc/libexample_utils.a(fs_shell_app_utils.o)
                0x0000000080001808                FSShellAppUtilsCmdPwd
 .text.FSShellAppUtilsCmdCat
                0x0000000080001848      0x388 /oe/bld/build-CORTEX_1/arago-tmp-external-arm-toolchain/work/am335x_evm-linux-gnueabi/starterware-rtos/02.01.01.12A-r0.0/git/binary/examples/example_utils/lib/am335x-evm/a8/debug/gcc/libexample_utils.a(fs_shell_app_utils.o)
                0x0000000080001848                FSShellAppUtilsCmdCat
 .text.FSShellAppUtilsCmdHelp
                0x0000000080001bd0       0xa0 /oe/bld/build-CORTEX_1/arago-tmp-external-arm-toolchain/work/am335x_evm-linux-gnueabi/starterware-rtos/02.01.01.12A-r0.0/git/binary/examples/example_utils/lib/am335x-evm/a8/debug/gcc/libexample_utils.a(fs_shell_app_utils.o)
                0x0000000080001bd0                FSShellAppUtilsCmdHelp
 .text.ld_word  0x0000000080001c70       0x58 /oe/bld/build-CORTEX_1/arago-tmp-external-arm-toolchain/work/am335x_evm-linux-gnueabi/starterware-rtos/02.01.01.12A-r0.0/git/binary/library/third_party/ff9b/lib/am335x-evm/a8/debug/gcc/libff9b_lib.a(ff.o)
 .text.ld_dword
                0x0000000080001cc8       0x84 /oe/bld/build-CORTEX_1/arago-tmp-external-arm-toolchain/work/am335x_evm-linux-gnueabi/starterware-rtos/02.01.01.12A-r0.0/git/binary/library/third_party/ff9b/lib/am335x-evm/a8/debug/gcc/libff9b_lib.a(ff.o)
 .text.st_word  0x0000000080001d4c       0x64 /oe/bld/build-CORTEX_1/arago-tmp-external-arm-toolchain/work/am335x_evm-linux-gnueabi/starterware-rtos/02.01.01.12A-r0.0/git/binary/library/third_party/ff9b/lib/am335x-evm/a8/debug/gcc/libff9b_lib.a(ff.o)
 .text.st_dword
                0x0000000080001db0       0xa8 /oe/bld/build-CORTEX_1/arago-tmp-external-arm-toolchain/work/am335x_evm-linux-gnueabi/starterware-rtos/02.01.01.12A-r0.0/git/binary/library/third_party/ff9b/lib/am335x-evm/a8/debug/gcc/libff9b_lib.a(ff.o)
 .text.mem_cpy  0x0000000080001e58       0x7c /oe/bld/build-CORTEX_1/arago-tmp-external-arm-toolchain/work/am335x_evm-linux-gnueabi/starterware-rtos/02.01.01.12A-r0.0/git/binary/library/third_party/ff9b/lib/am335x-evm/a8/debug/gcc/libff9b_lib.a(ff.o)
 .text.mem_set  0x0000000080001ed4       0x60 /oe/bld/build-CORTEX_1/arago-tmp-external-arm-toolchain/work/am335x_evm-linux-gnueabi/starterware-rtos/02.01.01.12A-r0.0/git/binary/library/third_party/ff9b/lib/am335x-evm/a8/debug/gcc/libff9b_lib.a(ff.o)
 .text.mem_cmp  0x0000000080001f34       0x94 /oe/bld/build-CORTEX_1/arago-tmp-external-arm-toolchain/work/am335x_evm-linux-gnueabi/starterware-rtos/02.01.01.12A-r0.0/git/binary/library/third_party/ff9b/lib/am335x-evm/a8/debug/gcc/libff9b_lib.a(ff.o)
 .text.chk_chr  0x0000000080001fc8       0x64 /oe/bld/build-CORTEX_1/arago-tmp-external-arm-toolchain/work/am335x_evm-linux-gnueabi/starterware-rtos/02.01.01.12A-r0.0/git/binary/library/third_party/ff9b/lib/am335x-evm/a8/debug/gcc/libff9b_lib.a(ff.o)
 .text.ff_convert
                0x000000008000202c       0x40 /oe/bld/build-CORTEX_1/arago-tmp-external-arm-toolchain/work/am335x_evm-linux-gnueabi/starterware-rtos/02.01.01.12A-r0.0/git/binary/library/third_party/ff9b/lib/am335x-evm/a8/debug/gcc/libff9b_lib.a(ff.o)
                0x000000008000202c                ff_convert
 .text.ff_wtoupper
                0x000000008000206c       0x60 /oe/bld/build-CORTEX_1/arago-tmp-external-arm-toolchain/work/am335x_evm-linux-gnueabi/starterware-rtos/02.01.01.12A-r0.0/git/binary/library/third_party/ff9b/lib/am335x-evm/a8/debug/gcc/libff9b_lib.a(ff.o)
                0x000000008000206c                ff_wtoupper
 .text.sync_window
                0x00000000800020cc      0x10c /oe/bld/build-CORTEX_1/arago-tmp-external-arm-toolchain/work/am335x_evm-linux-gnueabi/starterware-rtos/02.01.01.12A-r0.0/git/binary/library/third_party/ff9b/lib/am335x-evm/a8/debug/gcc/libff9b_lib.a(ff.o)
 .text.move_window
                0x00000000800021d8       0xb0 /oe/bld/build-CORTEX_1/arago-tmp-external-arm-toolchain/work/am335x_evm-linux-gnueabi/starterware-rtos/02.01.01.12A-r0.0/git/binary/library/third_party/ff9b/lib/am335x-evm/a8/debug/gcc/libff9b_lib.a(ff.o)
 .text.sync_fs  0x0000000080002288      0x1b8 /oe/bld/build-CORTEX_1/arago-tmp-external-arm-toolchain/work/am335x_evm-linux-gnueabi/starterware-rtos/02.01.01.12A-r0.0/git/binary/library/third_party/ff9b/lib/am335x-evm/a8/debug/gcc/libff9b_lib.a(ff.o)
 .text.clust2sect
                0x0000000080002440       0x70 /oe/bld/build-CORTEX_1/arago-tmp-external-arm-toolchain/work/am335x_evm-linux-gnueabi/starterware-rtos/02.01.01.12A-r0.0/git/binary/library/third_party/ff9b/lib/am335x-evm/a8/debug/gcc/libff9b_lib.a(ff.o)
 .text.get_fat  0x00000000800024b0      0x27c /oe/bld/build-CORTEX_1/arago-tmp-external-arm-toolchain/work/am335x_evm-linux-gnueabi/starterware-rtos/02.01.01.12A-r0.0/git/binary/library/third_party/ff9b/lib/am335x-evm/a8/debug/gcc/libff9b_lib.a(ff.o)
 .text.put_fat  0x000000008000272c      0x360 /oe/bld/build-CORTEX_1/arago-tmp-external-arm-toolchain/work/am335x_evm-linux-gnueabi/starterware-rtos/02.01.01.12A-r0.0/git/binary/library/third_party/ff9b/lib/am335x-evm/a8/debug/gcc/libff9b_lib.a(ff.o)
 .text.remove_chain
                0x0000000080002a8c      0x184 /oe/bld/build-CORTEX_1/arago-tmp-external-arm-toolchain/work/am335x_evm-linux-gnueabi/starterware-rtos/02.01.01.12A-r0.0/git/binary/library/third_party/ff9b/lib/am335x-evm/a8/debug/gcc/libff9b_lib.a(ff.o)
 .text.create_chain
                0x0000000080002c10      0x258 /oe/bld/build-CORTEX_1/arago-tmp-external-arm-toolchain/work/am335x_evm-linux-gnueabi/starterware-rtos/02.01.01.12A-r0.0/git/binary/library/third_party/ff9b/lib/am335x-evm/a8/debug/gcc/libff9b_lib.a(ff.o)
 .text.dir_sdi  0x0000000080002e68      0x1dc /oe/bld/build-CORTEX_1/arago-tmp-external-arm-toolchain/work/am335x_evm-linux-gnueabi/starterware-rtos/02.01.01.12A-r0.0/git/binary/library/third_party/ff9b/lib/am335x-evm/a8/debug/gcc/libff9b_lib.a(ff.o)
 .text.dir_next
                0x0000000080003044      0x308 /oe/bld/build-CORTEX_1/arago-tmp-external-arm-toolchain/work/am335x_evm-linux-gnueabi/starterware-rtos/02.01.01.12A-r0.0/git/binary/library/third_party/ff9b/lib/am335x-evm/a8/debug/gcc/libff9b_lib.a(ff.o)
 .text.dir_alloc
                0x000000008000334c      0x124 /oe/bld/build-CORTEX_1/arago-tmp-external-arm-toolchain/work/am335x_evm-linux-gnueabi/starterware-rtos/02.01.01.12A-r0.0/git/binary/library/third_party/ff9b/lib/am335x-evm/a8/debug/gcc/libff9b_lib.a(ff.o)
 .text.ld_clust
                0x0000000080003470       0x80 /oe/bld/build-CORTEX_1/arago-tmp-external-arm-toolchain/work/am335x_evm-linux-gnueabi/starterware-rtos/02.01.01.12A-r0.0/git/binary/library/third_party/ff9b/lib/am335x-evm/a8/debug/gcc/libff9b_lib.a(ff.o)
 .text.st_clust
                0x00000000800034f0       0x80 /oe/bld/build-CORTEX_1/arago-tmp-external-arm-toolchain/work/am335x_evm-linux-gnueabi/starterware-rtos/02.01.01.12A-r0.0/git/binary/library/third_party/ff9b/lib/am335x-evm/a8/debug/gcc/libff9b_lib.a(ff.o)
 .text.cmp_lfn  0x0000000080003570      0x1ac /oe/bld/build-CORTEX_1/arago-tmp-external-arm-toolchain/work/am335x_evm-linux-gnueabi/starterware-rtos/02.01.01.12A-r0.0/git/binary/library/third_party/ff9b/lib/am335x-evm/a8/debug/gcc/libff9b_lib.a(ff.o)
 .text.pick_lfn
                0x000000008000371c      0x174 /oe/bld/build-CORTEX_1/arago-tmp-external-arm-toolchain/work/am335x_evm-linux-gnueabi/starterware-rtos/02.01.01.12A-r0.0/git/binary/library/third_party/ff9b/lib/am335x-evm/a8/debug/gcc/libff9b_lib.a(ff.o)
 .text.put_lfn  0x0000000080003890      0x180 /oe/bld/build-CORTEX_1/arago-tmp-external-arm-toolchain/work/am335x_evm-linux-gnueabi/starterware-rtos/02.01.01.12A-r0.0/git/binary/library/third_party/ff9b/lib/am335x-evm/a8/debug/gcc/libff9b_lib.a(ff.o)
 .text.gen_numname
                0x0000000080003a10      0x288 /oe/bld/build-CORTEX_1/arago-tmp-external-arm-toolchain/work/am335x_evm-linux-gnueabi/starterware-rtos/02.01.01.12A-r0.0/git/binary/library/third_party/ff9b/lib/am335x-evm/a8/debug/gcc/libff9b_lib.a(ff.o)
 .text.sum_sfn  0x0000000080003c98       0x7c /oe/bld/build-CORTEX_1/arago-tmp-external-arm-toolchain/work/am335x_evm-linux-gnueabi/starterware-rtos/02.01.01.12A-r0.0/git/binary/library/third_party/ff9b/lib/am335x-evm/a8/debug/gcc/libff9b_lib.a(ff.o)
 .text.dir_read
                0x0000000080003d14      0x28c /oe/bld/build-CORTEX_1/arago-tmp-external-arm-toolchain/work/am335x_evm-linux-gnueabi/starterware-rtos/02.01.01.12A-r0.0/git/binary/library/third_party/ff9b/lib/am335x-evm/a8/debug/gcc/libff9b_lib.a(ff.o)
 .text.dir_find
                0x0000000080003fa0      0x2e4 /oe/bld/build-CORTEX_1/arago-tmp-external-arm-toolchain/work/am335x_evm-linux-gnueabi/starterware-rtos/02.01.01.12A-r0.0/git/binary/library/third_party/ff9b/lib/am335x-evm/a8/debug/gcc/libff9b_lib.a(ff.o)
 .text.dir_register
                0x0000000080004284      0x3c4 /oe/bld/build-CORTEX_1/arago-tmp-external-arm-toolchain/work/am335x_evm-linux-gnueabi/starterware-rtos/02.01.01.12A-r0.0/git/binary/library/third_party/ff9b/lib/am335x-evm/a8/debug/gcc/libff9b_lib.a(ff.o)
 .text.dir_remove
                0x0000000080004648      0x12c /oe/bld/build-CORTEX_1/arago-tmp-external-arm-toolchain/work/am335x_evm-linux-gnueabi/starterware-rtos/02.01.01.12A-r0.0/git/binary/library/third_party/ff9b/lib/am335x-evm/a8/debug/gcc/libff9b_lib.a(ff.o)
 .text.get_fileinfo
                0x0000000080004774      0x3a8 /oe/bld/build-CORTEX_1/arago-tmp-external-arm-toolchain/work/am335x_evm-linux-gnueabi/starterware-rtos/02.01.01.12A-r0.0/git/binary/library/third_party/ff9b/lib/am335x-evm/a8/debug/gcc/libff9b_lib.a(ff.o)
 .text.create_name
                0x0000000080004b1c      0x708 /oe/bld/build-CORTEX_1/arago-tmp-external-arm-toolchain/work/am335x_evm-linux-gnueabi/starterware-rtos/02.01.01.12A-r0.0/git/binary/library/third_party/ff9b/lib/am335x-evm/a8/debug/gcc/libff9b_lib.a(ff.o)
 .text.follow_path
                0x0000000080005224      0x1c0 /oe/bld/build-CORTEX_1/arago-tmp-external-arm-toolchain/work/am335x_evm-linux-gnueabi/starterware-rtos/02.01.01.12A-r0.0/git/binary/library/third_party/ff9b/lib/am335x-evm/a8/debug/gcc/libff9b_lib.a(ff.o)
 .text.get_ldnumber
                0x00000000800053e4      0x104 /oe/bld/build-CORTEX_1/arago-tmp-external-arm-toolchain/work/am335x_evm-linux-gnueabi/starterware-rtos/02.01.01.12A-r0.0/git/binary/library/third_party/ff9b/lib/am335x-evm/a8/debug/gcc/libff9b_lib.a(ff.o)
 .text.check_fs
                0x00000000800054e8      0x10c /oe/bld/build-CORTEX_1/arago-tmp-external-arm-toolchain/work/am335x_evm-linux-gnueabi/starterware-rtos/02.01.01.12A-r0.0/git/binary/library/third_party/ff9b/lib/am335x-evm/a8/debug/gcc/libff9b_lib.a(ff.o)
 .text.find_volume
                0x00000000800055f4      0x8d4 /oe/bld/build-CORTEX_1/arago-tmp-external-arm-toolchain/work/am335x_evm-linux-gnueabi/starterware-rtos/02.01.01.12A-r0.0/git/binary/library/third_party/ff9b/lib/am335x-evm/a8/debug/gcc/libff9b_lib.a(ff.o)
 .text.validate
                0x0000000080005ec8       0xd4 /oe/bld/build-CORTEX_1/arago-tmp-external-arm-toolchain/work/am335x_evm-linux-gnueabi/starterware-rtos/02.01.01.12A-r0.0/git/binary/library/third_party/ff9b/lib/am335x-evm/a8/debug/gcc/libff9b_lib.a(ff.o)
 .text.f_mount  0x0000000080005f9c       0xfc /oe/bld/build-CORTEX_1/arago-tmp-external-arm-toolchain/work/am335x_evm-linux-gnueabi/starterware-rtos/02.01.01.12A-r0.0/git/binary/library/third_party/ff9b/lib/am335x-evm/a8/debug/gcc/libff9b_lib.a(ff.o)
                0x0000000080005f9c                f_mount
 .text.f_open   0x0000000080006098      0x408 /oe/bld/build-CORTEX_1/arago-tmp-external-arm-toolchain/work/am335x_evm-linux-gnueabi/starterware-rtos/02.01.01.12A-r0.0/git/binary/library/third_party/ff9b/lib/am335x-evm/a8/debug/gcc/libff9b_lib.a(ff.o)
                0x0000000080006098                f_open
 .text.f_read   0x00000000800064a0      0x498 /oe/bld/build-CORTEX_1/arago-tmp-external-arm-toolchain/work/am335x_evm-linux-gnueabi/starterware-rtos/02.01.01.12A-r0.0/git/binary/library/third_party/ff9b/lib/am335x-evm/a8/debug/gcc/libff9b_lib.a(ff.o)
                0x00000000800064a0                f_read
 .text.f_write  0x0000000080006938      0x560 /oe/bld/build-CORTEX_1/arago-tmp-external-arm-toolchain/work/am335x_evm-linux-gnueabi/starterware-rtos/02.01.01.12A-r0.0/git/binary/library/third_party/ff9b/lib/am335x-evm/a8/debug/gcc/libff9b_lib.a(ff.o)
                0x0000000080006938                f_write
 .text.f_sync   0x0000000080006e98      0x1f8 /oe/bld/build-CORTEX_1/arago-tmp-external-arm-toolchain/work/am335x_evm-linux-gnueabi/starterware-rtos/02.01.01.12A-r0.0/git/binary/library/third_party/ff9b/lib/am335x-evm/a8/debug/gcc/libff9b_lib.a(ff.o)
                0x0000000080006e98                f_sync
 .text.f_close  0x0000000080007090       0x7c /oe/bld/build-CORTEX_1/arago-tmp-external-arm-toolchain/work/am335x_evm-linux-gnueabi/starterware-rtos/02.01.01.12A-r0.0/git/binary/library/third_party/ff9b/lib/am335x-evm/a8/debug/gcc/libff9b_lib.a(ff.o)
                0x0000000080007090                f_close
 .text.f_opendir
                0x000000008000710c      0x190 /oe/bld/build-CORTEX_1/arago-tmp-external-arm-toolchain/work/am335x_evm-linux-gnueabi/starterware-rtos/02.01.01.12A-r0.0/git/binary/library/third_party/ff9b/lib/am335x-evm/a8/debug/gcc/libff9b_lib.a(ff.o)
                0x000000008000710c                f_opendir
 .text.f_readdir
                0x000000008000729c      0x118 /oe/bld/build-CORTEX_1/arago-tmp-external-arm-toolchain/work/am335x_evm-linux-gnueabi/starterware-rtos/02.01.01.12A-r0.0/git/binary/library/third_party/ff9b/lib/am335x-evm/a8/debug/gcc/libff9b_lib.a(ff.o)
                0x000000008000729c                f_readdir
 .text.f_getfree
                0x00000000800073b4      0x2a8 /oe/bld/build-CORTEX_1/arago-tmp-external-arm-toolchain/work/am335x_evm-linux-gnueabi/starterware-rtos/02.01.01.12A-r0.0/git/binary/library/third_party/ff9b/lib/am335x-evm/a8/debug/gcc/libff9b_lib.a(ff.o)
                0x00000000800073b4                f_getfree
 .text.f_unlink
                0x000000008000765c      0x22c /oe/bld/build-CORTEX_1/arago-tmp-external-arm-toolchain/work/am335x_evm-linux-gnueabi/starterware-rtos/02.01.01.12A-r0.0/git/binary/library/third_party/ff9b/lib/am335x-evm/a8/debug/gcc/libff9b_lib.a(ff.o)
                0x000000008000765c                f_unlink
 .text.f_mkdir  0x0000000080007888      0x3f0 /oe/bld/build-CORTEX_1/arago-tmp-external-arm-toolchain/work/am335x_evm-linux-gnueabi/starterware-rtos/02.01.01.12A-r0.0/git/binary/library/third_party/ff9b/lib/am335x-evm/a8/debug/gcc/libff9b_lib.a(ff.o)
                0x0000000080007888                f_mkdir
 .text.disk_initialize
                0x0000000080007c78       0xdc /oe/bld/build-CORTEX_1/arago-tmp-external-arm-toolchain/work/am335x_evm-linux-gnueabi/starterware-rtos/02.01.01.12A-r0.0/git/binary/library/third_party/ff9b/lib/am335x-evm/a8/debug/gcc/libff9b_lib.a(diskio.o)
                0x0000000080007c78                disk_initialize
 .text.disk_status
                0x0000000080007d54       0xdc /oe/bld/build-CORTEX_1/arago-tmp-external-arm-toolchain/work/am335x_evm-linux-gnueabi/starterware-rtos/02.01.01.12A-r0.0/git/binary/library/third_party/ff9b/lib/am335x-evm/a8/debug/gcc/libff9b_lib.a(diskio.o)
                0x0000000080007d54                disk_status
 .text.disk_read
                0x0000000080007e30       0xec /oe/bld/build-CORTEX_1/arago-tmp-external-arm-toolchain/work/am335x_evm-linux-gnueabi/starterware-rtos/02.01.01.12A-r0.0/git/binary/library/third_party/ff9b/lib/am335x-evm/a8/debug/gcc/libff9b_lib.a(diskio.o)
                0x0000000080007e30                disk_read
 .text.disk_write
                0x0000000080007f1c       0xec /oe/bld/build-CORTEX_1/arago-tmp-external-arm-toolchain/work/am335x_evm-linux-gnueabi/starterware-rtos/02.01.01.12A-r0.0/git/binary/library/third_party/ff9b/lib/am335x-evm/a8/debug/gcc/libff9b_lib.a(diskio.o)
                0x0000000080007f1c                disk_write
 .text.disk_ioctl
                0x0000000080008008       0xe4 /oe/bld/build-CORTEX_1/arago-tmp-external-arm-toolchain/work/am335x_evm-linux-gnueabi/starterware-rtos/02.01.01.12A-r0.0/git/binary/library/third_party/ff9b/lib/am335x-evm/a8/debug/gcc/libff9b_lib.a(diskio.o)
                0x0000000080008008                disk_ioctl
 .text.get_fattime
                0x00000000800080ec       0x20 /oe/bld/build-CORTEX_1/arago-tmp-external-arm-toolchain/work/am335x_evm-linux-gnueabi/starterware-rtos/02.01.01.12A-r0.0/git/binary/library/third_party/ff9b/lib/am335x-evm/a8/debug/gcc/libff9b_lib.a(diskio.o)
                0x00000000800080ec                get_fattime
 .text.FATFSPortDiskInitialize
                0x000000008000810c       0xa4 /oe/bld/build-CORTEX_1/arago-tmp-external-arm-toolchain/work/am335x_evm-linux-gnueabi/starterware-rtos/02.01.01.12A-r0.0/git/binary/library/third_party/ff9b/lib/am335x-evm/a8/debug/gcc/libff9b_lib.a(fatfs_port.o)
                0x000000008000810c                FATFSPortDiskInitialize
 .text.FATFSPortDiskStatus
                0x00000000800081b0       0x98 /oe/bld/build-CORTEX_1/arago-tmp-external-arm-toolchain/work/am335x_evm-linux-gnueabi/starterware-rtos/02.01.01.12A-r0.0/git/binary/library/third_party/ff9b/lib/am335x-evm/a8/debug/gcc/libff9b_lib.a(fatfs_port.o)
                0x00000000800081b0                FATFSPortDiskStatus
 .text.FATFSPortDiskRead
                0x0000000080008248       0xac /oe/bld/build-CORTEX_1/arago-tmp-external-arm-toolchain/work/am335x_evm-linux-gnueabi/starterware-rtos/02.01.01.12A-r0.0/git/binary/library/third_party/ff9b/lib/am335x-evm/a8/debug/gcc/libff9b_lib.a(fatfs_port.o)
                0x0000000080008248                FATFSPortDiskRead
 .text.FATFSPortDiskWrite
                0x00000000800082f4       0xac /oe/bld/build-CORTEX_1/arago-tmp-external-arm-toolchain/work/am335x_evm-linux-gnueabi/starterware-rtos/02.01.01.12A-r0.0/git/binary/library/third_party/ff9b/lib/am335x-evm/a8/debug/gcc/libff9b_lib.a(fatfs_port.o)
                0x00000000800082f4                FATFSPortDiskWrite
 .text.FATFSPortDiskIoctl
                0x00000000800083a0       0xac /oe/bld/build-CORTEX_1/arago-tmp-external-arm-toolchain/work/am335x_evm-linux-gnueabi/starterware-rtos/02.01.01.12A-r0.0/git/binary/library/third_party/ff9b/lib/am335x-evm/a8/debug/gcc/libff9b_lib.a(fatfs_port.o)
                0x00000000800083a0                FATFSPortDiskIoctl
 .text.FATFSPortDrvConfig
                0x000000008000844c      0x348 /oe/bld/build-CORTEX_1/arago-tmp-external-arm-toolchain/work/am335x_evm-linux-gnueabi/starterware-rtos/02.01.01.12A-r0.0/git/binary/library/third_party/ff9b/lib/am335x-evm/a8/debug/gcc/libff9b_lib.a(fatfs_port.o)
                0x000000008000844c                FATFSPortDrvConfig
 .text.FATFSPortDevConfig
                0x0000000080008794      0x200 /oe/bld/build-CORTEX_1/arago-tmp-external-arm-toolchain/work/am335x_evm-linux-gnueabi/starterware-rtos/02.01.01.12A-r0.0/git/binary/library/third_party/ff9b/lib/am335x-evm/a8/debug/gcc/libff9b_lib.a(fatfs_port.o)
                0x0000000080008794                FATFSPortDevConfig
 .text.FatFsPortIsDrvReg
                0x0000000080008994       0xac /oe/bld/build-CORTEX_1/arago-tmp-external-arm-toolchain/work/am335x_evm-linux-gnueabi/starterware-rtos/02.01.01.12A-r0.0/git/binary/library/third_party/ff9b/lib/am335x-evm/a8/debug/gcc/libff9b_lib.a(fatfs_port.o)
 .text.FatFsPortIsDevReg
                0x0000000080008a40       0xac /oe/bld/build-CORTEX_1/arago-tmp-external-arm-toolchain/work/am335x_evm-linux-gnueabi/starterware-rtos/02.01.01.12A-r0.0/git/binary/library/third_party/ff9b/lib/am335x-evm/a8/debug/gcc/libff9b_lib.a(fatfs_port.o)
 .text.FatFsPortIsFatFsReg
                0x0000000080008aec       0xb0 /oe/bld/build-CORTEX_1/arago-tmp-external-arm-toolchain/work/am335x_evm-linux-gnueabi/starterware-rtos/02.01.01.12A-r0.0/git/binary/library/third_party/ff9b/lib/am335x-evm/a8/debug/gcc/libff9b_lib.a(fatfs_port.o)
 .text.FatFsPortIsDrvNameUsed
                0x0000000080008b9c       0xc0 /oe/bld/build-CORTEX_1/arago-tmp-external-arm-toolchain/work/am335x_evm-linux-gnueabi/starterware-rtos/02.01.01.12A-r0.0/git/binary/library/third_party/ff9b/lib/am335x-evm/a8/debug/gcc/libff9b_lib.a(fatfs_port.o)
 .text.FatFsPortIsDevNameUsed
                0x0000000080008c5c       0xc0 /oe/bld/build-CORTEX_1/arago-tmp-external-arm-toolchain/work/am335x_evm-linux-gnueabi/starterware-rtos/02.01.01.12A-r0.0/git/binary/library/third_party/ff9b/lib/am335x-evm/a8/debug/gcc/libff9b_lib.a(fatfs_port.o)
 .text.FATFSPortMmcsdDiskInitialize
                0x0000000080008d1c       0xd0 /oe/bld/build-CORTEX_1/arago-tmp-external-arm-toolchain/work/am335x_evm-linux-gnueabi/starterware-rtos/02.01.01.12A-r0.0/git/binary/library/third_party/ff9b/lib/am335x-evm/a8/debug/gcc/libff9b_lib.a(fatfs_port_mmcsd.o)
                0x0000000080008d1c                FATFSPortMmcsdDiskInitialize
 .text.FATFSPortMmcsdDiskStatus
                0x0000000080008dec       0x24 /oe/bld/build-CORTEX_1/arago-tmp-external-arm-toolchain/work/am335x_evm-linux-gnueabi/starterware-rtos/02.01.01.12A-r0.0/git/binary/library/third_party/ff9b/lib/am335x-evm/a8/debug/gcc/libff9b_lib.a(fatfs_port_mmcsd.o)
                0x0000000080008dec                FATFSPortMmcsdDiskStatus
 .text.FATFSPortMmcsdDiskRead
                0x0000000080008e10       0x68 /oe/bld/build-CORTEX_1/arago-tmp-external-arm-toolchain/work/am335x_evm-linux-gnueabi/starterware-rtos/02.01.01.12A-r0.0/git/binary/library/third_party/ff9b/lib/am335x-evm/a8/debug/gcc/libff9b_lib.a(fatfs_port_mmcsd.o)
                0x0000000080008e10                FATFSPortMmcsdDiskRead
 .text.FATFSPortMmcsdDiskWrite
                0x0000000080008e78       0x68 /oe/bld/build-CORTEX_1/arago-tmp-external-arm-toolchain/work/am335x_evm-linux-gnueabi/starterware-rtos/02.01.01.12A-r0.0/git/binary/library/third_party/ff9b/lib/am335x-evm/a8/debug/gcc/libff9b_lib.a(fatfs_port_mmcsd.o)
                0x0000000080008e78                FATFSPortMmcsdDiskWrite
 .text.FATFSPortMmcsdDiskIoctl
                0x0000000080008ee0       0x30 /oe/bld/build-CORTEX_1/arago-tmp-external-arm-toolchain/work/am335x_evm-linux-gnueabi/starterware-rtos/02.01.01.12A-r0.0/git/binary/library/third_party/ff9b/lib/am335x-evm/a8/debug/gcc/libff9b_lib.a(fatfs_port_mmcsd.o)
                0x0000000080008ee0                FATFSPortMmcsdDiskIoctl
 .text.MMCSDLibCmdSend
                0x0000000080008f10       0x38 /oe/bld/build-CORTEX_1/arago-tmp-external-arm-toolchain/work/am335x_evm-linux-gnueabi/starterware-rtos/02.01.01.12A-r0.0/git/binary/library/mmcsd/lib/am335x-evm/a8/debug/gcc/libmmcsd_lib.a(mmcsd_lib.o)
                0x0000000080008f10                MMCSDLibCmdSend
 .text.MMCSDLibAppCmdSend
                0x0000000080008f48       0xb0 /oe/bld/build-CORTEX_1/arago-tmp-external-arm-toolchain/work/am335x_evm-linux-gnueabi/starterware-rtos/02.01.01.12A-r0.0/git/binary/library/mmcsd/lib/am335x-evm/a8/debug/gcc/libmmcsd_lib.a(mmcsd_lib.o)
                0x0000000080008f48                MMCSDLibAppCmdSend
 .text.MMCSDLibBusWidthSet
                0x0000000080008ff8      0x108 /oe/bld/build-CORTEX_1/arago-tmp-external-arm-toolchain/work/am335x_evm-linux-gnueabi/starterware-rtos/02.01.01.12A-r0.0/git/binary/library/mmcsd/lib/am335x-evm/a8/debug/gcc/libmmcsd_lib.a(mmcsd_lib.o)
                0x0000000080008ff8                MMCSDLibBusWidthSet
 .text.MMCSDLibTranSpeedSet
                0x0000000080009100      0x1b8 /oe/bld/build-CORTEX_1/arago-tmp-external-arm-toolchain/work/am335x_evm-linux-gnueabi/starterware-rtos/02.01.01.12A-r0.0/git/binary/library/mmcsd/lib/am335x-evm/a8/debug/gcc/libmmcsd_lib.a(mmcsd_lib.o)
                0x0000000080009100                MMCSDLibTranSpeedSet
 .text.MMCSDLibCardReset
                0x00000000800092b8       0x7c /oe/bld/build-CORTEX_1/arago-tmp-external-arm-toolchain/work/am335x_evm-linux-gnueabi/starterware-rtos/02.01.01.12A-r0.0/git/binary/library/mmcsd/lib/am335x-evm/a8/debug/gcc/libmmcsd_lib.a(mmcsd_lib.o)
                0x00000000800092b8                MMCSDLibCardReset
 .text.MMCSDLibStopCmdSend
                0x0000000080009334       0x8c /oe/bld/build-CORTEX_1/arago-tmp-external-arm-toolchain/work/am335x_evm-linux-gnueabi/starterware-rtos/02.01.01.12A-r0.0/git/binary/library/mmcsd/lib/am335x-evm/a8/debug/gcc/libmmcsd_lib.a(mmcsd_lib.o)
                0x0000000080009334                MMCSDLibStopCmdSend
 .text.MMCSDLibCardTypeCheck
                0x00000000800093c0       0x7c /oe/bld/build-CORTEX_1/arago-tmp-external-arm-toolchain/work/am335x_evm-linux-gnueabi/starterware-rtos/02.01.01.12A-r0.0/git/binary/library/mmcsd/lib/am335x-evm/a8/debug/gcc/libmmcsd_lib.a(mmcsd_lib.o)
                0x00000000800093c0                MMCSDLibCardTypeCheck
 .text.MMCSDLibCtrlInit
                0x000000008000943c       0x30 /oe/bld/build-CORTEX_1/arago-tmp-external-arm-toolchain/work/am335x_evm-linux-gnueabi/starterware-rtos/02.01.01.12A-r0.0/git/binary/library/mmcsd/lib/am335x-evm/a8/debug/gcc/libmmcsd_lib.a(mmcsd_lib.o)
                0x000000008000943c                MMCSDLibCtrlInit
 .text.MMCSDLibCardPresent
                0x000000008000946c       0x30 /oe/bld/build-CORTEX_1/arago-tmp-external-arm-toolchain/work/am335x_evm-linux-gnueabi/starterware-rtos/02.01.01.12A-r0.0/git/binary/library/mmcsd/lib/am335x-evm/a8/debug/gcc/libmmcsd_lib.a(mmcsd_lib.o)
                0x000000008000946c                MMCSDLibCardPresent
 .text.MMCSDLibCardInit
                0x000000008000949c      0x740 /oe/bld/build-CORTEX_1/arago-tmp-external-arm-toolchain/work/am335x_evm-linux-gnueabi/starterware-rtos/02.01.01.12A-r0.0/git/binary/library/mmcsd/lib/am335x-evm/a8/debug/gcc/libmmcsd_lib.a(mmcsd_lib.o)
                0x000000008000949c                MMCSDLibCardInit
 .text.MMCSDLibWriteCmdSend
                0x0000000080009bdc      0x160 /oe/bld/build-CORTEX_1/arago-tmp-external-arm-toolchain/work/am335x_evm-linux-gnueabi/starterware-rtos/02.01.01.12A-r0.0/git/binary/library/mmcsd/lib/am335x-evm/a8/debug/gcc/libmmcsd_lib.a(mmcsd_lib.o)
                0x0000000080009bdc                MMCSDLibWriteCmdSend
 .text.MMCSDLibReadCmdSend
                0x0000000080009d3c      0x160 /oe/bld/build-CORTEX_1/arago-tmp-external-arm-toolchain/work/am335x_evm-linux-gnueabi/starterware-rtos/02.01.01.12A-r0.0/git/binary/library/mmcsd/lib/am335x-evm/a8/debug/gcc/libmmcsd_lib.a(mmcsd_lib.o)
                0x0000000080009d3c                MMCSDLibReadCmdSend
 .text.HSMMCSDLibPortIsCardPresent
                0x0000000080009e9c       0x38 /oe/bld/build-CORTEX_1/arago-tmp-external-arm-toolchain/work/am335x_evm-linux-gnueabi/starterware-rtos/02.01.01.12A-r0.0/git/binary/library/mmcsd/lib/am335x-evm/a8/debug/gcc/libmmcsd_lib.a(hsmmcsd_lib_port.o)
                0x0000000080009e9c                HSMMCSDLibPortIsCardPresent
 .text.HSMMCSDLibPortIntrEnable
                0x0000000080009ed4       0x40 /oe/bld/build-CORTEX_1/arago-tmp-external-arm-toolchain/work/am335x_evm-linux-gnueabi/starterware-rtos/02.01.01.12A-r0.0/git/binary/library/mmcsd/lib/am335x-evm/a8/debug/gcc/libmmcsd_lib.a(hsmmcsd_lib_port.o)
                0x0000000080009ed4                HSMMCSDLibPortIntrEnable
 .text.HSMMCSDLibPortCtrlInit
                0x0000000080009f14      0x218 /oe/bld/build-CORTEX_1/arago-tmp-external-arm-toolchain/work/am335x_evm-linux-gnueabi/starterware-rtos/02.01.01.12A-r0.0/git/binary/library/mmcsd/lib/am335x-evm/a8/debug/gcc/libmmcsd_lib.a(hsmmcsd_lib_port.o)
                0x0000000080009f14                HSMMCSDLibPortCtrlInit
 .text.HSMMCSDLibPortCmdSend
                0x000000008000a12c      0x264 /oe/bld/build-CORTEX_1/arago-tmp-external-arm-toolchain/work/am335x_evm-linux-gnueabi/starterware-rtos/02.01.01.12A-r0.0/git/binary/library/mmcsd/lib/am335x-evm/a8/debug/gcc/libmmcsd_lib.a(hsmmcsd_lib_port.o)
                0x000000008000a12c                HSMMCSDLibPortCmdSend
 .text.HSMMCSDLibPortBusWidthConfig
                0x000000008000a390       0x94 /oe/bld/build-CORTEX_1/arago-tmp-external-arm-toolchain/work/am335x_evm-linux-gnueabi/starterware-rtos/02.01.01.12A-r0.0/git/binary/library/mmcsd/lib/am335x-evm/a8/debug/gcc/libmmcsd_lib.a(hsmmcsd_lib_port.o)
                0x000000008000a390                HSMMCSDLibPortBusWidthConfig
 .text.HSMMCSDLibPortBusFreqConfig
                0x000000008000a424       0x70 /oe/bld/build-CORTEX_1/arago-tmp-external-arm-toolchain/work/am335x_evm-linux-gnueabi/starterware-rtos/02.01.01.12A-r0.0/git/binary/library/mmcsd/lib/am335x-evm/a8/debug/gcc/libmmcsd_lib.a(hsmmcsd_lib_port.o)
                0x000000008000a424                HSMMCSDLibPortBusFreqConfig
 .text.BOARDInit
                0x000000008000a494       0xf8 /oe/bld/build-CORTEX_1/arago-tmp-external-arm-toolchain/work/am335x_evm-linux-gnueabi/starterware-rtos/02.01.01.12A-r0.0/git/binary/board/lib/am335x-evm/a8/debug/gcc/libboard.a(board.o)
                0x000000008000a494                BOARDInit
 .text.BOARDGetId
                0x000000008000a58c       0x90 /oe/bld/build-CORTEX_1/arago-tmp-external-arm-toolchain/work/am335x_evm-linux-gnueabi/starterware-rtos/02.01.01.12A-r0.0/git/binary/board/lib/am335x-evm/a8/debug/gcc/libboard.a(board.o)
                0x000000008000a58c                BOARDGetId
 .text.BOARDGetBoardName
                0x000000008000a61c       0xac /oe/bld/build-CORTEX_1/arago-tmp-external-arm-toolchain/work/am335x_evm-linux-gnueabi/starterware-rtos/02.01.01.12A-r0.0/git/binary/board/lib/am335x-evm/a8/debug/gcc/libboard.a(board.o)
                0x000000008000a61c                BOARDGetBoardName
 .text.BOARDGetBaseBoardRevName
                0x000000008000a6c8       0x54 /oe/bld/build-CORTEX_1/arago-tmp-external-arm-toolchain/work/am335x_evm-linux-gnueabi/starterware-rtos/02.01.01.12A-r0.0/git/binary/board/lib/am335x-evm/a8/debug/gcc/libboard.a(board.o)
                0x000000008000a6c8                BOARDGetBaseBoardRevName
 .text.BOARDGetDcRevName
                0x000000008000a71c       0x54 /oe/bld/build-CORTEX_1/arago-tmp-external-arm-toolchain/work/am335x_evm-linux-gnueabi/starterware-rtos/02.01.01.12A-r0.0/git/binary/board/lib/am335x-evm/a8/debug/gcc/libboard.a(board.o)
                0x000000008000a71c                BOARDGetDcRevName
 .text.BOARDGetData
                0x000000008000a770       0x54 /oe/bld/build-CORTEX_1/arago-tmp-external-arm-toolchain/work/am335x_evm-linux-gnueabi/starterware-rtos/02.01.01.12A-r0.0/git/binary/board/lib/am335x-evm/a8/debug/gcc/libboard.a(board.o)
                0x000000008000a770                BOARDGetData
 .text.BOARDGetDeviceCtrlModInstNum
                0x000000008000a7c4       0xdc /oe/bld/build-CORTEX_1/arago-tmp-external-arm-toolchain/work/am335x_evm-linux-gnueabi/starterware-rtos/02.01.01.12A-r0.0/git/binary/board/lib/am335x-evm/a8/debug/gcc/libboard.a(board.o)
                0x000000008000a7c4                BOARDGetDeviceCtrlModInstNum
 .text.BOARDPrintInfo
                0x000000008000a8a0       0x88 /oe/bld/build-CORTEX_1/arago-tmp-external-arm-toolchain/work/am335x_evm-linux-gnueabi/starterware-rtos/02.01.01.12A-r0.0/git/binary/board/lib/am335x-evm/a8/debug/gcc/libboard.a(board.o)
                0x000000008000a8a0                BOARDPrintInfo
 .text.DCARDGetDCardList
                0x000000008000a928       0x4c /oe/bld/build-CORTEX_1/arago-tmp-external-arm-toolchain/work/am335x_evm-linux-gnueabi/starterware-rtos/02.01.01.12A-r0.0/git/binary/board/lib/am335x-evm/a8/debug/gcc/libboard.a(dcard.o)
                0x000000008000a928                DCARDGetDCardList
 .text.DCARDGetRevStr
                0x000000008000a974       0x50 /oe/bld/build-CORTEX_1/arago-tmp-external-arm-toolchain/work/am335x_evm-linux-gnueabi/starterware-rtos/02.01.01.12A-r0.0/git/binary/board/lib/am335x-evm/a8/debug/gcc/libboard.a(dcard.o)
                0x000000008000a974                DCARDGetRevStr
 .text.DCARDGetData
                0x000000008000a9c4       0x70 /oe/bld/build-CORTEX_1/arago-tmp-external-arm-toolchain/work/am335x_evm-linux-gnueabi/starterware-rtos/02.01.01.12A-r0.0/git/binary/board/lib/am335x-evm/a8/debug/gcc/libboard.a(dcard.o)
                0x000000008000a9c4                DCARDGetData
 .text.DCARDGetRevTable
                0x000000008000aa34       0x40 /oe/bld/build-CORTEX_1/arago-tmp-external-arm-toolchain/work/am335x_evm-linux-gnueabi/starterware-rtos/02.01.01.12A-r0.0/git/binary/board/lib/am335x-evm/a8/debug/gcc/libboard.a(dcard.o)
                0x000000008000aa34                DCARDGetRevTable
 .text.PLATFORMGetId
                0x000000008000aa74       0x30 /oe/bld/build-CORTEX_1/arago-tmp-external-arm-toolchain/work/am335x_evm-linux-gnueabi/starterware-rtos/02.01.01.12A-r0.0/git/binary/board/lib/am335x-evm/a8/debug/gcc/libboard.a(platform.o)
                0x000000008000aa74                PLATFORMGetId
 .text.HW_WR_REG32
                0x000000008000aaa4       0x34 /oe/bld/build-CORTEX_1/arago-tmp-external-arm-toolchain/work/am335x_evm-linux-gnueabi/starterware-rtos/02.01.01.12A-r0.0/git/binary/board/lib/am335x-evm/a8/debug/gcc/libboard.a(pinmux.o)
 .text.PINMUXModuleConfig
                0x000000008000aad8      0x30c /oe/bld/build-CORTEX_1/arago-tmp-external-arm-toolchain/work/am335x_evm-linux-gnueabi/starterware-rtos/02.01.01.12A-r0.0/git/binary/board/lib/am335x-evm/a8/debug/gcc/libboard.a(pinmux.o)
                0x000000008000aad8                PINMUXModuleConfig
 .text.BoardAm335xInit
                0x000000008000ade4       0xd8 /oe/bld/build-CORTEX_1/arago-tmp-external-arm-toolchain/work/am335x_evm-linux-gnueabi/starterware-rtos/02.01.01.12A-r0.0/git/binary/board/lib/am335x-evm/a8/debug/gcc/libboard.a(board_am335x.o)
                0x000000008000ade4                BoardAm335xInit
 .text.BoardGetIdAm335x
                0x000000008000aebc      0x378 /oe/bld/build-CORTEX_1/arago-tmp-external-arm-toolchain/work/am335x_evm-linux-gnueabi/starterware-rtos/02.01.01.12A-r0.0/git/binary/board/lib/am335x-evm/a8/debug/gcc/libboard.a(board_am335x.o)
                0x000000008000aebc                BoardGetIdAm335x
 .text.BoardGetBaseBoardRevAm335x
                0x000000008000b234      0x110 /oe/bld/build-CORTEX_1/arago-tmp-external-arm-toolchain/work/am335x_evm-linux-gnueabi/starterware-rtos/02.01.01.12A-r0.0/git/binary/board/lib/am335x-evm/a8/debug/gcc/libboard.a(board_am335x.o)
                0x000000008000b234                BoardGetBaseBoardRevAm335x
 .text.BoardGetBaseBoardRevNameAm335x
                0x000000008000b344       0x68 /oe/bld/build-CORTEX_1/arago-tmp-external-arm-toolchain/work/am335x_evm-linux-gnueabi/starterware-rtos/02.01.01.12A-r0.0/git/binary/board/lib/am335x-evm/a8/debug/gcc/libboard.a(board_am335x.o)
                0x000000008000b344                BoardGetBaseBoardRevNameAm335x
 .text.BoardGetDcRevAm335x
                0x000000008000b3ac       0x68 /oe/bld/build-CORTEX_1/arago-tmp-external-arm-toolchain/work/am335x_evm-linux-gnueabi/starterware-rtos/02.01.01.12A-r0.0/git/binary/board/lib/am335x-evm/a8/debug/gcc/libboard.a(board_am335x.o)
                0x000000008000b3ac                BoardGetDcRevAm335x
 .text.BoardGetDcRevNameAm335x
                0x000000008000b414       0x70 /oe/bld/build-CORTEX_1/arago-tmp-external-arm-toolchain/work/am335x_evm-linux-gnueabi/starterware-rtos/02.01.01.12A-r0.0/git/binary/board/lib/am335x-evm/a8/debug/gcc/libboard.a(board_am335x.o)
                0x000000008000b414                BoardGetDcRevNameAm335x
 .text.BoardGetI2cDataAm335x
                0x000000008000b484       0x20 /oe/bld/build-CORTEX_1/arago-tmp-external-arm-toolchain/work/am335x_evm-linux-gnueabi/starterware-rtos/02.01.01.12A-r0.0/git/binary/board/lib/am335x-evm/a8/debug/gcc/libboard.a(board_am335x.o)
                0x000000008000b484                BoardGetI2cDataAm335x
 .text.BoardGetDataAm335x
                0x000000008000b4a4       0x4c /oe/bld/build-CORTEX_1/arago-tmp-external-arm-toolchain/work/am335x_evm-linux-gnueabi/starterware-rtos/02.01.01.12A-r0.0/git/binary/board/lib/am335x-evm/a8/debug/gcc/libboard.a(board_am335x.o)
                0x000000008000b4a4                BoardGetDataAm335x
 .text.DCardAm335xGetDCardList
                0x000000008000b4f0       0x20 /oe/bld/build-CORTEX_1/arago-tmp-external-arm-toolchain/work/am335x_evm-linux-gnueabi/starterware-rtos/02.01.01.12A-r0.0/git/binary/board/lib/am335x-evm/a8/debug/gcc/libboard.a(dcard_am335x.o)
                0x000000008000b4f0                DCardAm335xGetDCardList
 .text.BoardAm335xGpevmLcdDevicePowerOn
                0x000000008000b510      0x164 /oe/bld/build-CORTEX_1/arago-tmp-external-arm-toolchain/work/am335x_evm-linux-gnueabi/starterware-rtos/02.01.01.12A-r0.0/git/binary/board/lib/am335x-evm/a8/debug/gcc/libboard.a(am335x_gpevm.o)
                0x000000008000b510                BoardAm335xGpevmLcdDevicePowerOn
 .text.BoardAm335xGpevmGetLcdDevData
                0x000000008000b674       0x64 /oe/bld/build-CORTEX_1/arago-tmp-external-arm-toolchain/work/am335x_evm-linux-gnueabi/starterware-rtos/02.01.01.12A-r0.0/git/binary/board/lib/am335x-evm/a8/debug/gcc/libboard.a(am335x_gpevm.o)
                0x000000008000b674                BoardAm335xGpevmGetLcdDevData
 .text.BoardAm335xGpevmLcdUpdnPinControl
                0x000000008000b6d8      0x1e8 /oe/bld/build-CORTEX_1/arago-tmp-external-arm-toolchain/work/am335x_evm-linux-gnueabi/starterware-rtos/02.01.01.12A-r0.0/git/binary/board/lib/am335x-evm/a8/debug/gcc/libboard.a(am335x_gpevm.o)
                0x000000008000b6d8                BoardAm335xGpevmLcdUpdnPinControl
 .text.BoardAm335xGpevmGpioCfg
                0x000000008000b8c0       0xb8 /oe/bld/build-CORTEX_1/arago-tmp-external-arm-toolchain/work/am335x_evm-linux-gnueabi/starterware-rtos/02.01.01.12A-r0.0/git/binary/board/lib/am335x-evm/a8/debug/gcc/libboard.a(am335x_gpevm.o)
                0x000000008000b8c0                BoardAm335xGpevmGpioCfg
 .text.BoardAm335xBBBPowerOnDCardDev
                0x000000008000b978      0x100 /oe/bld/build-CORTEX_1/arago-tmp-external-arm-toolchain/work/am335x_evm-linux-gnueabi/starterware-rtos/02.01.01.12A-r0.0/git/binary/board/lib/am335x-evm/a8/debug/gcc/libboard.a(am335x_beagleboneblack.o)
                0x000000008000b978                BoardAm335xBBBPowerOnDCardDev
 .text.BoardAm335xBBBGetLcdDevData
                0x000000008000ba78       0x64 /oe/bld/build-CORTEX_1/arago-tmp-external-arm-toolchain/work/am335x_evm-linux-gnueabi/starterware-rtos/02.01.01.12A-r0.0/git/binary/board/lib/am335x-evm/a8/debug/gcc/libboard.a(am335x_beagleboneblack.o)
                0x000000008000ba78                BoardAm335xBBBGetLcdDevData
 .text.BoardAm335xBBBLcdBacklightEnable
                0x000000008000badc       0xe0 /oe/bld/build-CORTEX_1/arago-tmp-external-arm-toolchain/work/am335x_evm-linux-gnueabi/starterware-rtos/02.01.01.12A-r0.0/git/binary/board/lib/am335x-evm/a8/debug/gcc/libboard.a(am335x_beagleboneblack.o)
                0x000000008000badc                BoardAm335xBBBLcdBacklightEnable
 .text.BoardAm335xBBBLcdAvddEnable
                0x000000008000bbbc       0xe0 /oe/bld/build-CORTEX_1/arago-tmp-external-arm-toolchain/work/am335x_evm-linux-gnueabi/starterware-rtos/02.01.01.12A-r0.0/git/binary/board/lib/am335x-evm/a8/debug/gcc/libboard.a(am335x_beagleboneblack.o)
                0x000000008000bbbc                BoardAm335xBBBLcdAvddEnable
 .text.BoardAm335xBBBGpioCfg
                0x000000008000bc9c       0xb8 /oe/bld/build-CORTEX_1/arago-tmp-external-arm-toolchain/work/am335x_evm-linux-gnueabi/starterware-rtos/02.01.01.12A-r0.0/git/binary/board/lib/am335x-evm/a8/debug/gcc/libboard.a(am335x_beagleboneblack.o)
                0x000000008000bc9c                BoardAm335xBBBGpioCfg
 .text.BoardAm335xIceV2PhySetupAndReset
                0x000000008000bd54      0x394 /oe/bld/build-CORTEX_1/arago-tmp-external-arm-toolchain/work/am335x_evm-linux-gnueabi/starterware-rtos/02.01.01.12A-r0.0/git/binary/board/lib/am335x-evm/a8/debug/gcc/libboard.a(am335x_icev2.o)
                0x000000008000bd54                BoardAm335xIceV2PhySetupAndReset
 .text.BoardAm335xAMIC110PhySetupAndReset
                0x000000008000c0e8      0x394 /oe/bld/build-CORTEX_1/arago-tmp-external-arm-toolchain/work/am335x_evm-linux-gnueabi/starterware-rtos/02.01.01.12A-r0.0/git/binary/board/lib/am335x-evm/a8/debug/gcc/libboard.a(am335x_amic110.o)
                0x000000008000c0e8                BoardAm335xAMIC110PhySetupAndReset
 .text.DCardAm335xLCD4GetEepromOffset
                0x000000008000c47c       0x54 /oe/bld/build-CORTEX_1/arago-tmp-external-arm-toolchain/work/am335x_evm-linux-gnueabi/starterware-rtos/02.01.01.12A-r0.0/git/binary/board/lib/am335x-evm/a8/debug/gcc/libboard.a(am335x_lcd4_dcard.o)
                0x000000008000c47c                DCardAm335xLCD4GetEepromOffset
 .text.DCardAm335xLCD4GetEepromOffsetSize
                0x000000008000c4d0       0x1c /oe/bld/build-CORTEX_1/arago-tmp-external-arm-toolchain/work/am335x_evm-linux-gnueabi/starterware-rtos/02.01.01.12A-r0.0/git/binary/board/lib/am335x-evm/a8/debug/gcc/libboard.a(am335x_lcd4_dcard.o)
                0x000000008000c4d0                DCardAm335xLCD4GetEepromOffsetSize
 .text.CONSOLEUtilsInit
                0x000000008000c4ec       0x20 /oe/bld/build-CORTEX_1/arago-tmp-external-arm-toolchain/work/am335x_evm-linux-gnueabi/starterware-rtos/02.01.01.12A-r0.0/git/binary/utils/lib/am335x-evm/a8/debug/gcc/libutils.a(console_utils.o)
                0x000000008000c4ec                CONSOLEUtilsInit
 .text.CONSOLEUtilsSetType
                0x000000008000c50c       0x68 /oe/bld/build-CORTEX_1/arago-tmp-external-arm-toolchain/work/am335x_evm-linux-gnueabi/starterware-rtos/02.01.01.12A-r0.0/git/binary/utils/lib/am335x-evm/a8/debug/gcc/libutils.a(console_utils.o)
                0x000000008000c50c                CONSOLEUtilsSetType
 .text.CONSOLEUtilsGets
                0x000000008000c574       0x80 /oe/bld/build-CORTEX_1/arago-tmp-external-arm-toolchain/work/am335x_evm-linux-gnueabi/starterware-rtos/02.01.01.12A-r0.0/git/binary/utils/lib/am335x-evm/a8/debug/gcc/libutils.a(console_utils.o)
                0x000000008000c574                CONSOLEUtilsGets
 .text.CONSOLEUtilsPuts
                0x000000008000c5f4       0x68 /oe/bld/build-CORTEX_1/arago-tmp-external-arm-toolchain/work/am335x_evm-linux-gnueabi/starterware-rtos/02.01.01.12A-r0.0/git/binary/utils/lib/am335x-evm/a8/debug/gcc/libutils.a(console_utils.o)
                0x000000008000c5f4                CONSOLEUtilsPuts
 .text.CONSOLEUtilsPrintf
                0x000000008000c65c       0x7c /oe/bld/build-CORTEX_1/arago-tmp-external-arm-toolchain/work/am335x_evm-linux-gnueabi/starterware-rtos/02.01.01.12A-r0.0/git/binary/utils/lib/am335x-evm/a8/debug/gcc/libutils.a(console_utils.o)
                0x000000008000c65c                CONSOLEUtilsPrintf
 .text.HW_RD_REG32
                0x000000008000c6d8       0x34 /oe/bld/build-CORTEX_1/arago-tmp-external-arm-toolchain/work/am335x_evm-linux-gnueabi/starterware-rtos/02.01.01.12A-r0.0/git/binary/utils/lib/am335x-evm/a8/debug/gcc/libutils.a(i2c_utils.o)
 .text.HW_WR_REG32
                0x000000008000c70c       0x34 /oe/bld/build-CORTEX_1/arago-tmp-external-arm-toolchain/work/am335x_evm-linux-gnueabi/starterware-rtos/02.01.01.12A-r0.0/git/binary/utils/lib/am335x-evm/a8/debug/gcc/libutils.a(i2c_utils.o)
 .text.I2CUtilsInit
                0x000000008000c740      0x21c /oe/bld/build-CORTEX_1/arago-tmp-external-arm-toolchain/work/am335x_evm-linux-gnueabi/starterware-rtos/02.01.01.12A-r0.0/git/binary/utils/lib/am335x-evm/a8/debug/gcc/libutils.a(i2c_utils.o)
                0x000000008000c740                I2CUtilsInit
 .text.I2CUtilsWrite
                0x000000008000c95c      0x1c8 /oe/bld/build-CORTEX_1/arago-tmp-external-arm-toolchain/work/am335x_evm-linux-gnueabi/starterware-rtos/02.01.01.12A-r0.0/git/binary/utils/lib/am335x-evm/a8/debug/gcc/libutils.a(i2c_utils.o)
                0x000000008000c95c                I2CUtilsWrite
 .text.I2CUtilsRead
                0x000000008000cb24      0x1cc /oe/bld/build-CORTEX_1/arago-tmp-external-arm-toolchain/work/am335x_evm-linux-gnueabi/starterware-rtos/02.01.01.12A-r0.0/git/binary/utils/lib/am335x-evm/a8/debug/gcc/libutils.a(i2c_utils.o)
                0x000000008000cb24                I2CUtilsRead
 .text.I2cUtilsCtrlInit
                0x000000008000ccf0      0x190 /oe/bld/build-CORTEX_1/arago-tmp-external-arm-toolchain/work/am335x_evm-linux-gnueabi/starterware-rtos/02.01.01.12A-r0.0/git/binary/utils/lib/am335x-evm/a8/debug/gcc/libutils.a(i2c_utils.o)
 .text.I2cUtilsTransceive
                0x000000008000ce80      0x864 /oe/bld/build-CORTEX_1/arago-tmp-external-arm-toolchain/work/am335x_evm-linux-gnueabi/starterware-rtos/02.01.01.12A-r0.0/git/binary/utils/lib/am335x-evm/a8/debug/gcc/libutils.a(i2c_utils.o)
 .text.I2cUtilsStatusCheck
                0x000000008000d6e4       0xe8 /oe/bld/build-CORTEX_1/arago-tmp-external-arm-toolchain/work/am335x_evm-linux-gnueabi/starterware-rtos/02.01.01.12A-r0.0/git/binary/utils/lib/am335x-evm/a8/debug/gcc/libutils.a(i2c_utils.o)
 .text.I2cUtilsPinmuxConfig
                0x000000008000d7cc       0xf0 /oe/bld/build-CORTEX_1/arago-tmp-external-arm-toolchain/work/am335x_evm-linux-gnueabi/starterware-rtos/02.01.01.12A-r0.0/git/binary/utils/lib/am335x-evm/a8/debug/gcc/libutils.a(i2c_utils.o)
 .text.I2cUtilsModuleClockConfig
                0x000000008000d8bc       0x84 /oe/bld/build-CORTEX_1/arago-tmp-external-arm-toolchain/work/am335x_evm-linux-gnueabi/starterware-rtos/02.01.01.12A-r0.0/git/binary/utils/lib/am335x-evm/a8/debug/gcc/libutils.a(i2c_utils.o)
 .text.I2cUtilsParamsValidate
                0x000000008000d940       0xcc /oe/bld/build-CORTEX_1/arago-tmp-external-arm-toolchain/work/am335x_evm-linux-gnueabi/starterware-rtos/02.01.01.12A-r0.0/git/binary/utils/lib/am335x-evm/a8/debug/gcc/libutils.a(i2c_utils.o)
 .text.I2cUtilsUpdateInfo
                0x000000008000da0c       0x40 /oe/bld/build-CORTEX_1/arago-tmp-external-arm-toolchain/work/am335x_evm-linux-gnueabi/starterware-rtos/02.01.01.12A-r0.0/git/binary/utils/lib/am335x-evm/a8/debug/gcc/libutils.a(i2c_utils.o)
 .text.I2C1ModuleClkConfig
                0x000000008000da4c       0xd4 /oe/bld/build-CORTEX_1/arago-tmp-external-arm-toolchain/work/am335x_evm-linux-gnueabi/starterware-rtos/02.01.01.12A-r0.0/git/binary/utils/lib/am335x-evm/a8/debug/gcc/libutils.a(i2c_utils.o)
                0x000000008000da4c                I2C1ModuleClkConfig
 .text.I2C0ModuleClkConfig
                0x000000008000db20       0xfc /oe/bld/build-CORTEX_1/arago-tmp-external-arm-toolchain/work/am335x_evm-linux-gnueabi/starterware-rtos/02.01.01.12A-r0.0/git/binary/utils/lib/am335x-evm/a8/debug/gcc/libutils.a(i2c_utils.o)
                0x000000008000db20                I2C0ModuleClkConfig
 .text.I2C2ModuleClkConfig
                0x000000008000dc1c      0x134 /oe/bld/build-CORTEX_1/arago-tmp-external-arm-toolchain/work/am335x_evm-linux-gnueabi/starterware-rtos/02.01.01.12A-r0.0/git/binary/utils/lib/am335x-evm/a8/debug/gcc/libutils.a(i2c_utils.o)
                0x000000008000dc1c                I2C2ModuleClkConfig
 .text.TIMEGetTimeStamp
                0x000000008000dd50       0x28 /oe/bld/build-CORTEX_1/arago-tmp-external-arm-toolchain/work/am335x_evm-linux-gnueabi/starterware-rtos/02.01.01.12A-r0.0/git/binary/utils/lib/am335x-evm/a8/debug/gcc/libutils.a(time_utils.o)
                0x000000008000dd50                TIMEGetTimeStamp
 .text.DELAYMsec
                0x000000008000dd78       0x98 /oe/bld/build-CORTEX_1/arago-tmp-external-arm-toolchain/work/am335x_evm-linux-gnueabi/starterware-rtos/02.01.01.12A-r0.0/git/binary/utils/lib/am335x-evm/a8/debug/gcc/libutils.a(time_utils.o)
                0x000000008000dd78                DELAYMsec
 .text.TIMERUtilGetTimeStamp
                0x000000008000de10      0x128 /oe/bld/build-CORTEX_1/arago-tmp-external-arm-toolchain/work/am335x_evm-linux-gnueabi/starterware-rtos/02.01.01.12A-r0.0/git/binary/utils/lib/am335x-evm/a8/debug/gcc/libutils.a(dmtimer_utils.o)
                0x000000008000de10                TIMERUtilGetTimeStamp
 .text.HW_WR_REG32
                0x000000008000df38       0x34 /oe/bld/build-CORTEX_1/arago-tmp-external-arm-toolchain/work/am335x_evm-linux-gnueabi/starterware-rtos/02.01.01.12A-r0.0/git/binary/utils/lib/am335x-evm/a8/debug/gcc/libutils.a(console_utils_uart.o)
 .text.CONSOLEUtilsUartInit
                0x000000008000df6c      0x180 /oe/bld/build-CORTEX_1/arago-tmp-external-arm-toolchain/work/am335x_evm-linux-gnueabi/starterware-rtos/02.01.01.12A-r0.0/git/binary/utils/lib/am335x-evm/a8/debug/gcc/libutils.a(console_utils_uart.o)
                0x000000008000df6c                CONSOLEUtilsUartInit
 .text.CONSOLEUtilsUartPutChar
                0x000000008000e0ec      0x174 /oe/bld/build-CORTEX_1/arago-tmp-external-arm-toolchain/work/am335x_evm-linux-gnueabi/starterware-rtos/02.01.01.12A-r0.0/git/binary/utils/lib/am335x-evm/a8/debug/gcc/libutils.a(console_utils_uart.o)
                0x000000008000e0ec                CONSOLEUtilsUartPutChar
 .text.CONSOLEUtilsUartGetStr
                0x000000008000e260      0x15c /oe/bld/build-CORTEX_1/arago-tmp-external-arm-toolchain/work/am335x_evm-linux-gnueabi/starterware-rtos/02.01.01.12A-r0.0/git/binary/utils/lib/am335x-evm/a8/debug/gcc/libutils.a(console_utils_uart.o)
                0x000000008000e260                CONSOLEUtilsUartGetStr
 .text.CONSOLEUtilsUartPutStr
                0x000000008000e3bc       0xa8 /oe/bld/build-CORTEX_1/arago-tmp-external-arm-toolchain/work/am335x_evm-linux-gnueabi/starterware-rtos/02.01.01.12A-r0.0/git/binary/utils/lib/am335x-evm/a8/debug/gcc/libutils.a(console_utils_uart.o)
                0x000000008000e3bc                CONSOLEUtilsUartPutStr
 .text.CONSOLEUtilsUartPrintFmt
                0x000000008000e464     0x1020 /oe/bld/build-CORTEX_1/arago-tmp-external-arm-toolchain/work/am335x_evm-linux-gnueabi/starterware-rtos/02.01.01.12A-r0.0/git/binary/utils/lib/am335x-evm/a8/debug/gcc/libutils.a(console_utils_uart.o)
                0x000000008000e464                CONSOLEUtilsUartPrintFmt
 .text.ConsoleUtilsUartClearBuf
                0x000000008000f484      0x10c /oe/bld/build-CORTEX_1/arago-tmp-external-arm-toolchain/work/am335x_evm-linux-gnueabi/starterware-rtos/02.01.01.12A-r0.0/git/binary/utils/lib/am335x-evm/a8/debug/gcc/libutils.a(console_utils_uart.o)
 .text.ConsoleUtilsUartPinMuxSetup
                0x000000008000f590      0x108 /oe/bld/build-CORTEX_1/arago-tmp-external-arm-toolchain/work/am335x_evm-linux-gnueabi/starterware-rtos/02.01.01.12A-r0.0/git/binary/utils/lib/am335x-evm/a8/debug/gcc/libutils.a(console_utils_uart.o)
 .text.ConsoleUtilsUartBlockingRead
                0x000000008000f698      0x3e4 /oe/bld/build-CORTEX_1/arago-tmp-external-arm-toolchain/work/am335x_evm-linux-gnueabi/starterware-rtos/02.01.01.12A-r0.0/git/binary/utils/lib/am335x-evm/a8/debug/gcc/libutils.a(console_utils_uart.o)
 .text.SOCGetSocFamilyId
                0x000000008000fa7c       0x30 /oe/bld/build-CORTEX_1/arago-tmp-external-arm-toolchain/work/am335x_evm-linux-gnueabi/starterware-rtos/02.01.01.12A-r0.0/git/binary/soc/lib/am335x-evm/a8/debug/gcc/libsoc.a(soc.o)
                0x000000008000fa7c                SOCGetSocFamilyId
 .text.SOCGetCoreId
                0x000000008000faac       0x30 /oe/bld/build-CORTEX_1/arago-tmp-external-arm-toolchain/work/am335x_evm-linux-gnueabi/starterware-rtos/02.01.01.12A-r0.0/git/binary/soc/lib/am335x-evm/a8/debug/gcc/libsoc.a(soc.o)
                0x000000008000faac                SOCGetCoreId
 .text.SOCGetSocFamilyName
                0x000000008000fadc       0xb8 /oe/bld/build-CORTEX_1/arago-tmp-external-arm-toolchain/work/am335x_evm-linux-gnueabi/starterware-rtos/02.01.01.12A-r0.0/git/binary/soc/lib/am335x-evm/a8/debug/gcc/libsoc.a(soc.o)
                0x000000008000fadc                SOCGetSocFamilyName
 .text.SOCGetCoreName
                0x000000008000fb94       0xb8 /oe/bld/build-CORTEX_1/arago-tmp-external-arm-toolchain/work/am335x_evm-linux-gnueabi/starterware-rtos/02.01.01.12A-r0.0/git/binary/soc/lib/am335x-evm/a8/debug/gcc/libsoc.a(soc.o)
                0x000000008000fb94                SOCGetCoreName
 .text.SOCPrintInfo
                0x000000008000fc4c       0x60 /oe/bld/build-CORTEX_1/arago-tmp-external-arm-toolchain/work/am335x_evm-linux-gnueabi/starterware-rtos/02.01.01.12A-r0.0/git/binary/soc/lib/am335x-evm/a8/debug/gcc/libsoc.a(soc.o)
                0x000000008000fc4c                SOCPrintInfo
 .text.start_boot
                0x000000008000fcac       0x24 /oe/bld/build-CORTEX_1/arago-tmp-external-arm-toolchain/work/am335x_evm-linux-gnueabi/starterware-rtos/02.01.01.12A-r0.0/git/binary/soc/lib/am335x-evm/a8/debug/gcc/libsoc.a(startup.o)
                0x000000008000fcac                start_boot
 .text.CopyVectorTable
                0x000000008000fcd0       0xbc /oe/bld/build-CORTEX_1/arago-tmp-external-arm-toolchain/work/am335x_evm-linux-gnueabi/starterware-rtos/02.01.01.12A-r0.0/git/binary/soc/lib/am335x-evm/a8/debug/gcc/libsoc.a(startup.o)
 .text.HW_RD_REG32
                0x000000008000fd8c       0x34 /oe/bld/build-CORTEX_1/arago-tmp-external-arm-toolchain/work/am335x_evm-linux-gnueabi/starterware-rtos/02.01.01.12A-r0.0/git/binary/soc/lib/am335x-evm/a8/debug/gcc/libsoc.a(am335x_chipdb.o)
 .text.CHIPDBIsResourcePresent
                0x000000008000fdc0      0x140 /oe/bld/build-CORTEX_1/arago-tmp-external-arm-toolchain/work/am335x_evm-linux-gnueabi/starterware-rtos/02.01.01.12A-r0.0/git/binary/soc/lib/am335x-evm/a8/debug/gcc/libsoc.a(am335x_chipdb.o)
                0x000000008000fdc0                CHIPDBIsResourcePresent
 .text.CHIPDBSecurityLevel
                0x000000008000ff00       0x20 /oe/bld/build-CORTEX_1/arago-tmp-external-arm-toolchain/work/am335x_evm-linux-gnueabi/starterware-rtos/02.01.01.12A-r0.0/git/binary/soc/lib/am335x-evm/a8/debug/gcc/libsoc.a(am335x_chipdb.o)
                0x000000008000ff00                CHIPDBSecurityLevel
 .text.CHIPDBBaseAddress
                0x000000008000ff20       0x78 /oe/bld/build-CORTEX_1/arago-tmp-external-arm-toolchain/work/am335x_evm-linux-gnueabi/starterware-rtos/02.01.01.12A-r0.0/git/binary/soc/lib/am335x-evm/a8/debug/gcc/libsoc.a(am335x_chipdb.o)
                0x000000008000ff20                CHIPDBBaseAddress
 .text.ChipDBReadBasePNEncoding
                0x000000008000ff98       0x1c /oe/bld/build-CORTEX_1/arago-tmp-external-arm-toolchain/work/am335x_evm-linux-gnueabi/starterware-rtos/02.01.01.12A-r0.0/git/binary/soc/lib/am335x-evm/a8/debug/gcc/libsoc.a(am335x_chipdb.o)
 .text.ChipDBReadSecurityLevel
                0x000000008000ffb4       0xd0 /oe/bld/build-CORTEX_1/arago-tmp-external-arm-toolchain/work/am335x_evm-linux-gnueabi/starterware-rtos/02.01.01.12A-r0.0/git/binary/soc/lib/am335x-evm/a8/debug/gcc/libsoc.a(am335x_chipdb.o)
 .text.CHIPDBIsSecureModule
                0x0000000080010084       0x64 /oe/bld/build-CORTEX_1/arago-tmp-external-arm-toolchain/work/am335x_evm-linux-gnueabi/starterware-rtos/02.01.01.12A-r0.0/git/binary/soc/lib/am335x-evm/a8/debug/gcc/libsoc.a(hw_am335x_chipdb.o)
                0x0000000080010084                CHIPDBIsSecureModule
 .text.HW_RD_REG32
                0x00000000800100e8       0x34 /oe/bld/build-CORTEX_1/arago-tmp-external-arm-toolchain/work/am335x_evm-linux-gnueabi/starterware-rtos/02.01.01.12A-r0.0/git/binary/soc/lib/am335x-evm/a8/debug/gcc/libsoc.a(intc.o)
 .text.HW_WR_REG32
                0x000000008001011c       0x34 /oe/bld/build-CORTEX_1/arago-tmp-external-arm-toolchain/work/am335x_evm-linux-gnueabi/starterware-rtos/02.01.01.12A-r0.0/git/binary/soc/lib/am335x-evm/a8/debug/gcc/libsoc.a(intc.o)
 .text.INTCCommonIntrHandler
                0x0000000080010150      0x110 /oe/bld/build-CORTEX_1/arago-tmp-external-arm-toolchain/work/am335x_evm-linux-gnueabi/starterware-rtos/02.01.01.12A-r0.0/git/binary/soc/lib/am335x-evm/a8/debug/gcc/libsoc.a(intc.o)
                0x0000000080010150                INTCCommonIntrHandler
 .text.CACHEEnable
                0x0000000080010260       0x84 /oe/bld/build-CORTEX_1/arago-tmp-external-arm-toolchain/work/am335x_evm-linux-gnueabi/starterware-rtos/02.01.01.12A-r0.0/git/binary/soc/lib/am335x-evm/a8/debug/gcc/libsoc.a(cache_arm.o)
                0x0000000080010260                CACHEEnable
 .text.MMUInit  0x00000000800102e4       0x84 /oe/bld/build-CORTEX_1/arago-tmp-external-arm-toolchain/work/am335x_evm-linux-gnueabi/starterware-rtos/02.01.01.12A-r0.0/git/binary/soc/lib/am335x-evm/a8/debug/gcc/libsoc.a(mmu_arm.o)
                0x00000000800102e4                MMUInit
 .text.MMUMemRegionMap
                0x0000000080010368      0x290 /oe/bld/build-CORTEX_1/arago-tmp-external-arm-toolchain/work/am335x_evm-linux-gnueabi/starterware-rtos/02.01.01.12A-r0.0/git/binary/soc/lib/am335x-evm/a8/debug/gcc/libsoc.a(mmu_arm.o)
                0x0000000080010368                MMUMemRegionMap
 .text.MMUEnable
                0x00000000800105f8       0x3c /oe/bld/build-CORTEX_1/arago-tmp-external-arm-toolchain/work/am335x_evm-linux-gnueabi/starterware-rtos/02.01.01.12A-r0.0/git/binary/soc/lib/am335x-evm/a8/debug/gcc/libsoc.a(mmu_arm.o)
                0x00000000800105f8                MMUEnable
 .text.HW_RD_REG32
                0x0000000080010634       0x34 /oe/bld/build-CORTEX_1/arago-tmp-external-arm-toolchain/work/am335x_evm-linux-gnueabi/starterware-rtos/02.01.01.12A-r0.0/git/binary/soc/lib/am335x-evm/a8/debug/gcc/libsoc.a(am335x_prcm.o)
 .text.HW_WR_REG32
                0x0000000080010668       0x34 /oe/bld/build-CORTEX_1/arago-tmp-external-arm-toolchain/work/am335x_evm-linux-gnueabi/starterware-rtos/02.01.01.12A-r0.0/git/binary/soc/lib/am335x-evm/a8/debug/gcc/libsoc.a(am335x_prcm.o)
 .text.enableModule
                0x000000008001069c       0xe0 /oe/bld/build-CORTEX_1/arago-tmp-external-arm-toolchain/work/am335x_evm-linux-gnueabi/starterware-rtos/02.01.01.12A-r0.0/git/binary/soc/lib/am335x-evm/a8/debug/gcc/libsoc.a(am335x_prcm.o)
                0x000000008001069c                enableModule
 .text.PRCMModuleEnable
                0x000000008001077c      0x904 /oe/bld/build-CORTEX_1/arago-tmp-external-arm-toolchain/work/am335x_evm-linux-gnueabi/starterware-rtos/02.01.01.12A-r0.0/git/binary/soc/lib/am335x-evm/a8/debug/gcc/libsoc.a(am335x_prcm.o)
                0x000000008001077c                PRCMModuleEnable
 .text          0x0000000080011080      0x488 /oe/bld/build-CORTEX_1/arago-tmp-external-arm-toolchain/work/am335x_evm-linux-gnueabi/starterware-rtos/02.01.01.12A-r0.0/git/binary/soc/lib/am335x-evm/a8/debug/gcc/libsoc.a(cp15.o)
                0x0000000080011080                CP15ICacheDisable
                0x000000008001109c                CP15DCacheDisable
                0x00000000800110b8                CP15ICacheEnable
                0x00000000800110c8                CP15DCacheEnable
                0x00000000800110d8                CP15DCacheFlush
                0x000000008001116c                CP15DCacheClean
                0x0000000080011200                CP15DCacheCleanFlush
                0x0000000080011294                CP15ICacheFlush
                0x00000000800112a4                CP15DCacheCleanBuff
                0x00000000800112f8                CP15DCacheCleanFlushBuff
                0x000000008001134c                CP15DCacheFlushBuff
                0x00000000800113b0                CP15ICacheFlushBuff
                0x0000000080011404                CP15Ttb0Set
                0x0000000080011410                CP15TlbInvalidate
                0x000000008001141c                CP15MMUDisable
                0x0000000080011434                CP15MMUEnable
                0x0000000080011448                CP15VectorBaseAddrSet
                0x0000000080011454                CP15BranchPredictorInvalidate
                0x0000000080011460                CP15BranchPredictionEnable
                0x0000000080011470                CP15BranchPredictionDisable
                0x0000000080011480                CP15DomainAccessClientSet
                0x0000000080011490                CP15ControlFeatureDisable
                0x00000000800114a4                CP15ControlFeatureEnable
                0x00000000800114b8                CP15TtbCtlTtb0Config
                0x00000000800114c8                CP15AuxControlFeatureEnable
                0x00000000800114dc                CP15AuxControlFeatureDisable
                0x00000000800114f0                CP15MainIdPrimPartNumGet
 .text          0x0000000080011508       0x70 /oe/bld/build-CORTEX_1/arago-tmp-external-arm-toolchain/work/am335x_evm-linux-gnueabi/starterware-rtos/02.01.01.12A-r0.0/git/binary/soc/lib/am335x-evm/a8/debug/gcc/libsoc.a(exceptionhandler.o)
                0x0000000080011508                SVC_Handler
                0x0000000080011530                IRQHandler
                0x0000000080011570                FIQHandler
                0x0000000080011574                UndefInstHandler
                0x0000000080011574                AbortHandler
 .text.HW_RD_REG32
                0x0000000080011578       0x34 /oe/bld/build-CORTEX_1/arago-tmp-external-arm-toolchain/work/am335x_evm-linux-gnueabi/starterware-rtos/02.01.01.12A-r0.0/git/binary/dal/lib/am335x-evm/a8/debug/gcc/libdal.a(i2c.o)
 .text.HW_WR_REG32
                0x00000000800115ac       0x34 /oe/bld/build-CORTEX_1/arago-tmp-external-arm-toolchain/work/am335x_evm-linux-gnueabi/starterware-rtos/02.01.01.12A-r0.0/git/binary/dal/lib/am335x-evm/a8/debug/gcc/libdal.a(i2c.o)
 .text.HW_WR_FIELD32_RAW
                0x00000000800115e0       0x7c /oe/bld/build-CORTEX_1/arago-tmp-external-arm-toolchain/work/am335x_evm-linux-gnueabi/starterware-rtos/02.01.01.12A-r0.0/git/binary/dal/lib/am335x-evm/a8/debug/gcc/libdal.a(i2c.o)
 .text.HW_RD_FIELD32_RAW
                0x000000008001165c       0x54 /oe/bld/build-CORTEX_1/arago-tmp-external-arm-toolchain/work/am335x_evm-linux-gnueabi/starterware-rtos/02.01.01.12A-r0.0/git/binary/dal/lib/am335x-evm/a8/debug/gcc/libdal.a(i2c.o)
 .text.I2CClkConfig
                0x00000000800116b0       0xe4 /oe/bld/build-CORTEX_1/arago-tmp-external-arm-toolchain/work/am335x_evm-linux-gnueabi/starterware-rtos/02.01.01.12A-r0.0/git/binary/dal/lib/am335x-evm/a8/debug/gcc/libdal.a(i2c.o)
                0x00000000800116b0                I2CClkConfig
 .text.I2CModuleEnable
                0x0000000080011794       0x70 /oe/bld/build-CORTEX_1/arago-tmp-external-arm-toolchain/work/am335x_evm-linux-gnueabi/starterware-rtos/02.01.01.12A-r0.0/git/binary/dal/lib/am335x-evm/a8/debug/gcc/libdal.a(i2c.o)
                0x0000000080011794                I2CModuleEnable
 .text.I2CSetMode
                0x0000000080011804       0xc8 /oe/bld/build-CORTEX_1/arago-tmp-external-arm-toolchain/work/am335x_evm-linux-gnueabi/starterware-rtos/02.01.01.12A-r0.0/git/binary/dal/lib/am335x-evm/a8/debug/gcc/libdal.a(i2c.o)
                0x0000000080011804                I2CSetMode
 .text.I2CStart
                0x00000000800118cc       0x3c /oe/bld/build-CORTEX_1/arago-tmp-external-arm-toolchain/work/am335x_evm-linux-gnueabi/starterware-rtos/02.01.01.12A-r0.0/git/binary/dal/lib/am335x-evm/a8/debug/gcc/libdal.a(i2c.o)
                0x00000000800118cc                I2CStart
 .text.I2CStop  0x0000000080011908       0x3c /oe/bld/build-CORTEX_1/arago-tmp-external-arm-toolchain/work/am335x_evm-linux-gnueabi/starterware-rtos/02.01.01.12A-r0.0/git/binary/dal/lib/am335x-evm/a8/debug/gcc/libdal.a(i2c.o)
                0x0000000080011908                I2CStop
 .text.I2CIntrDisable
                0x0000000080011944       0x3c /oe/bld/build-CORTEX_1/arago-tmp-external-arm-toolchain/work/am335x_evm-linux-gnueabi/starterware-rtos/02.01.01.12A-r0.0/git/binary/dal/lib/am335x-evm/a8/debug/gcc/libdal.a(i2c.o)
                0x0000000080011944                I2CIntrDisable
 .text.I2CIntrRawStatus
                0x0000000080011980       0x38 /oe/bld/build-CORTEX_1/arago-tmp-external-arm-toolchain/work/am335x_evm-linux-gnueabi/starterware-rtos/02.01.01.12A-r0.0/git/binary/dal/lib/am335x-evm/a8/debug/gcc/libdal.a(i2c.o)
                0x0000000080011980                I2CIntrRawStatus
 .text.I2CIntrClear
                0x00000000800119b8       0x3c /oe/bld/build-CORTEX_1/arago-tmp-external-arm-toolchain/work/am335x_evm-linux-gnueabi/starterware-rtos/02.01.01.12A-r0.0/git/binary/dal/lib/am335x-evm/a8/debug/gcc/libdal.a(i2c.o)
                0x00000000800119b8                I2CIntrClear
 .text.I2CMasterSetSlaveAddr
                0x00000000800119f4       0x90 /oe/bld/build-CORTEX_1/arago-tmp-external-arm-toolchain/work/am335x_evm-linux-gnueabi/starterware-rtos/02.01.01.12A-r0.0/git/binary/dal/lib/am335x-evm/a8/debug/gcc/libdal.a(i2c.o)
                0x00000000800119f4                I2CMasterSetSlaveAddr
 .text.I2CSetDataCount
                0x0000000080011a84       0x40 /oe/bld/build-CORTEX_1/arago-tmp-external-arm-toolchain/work/am335x_evm-linux-gnueabi/starterware-rtos/02.01.01.12A-r0.0/git/binary/dal/lib/am335x-evm/a8/debug/gcc/libdal.a(i2c.o)
                0x0000000080011a84                I2CSetDataCount
 .text.I2CGetDataCount
                0x0000000080011ac4       0x40 /oe/bld/build-CORTEX_1/arago-tmp-external-arm-toolchain/work/am335x_evm-linux-gnueabi/starterware-rtos/02.01.01.12A-r0.0/git/binary/dal/lib/am335x-evm/a8/debug/gcc/libdal.a(i2c.o)
                0x0000000080011ac4                I2CGetDataCount
 .text.I2CFifoThresholdConfig
                0x0000000080011b04       0x74 /oe/bld/build-CORTEX_1/arago-tmp-external-arm-toolchain/work/am335x_evm-linux-gnueabi/starterware-rtos/02.01.01.12A-r0.0/git/binary/dal/lib/am335x-evm/a8/debug/gcc/libdal.a(i2c.o)
                0x0000000080011b04                I2CFifoThresholdConfig
 .text.I2CFifoFlush
                0x0000000080011b78       0xc0 /oe/bld/build-CORTEX_1/arago-tmp-external-arm-toolchain/work/am335x_evm-linux-gnueabi/starterware-rtos/02.01.01.12A-r0.0/git/binary/dal/lib/am335x-evm/a8/debug/gcc/libdal.a(i2c.o)
                0x0000000080011b78                I2CFifoFlush
 .text.I2CBufStatus
                0x0000000080011c38       0xa0 /oe/bld/build-CORTEX_1/arago-tmp-external-arm-toolchain/work/am335x_evm-linux-gnueabi/starterware-rtos/02.01.01.12A-r0.0/git/binary/dal/lib/am335x-evm/a8/debug/gcc/libdal.a(i2c.o)
                0x0000000080011c38                I2CBufStatus
 .text.I2CSoftReset
                0x0000000080011cd8       0x3c /oe/bld/build-CORTEX_1/arago-tmp-external-arm-toolchain/work/am335x_evm-linux-gnueabi/starterware-rtos/02.01.01.12A-r0.0/git/binary/dal/lib/am335x-evm/a8/debug/gcc/libdal.a(i2c.o)
                0x0000000080011cd8                I2CSoftReset
 .text.I2CAutoIdleEnable
                0x0000000080011d14       0x70 /oe/bld/build-CORTEX_1/arago-tmp-external-arm-toolchain/work/am335x_evm-linux-gnueabi/starterware-rtos/02.01.01.12A-r0.0/git/binary/dal/lib/am335x-evm/a8/debug/gcc/libdal.a(i2c.o)
                0x0000000080011d14                I2CAutoIdleEnable
 .text.I2CSystemStatus
                0x0000000080011d84       0x5c /oe/bld/build-CORTEX_1/arago-tmp-external-arm-toolchain/work/am335x_evm-linux-gnueabi/starterware-rtos/02.01.01.12A-r0.0/git/binary/dal/lib/am335x-evm/a8/debug/gcc/libdal.a(i2c.o)
                0x0000000080011d84                I2CSystemStatus
 .text.I2CPutTxData
                0x0000000080011de0       0x44 /oe/bld/build-CORTEX_1/arago-tmp-external-arm-toolchain/work/am335x_evm-linux-gnueabi/starterware-rtos/02.01.01.12A-r0.0/git/binary/dal/lib/am335x-evm/a8/debug/gcc/libdal.a(i2c.o)
                0x0000000080011de0                I2CPutTxData
 .text.I2CGetRxData
                0x0000000080011e24       0x40 /oe/bld/build-CORTEX_1/arago-tmp-external-arm-toolchain/work/am335x_evm-linux-gnueabi/starterware-rtos/02.01.01.12A-r0.0/git/binary/dal/lib/am335x-evm/a8/debug/gcc/libdal.a(i2c.o)
                0x0000000080011e24                I2CGetRxData
 .text.HW_WR_REG32
                0x0000000080011e64       0x34 /oe/bld/build-CORTEX_1/arago-tmp-external-arm-toolchain/work/am335x_evm-linux-gnueabi/starterware-rtos/02.01.01.12A-r0.0/git/binary/dal/lib/am335x-evm/a8/debug/gcc/libdal.a(uart.o)
 .text.HW_RD_REG16
                0x0000000080011e98       0x34 /oe/bld/build-CORTEX_1/arago-tmp-external-arm-toolchain/work/am335x_evm-linux-gnueabi/starterware-rtos/02.01.01.12A-r0.0/git/binary/dal/lib/am335x-evm/a8/debug/gcc/libdal.a(uart.o)
 .text.HW_WR_REG16
                0x0000000080011ecc       0x38 /oe/bld/build-CORTEX_1/arago-tmp-external-arm-toolchain/work/am335x_evm-linux-gnueabi/starterware-rtos/02.01.01.12A-r0.0/git/binary/dal/lib/am335x-evm/a8/debug/gcc/libdal.a(uart.o)
 .text.HW_RD_REG8
                0x0000000080011f04       0x34 /oe/bld/build-CORTEX_1/arago-tmp-external-arm-toolchain/work/am335x_evm-linux-gnueabi/starterware-rtos/02.01.01.12A-r0.0/git/binary/dal/lib/am335x-evm/a8/debug/gcc/libdal.a(uart.o)
 .text.HW_WR_REG8
                0x0000000080011f38       0x38 /oe/bld/build-CORTEX_1/arago-tmp-external-arm-toolchain/work/am335x_evm-linux-gnueabi/starterware-rtos/02.01.01.12A-r0.0/git/binary/dal/lib/am335x-evm/a8/debug/gcc/libdal.a(uart.o)
 .text.HW_WR_FIELD16_RAW
                0x0000000080011f70       0x9c /oe/bld/build-CORTEX_1/arago-tmp-external-arm-toolchain/work/am335x_evm-linux-gnueabi/starterware-rtos/02.01.01.12A-r0.0/git/binary/dal/lib/am335x-evm/a8/debug/gcc/libdal.a(uart.o)
 .text.HW_RD_FIELD16_RAW
                0x000000008001200c       0x60 /oe/bld/build-CORTEX_1/arago-tmp-external-arm-toolchain/work/am335x_evm-linux-gnueabi/starterware-rtos/02.01.01.12A-r0.0/git/binary/dal/lib/am335x-evm/a8/debug/gcc/libdal.a(uart.o)
 .text.UARTModuleReset
                0x000000008001206c       0x6c /oe/bld/build-CORTEX_1/arago-tmp-external-arm-toolchain/work/am335x_evm-linux-gnueabi/starterware-rtos/02.01.01.12A-r0.0/git/binary/dal/lib/am335x-evm/a8/debug/gcc/libdal.a(uart.o)
                0x000000008001206c                UARTModuleReset
 .text.UARTSetRegAccessMode
                0x00000000800120d8       0xc4 /oe/bld/build-CORTEX_1/arago-tmp-external-arm-toolchain/work/am335x_evm-linux-gnueabi/starterware-rtos/02.01.01.12A-r0.0/git/binary/dal/lib/am335x-evm/a8/debug/gcc/libdal.a(uart.o)
                0x00000000800120d8                UARTSetRegAccessMode
 .text.UARTSetBaudRate
                0x000000008001219c      0x368 /oe/bld/build-CORTEX_1/arago-tmp-external-arm-toolchain/work/am335x_evm-linux-gnueabi/starterware-rtos/02.01.01.12A-r0.0/git/binary/dal/lib/am335x-evm/a8/debug/gcc/libdal.a(uart.o)
                0x000000008001219c                UARTSetBaudRate
 .text.UARTLineCharacteristicConfig
                0x0000000080012504      0x15c /oe/bld/build-CORTEX_1/arago-tmp-external-arm-toolchain/work/am335x_evm-linux-gnueabi/starterware-rtos/02.01.01.12A-r0.0/git/binary/dal/lib/am335x-evm/a8/debug/gcc/libdal.a(uart.o)
                0x0000000080012504                UARTLineCharacteristicConfig
 .text.UARTFifoConfig
                0x0000000080012660      0x464 /oe/bld/build-CORTEX_1/arago-tmp-external-arm-toolchain/work/am335x_evm-linux-gnueabi/starterware-rtos/02.01.01.12A-r0.0/git/binary/dal/lib/am335x-evm/a8/debug/gcc/libdal.a(uart.o)
                0x0000000080012660                UARTFifoConfig
 .text.UARTBreakCtrlEnable
                0x0000000080012ac4       0x70 /oe/bld/build-CORTEX_1/arago-tmp-external-arm-toolchain/work/am335x_evm-linux-gnueabi/starterware-rtos/02.01.01.12A-r0.0/git/binary/dal/lib/am335x-evm/a8/debug/gcc/libdal.a(uart.o)
                0x0000000080012ac4                UARTBreakCtrlEnable
 .text.UARTGetChar
                0x0000000080012b34      0x1c0 /oe/bld/build-CORTEX_1/arago-tmp-external-arm-toolchain/work/am335x_evm-linux-gnueabi/starterware-rtos/02.01.01.12A-r0.0/git/binary/dal/lib/am335x-evm/a8/debug/gcc/libdal.a(uart.o)
                0x0000000080012b34                UARTGetChar
 .text.UARTPutChar
                0x0000000080012cf4      0x1b8 /oe/bld/build-CORTEX_1/arago-tmp-external-arm-toolchain/work/am335x_evm-linux-gnueabi/starterware-rtos/02.01.01.12A-r0.0/git/binary/dal/lib/am335x-evm/a8/debug/gcc/libdal.a(uart.o)
                0x0000000080012cf4                UARTPutChar
 .text.HW_RD_REG32
                0x0000000080012eac       0x34 /oe/bld/build-CORTEX_1/arago-tmp-external-arm-toolchain/work/am335x_evm-linux-gnueabi/starterware-rtos/02.01.01.12A-r0.0/git/binary/dal/lib/am335x-evm/a8/debug/gcc/libdal.a(gpio.o)
 .text.HW_WR_REG32
                0x0000000080012ee0       0x34 /oe/bld/build-CORTEX_1/arago-tmp-external-arm-toolchain/work/am335x_evm-linux-gnueabi/starterware-rtos/02.01.01.12A-r0.0/git/binary/dal/lib/am335x-evm/a8/debug/gcc/libdal.a(gpio.o)
 .text.HW_WR_FIELD32_RAW
                0x0000000080012f14       0x7c /oe/bld/build-CORTEX_1/arago-tmp-external-arm-toolchain/work/am335x_evm-linux-gnueabi/starterware-rtos/02.01.01.12A-r0.0/git/binary/dal/lib/am335x-evm/a8/debug/gcc/libdal.a(gpio.o)
 .text.GPIOModuleEnable
                0x0000000080012f90       0x70 /oe/bld/build-CORTEX_1/arago-tmp-external-arm-toolchain/work/am335x_evm-linux-gnueabi/starterware-rtos/02.01.01.12A-r0.0/git/binary/dal/lib/am335x-evm/a8/debug/gcc/libdal.a(gpio.o)
                0x0000000080012f90                GPIOModuleEnable
 .text.GPIOSetDirMode
                0x0000000080013000       0xa0 /oe/bld/build-CORTEX_1/arago-tmp-external-arm-toolchain/work/am335x_evm-linux-gnueabi/starterware-rtos/02.01.01.12A-r0.0/git/binary/dal/lib/am335x-evm/a8/debug/gcc/libdal.a(gpio.o)
                0x0000000080013000                GPIOSetDirMode
 .text.GPIOPinWrite
                0x00000000800130a0       0x7c /oe/bld/build-CORTEX_1/arago-tmp-external-arm-toolchain/work/am335x_evm-linux-gnueabi/starterware-rtos/02.01.01.12A-r0.0/git/binary/dal/lib/am335x-evm/a8/debug/gcc/libdal.a(gpio.o)
                0x00000000800130a0                GPIOPinWrite
 .text.HW_RD_REG32
                0x000000008001311c       0x34 /oe/bld/build-CORTEX_1/arago-tmp-external-arm-toolchain/work/am335x_evm-linux-gnueabi/starterware-rtos/02.01.01.12A-r0.0/git/binary/dal/lib/am335x-evm/a8/debug/gcc/libdal.a(hs_mmcsd.o)
 .text.HW_WR_REG32
                0x0000000080013150       0x34 /oe/bld/build-CORTEX_1/arago-tmp-external-arm-toolchain/work/am335x_evm-linux-gnueabi/starterware-rtos/02.01.01.12A-r0.0/git/binary/dal/lib/am335x-evm/a8/debug/gcc/libdal.a(hs_mmcsd.o)
 .text.HW_WR_FIELD32_RAW
                0x0000000080013184       0x7c /oe/bld/build-CORTEX_1/arago-tmp-external-arm-toolchain/work/am335x_evm-linux-gnueabi/starterware-rtos/02.01.01.12A-r0.0/git/binary/dal/lib/am335x-evm/a8/debug/gcc/libdal.a(hs_mmcsd.o)
 .text.HW_RD_FIELD32_RAW
                0x0000000080013200       0x54 /oe/bld/build-CORTEX_1/arago-tmp-external-arm-toolchain/work/am335x_evm-linux-gnueabi/starterware-rtos/02.01.01.12A-r0.0/git/binary/dal/lib/am335x-evm/a8/debug/gcc/libdal.a(hs_mmcsd.o)
 .text.HSMMCSDSoftReset
                0x0000000080013254       0x78 /oe/bld/build-CORTEX_1/arago-tmp-external-arm-toolchain/work/am335x_evm-linux-gnueabi/starterware-rtos/02.01.01.12A-r0.0/git/binary/dal/lib/am335x-evm/a8/debug/gcc/libdal.a(hs_mmcsd.o)
                0x0000000080013254                HSMMCSDSoftReset
 .text.HSMMCSDLinesReset
                0x00000000800132cc       0xa4 /oe/bld/build-CORTEX_1/arago-tmp-external-arm-toolchain/work/am335x_evm-linux-gnueabi/starterware-rtos/02.01.01.12A-r0.0/git/binary/dal/lib/am335x-evm/a8/debug/gcc/libdal.a(hs_mmcsd.o)
                0x00000000800132cc                HSMMCSDLinesReset
 .text.HSMMCSDSystemConfig
                0x0000000080013370      0x144 /oe/bld/build-CORTEX_1/arago-tmp-external-arm-toolchain/work/am335x_evm-linux-gnueabi/starterware-rtos/02.01.01.12A-r0.0/git/binary/dal/lib/am335x-evm/a8/debug/gcc/libdal.a(hs_mmcsd.o)
                0x0000000080013370                HSMMCSDSystemConfig
 .text.HSMMCSDSetBusWidth
                0x00000000800134b4       0xec /oe/bld/build-CORTEX_1/arago-tmp-external-arm-toolchain/work/am335x_evm-linux-gnueabi/starterware-rtos/02.01.01.12A-r0.0/git/binary/dal/lib/am335x-evm/a8/debug/gcc/libdal.a(hs_mmcsd.o)
                0x00000000800134b4                HSMMCSDSetBusWidth
 .text.HSMMCSDSetBusVolt
                0x00000000800135a0       0x40 /oe/bld/build-CORTEX_1/arago-tmp-external-arm-toolchain/work/am335x_evm-linux-gnueabi/starterware-rtos/02.01.01.12A-r0.0/git/binary/dal/lib/am335x-evm/a8/debug/gcc/libdal.a(hs_mmcsd.o)
                0x00000000800135a0                HSMMCSDSetBusVolt
 .text.HSMMCSDBusPowerOnCtrl
                0x00000000800135e0       0x8c /oe/bld/build-CORTEX_1/arago-tmp-external-arm-toolchain/work/am335x_evm-linux-gnueabi/starterware-rtos/02.01.01.12A-r0.0/git/binary/dal/lib/am335x-evm/a8/debug/gcc/libdal.a(hs_mmcsd.o)
                0x00000000800135e0                HSMMCSDBusPowerOnCtrl
 .text.HSMMCSDIntClockEnable
                0x000000008001366c       0xa4 /oe/bld/build-CORTEX_1/arago-tmp-external-arm-toolchain/work/am335x_evm-linux-gnueabi/starterware-rtos/02.01.01.12A-r0.0/git/binary/dal/lib/am335x-evm/a8/debug/gcc/libdal.a(hs_mmcsd.o)
                0x000000008001366c                HSMMCSDIntClockEnable
 .text.HSMMCSDIsIntClockStable
                0x0000000080013710       0x84 /oe/bld/build-CORTEX_1/arago-tmp-external-arm-toolchain/work/am335x_evm-linux-gnueabi/starterware-rtos/02.01.01.12A-r0.0/git/binary/dal/lib/am335x-evm/a8/debug/gcc/libdal.a(hs_mmcsd.o)
                0x0000000080013710                HSMMCSDIsIntClockStable
 .text.HSMMCSDSetSupportedVoltage
                0x0000000080013794       0x74 /oe/bld/build-CORTEX_1/arago-tmp-external-arm-toolchain/work/am335x_evm-linux-gnueabi/starterware-rtos/02.01.01.12A-r0.0/git/binary/dal/lib/am335x-evm/a8/debug/gcc/libdal.a(hs_mmcsd.o)
                0x0000000080013794                HSMMCSDSetSupportedVoltage
 .text.HSMMCSDSetDataTimeout
                0x0000000080013808       0x50 /oe/bld/build-CORTEX_1/arago-tmp-external-arm-toolchain/work/am335x_evm-linux-gnueabi/starterware-rtos/02.01.01.12A-r0.0/git/binary/dal/lib/am335x-evm/a8/debug/gcc/libdal.a(hs_mmcsd.o)
                0x0000000080013808                HSMMCSDSetDataTimeout
 .text.HSMMCSDSetBusFreq
                0x0000000080013858      0x1a0 /oe/bld/build-CORTEX_1/arago-tmp-external-arm-toolchain/work/am335x_evm-linux-gnueabi/starterware-rtos/02.01.01.12A-r0.0/git/binary/dal/lib/am335x-evm/a8/debug/gcc/libdal.a(hs_mmcsd.o)
                0x0000000080013858                HSMMCSDSetBusFreq
 .text.HSMMCSDInitStreamSend
                0x00000000800139f8       0xc4 /oe/bld/build-CORTEX_1/arago-tmp-external-arm-toolchain/work/am335x_evm-linux-gnueabi/starterware-rtos/02.01.01.12A-r0.0/git/binary/dal/lib/am335x-evm/a8/debug/gcc/libdal.a(hs_mmcsd.o)
                0x00000000800139f8                HSMMCSDInitStreamSend
 .text.HSMMCSDIntrStatusEnable
                0x0000000080013abc       0x68 /oe/bld/build-CORTEX_1/arago-tmp-external-arm-toolchain/work/am335x_evm-linux-gnueabi/starterware-rtos/02.01.01.12A-r0.0/git/binary/dal/lib/am335x-evm/a8/debug/gcc/libdal.a(hs_mmcsd.o)
                0x0000000080013abc                HSMMCSDIntrStatusEnable
 .text.HSMMCSDIntrStatusDisable
                0x0000000080013b24       0x6c /oe/bld/build-CORTEX_1/arago-tmp-external-arm-toolchain/work/am335x_evm-linux-gnueabi/starterware-rtos/02.01.01.12A-r0.0/git/binary/dal/lib/am335x-evm/a8/debug/gcc/libdal.a(hs_mmcsd.o)
                0x0000000080013b24                HSMMCSDIntrStatusDisable
 .text.HSMMCSDIntrEnable
                0x0000000080013b90       0x84 /oe/bld/build-CORTEX_1/arago-tmp-external-arm-toolchain/work/am335x_evm-linux-gnueabi/starterware-rtos/02.01.01.12A-r0.0/git/binary/dal/lib/am335x-evm/a8/debug/gcc/libdal.a(hs_mmcsd.o)
                0x0000000080013b90                HSMMCSDIntrEnable
 .text.HSMMCSDIntrStatus
                0x0000000080013c14       0x38 /oe/bld/build-CORTEX_1/arago-tmp-external-arm-toolchain/work/am335x_evm-linux-gnueabi/starterware-rtos/02.01.01.12A-r0.0/git/binary/dal/lib/am335x-evm/a8/debug/gcc/libdal.a(hs_mmcsd.o)
                0x0000000080013c14                HSMMCSDIntrStatus
 .text.HSMMCSDIntrClear
                0x0000000080013c4c       0x3c /oe/bld/build-CORTEX_1/arago-tmp-external-arm-toolchain/work/am335x_evm-linux-gnueabi/starterware-rtos/02.01.01.12A-r0.0/git/binary/dal/lib/am335x-evm/a8/debug/gcc/libdal.a(hs_mmcsd.o)
                0x0000000080013c4c                HSMMCSDIntrClear
 .text.HSMMCSDIsCmdComplete
                0x0000000080013c88       0x84 /oe/bld/build-CORTEX_1/arago-tmp-external-arm-toolchain/work/am335x_evm-linux-gnueabi/starterware-rtos/02.01.01.12A-r0.0/git/binary/dal/lib/am335x-evm/a8/debug/gcc/libdal.a(hs_mmcsd.o)
                0x0000000080013c88                HSMMCSDIsCmdComplete
 .text.HSMMCSDSetBlkLength
                0x0000000080013d0c       0x40 /oe/bld/build-CORTEX_1/arago-tmp-external-arm-toolchain/work/am335x_evm-linux-gnueabi/starterware-rtos/02.01.01.12A-r0.0/git/binary/dal/lib/am335x-evm/a8/debug/gcc/libdal.a(hs_mmcsd.o)
                0x0000000080013d0c                HSMMCSDSetBlkLength
 .text.HSMMCSDCommandSend
                0x0000000080013d4c      0x160 /oe/bld/build-CORTEX_1/arago-tmp-external-arm-toolchain/work/am335x_evm-linux-gnueabi/starterware-rtos/02.01.01.12A-r0.0/git/binary/dal/lib/am335x-evm/a8/debug/gcc/libdal.a(hs_mmcsd.o)
                0x0000000080013d4c                HSMMCSDCommandSend
 .text.HSMMCSDGetResponse
                0x0000000080013eac       0xbc /oe/bld/build-CORTEX_1/arago-tmp-external-arm-toolchain/work/am335x_evm-linux-gnueabi/starterware-rtos/02.01.01.12A-r0.0/git/binary/dal/lib/am335x-evm/a8/debug/gcc/libdal.a(hs_mmcsd.o)
                0x0000000080013eac                HSMMCSDGetResponse
 .text.HSMMCSDGetData
                0x0000000080013f68       0x80 /oe/bld/build-CORTEX_1/arago-tmp-external-arm-toolchain/work/am335x_evm-linux-gnueabi/starterware-rtos/02.01.01.12A-r0.0/git/binary/dal/lib/am335x-evm/a8/debug/gcc/libdal.a(hs_mmcsd.o)
                0x0000000080013f68                HSMMCSDGetData
 .text.HSMMCSDIsCardInserted
                0x0000000080013fe8       0x40 /oe/bld/build-CORTEX_1/arago-tmp-external-arm-toolchain/work/am335x_evm-linux-gnueabi/starterware-rtos/02.01.01.12A-r0.0/git/binary/dal/lib/am335x-evm/a8/debug/gcc/libdal.a(hs_mmcsd.o)
                0x0000000080013fe8                HSMMCSDIsCardInserted
 .text.HW_RD_REG32
                0x0000000080014028       0x34 /oe/bld/build-CORTEX_1/arago-tmp-external-arm-toolchain/work/am335x_evm-linux-gnueabi/starterware-rtos/02.01.01.12A-r0.0/git/binary/dal/lib/am335x-evm/a8/debug/gcc/libdal.a(dmtimer.o)
 .text.DMTIMERGetCounterVal
                0x000000008001405c       0x84 /oe/bld/build-CORTEX_1/arago-tmp-external-arm-toolchain/work/am335x_evm-linux-gnueabi/starterware-rtos/02.01.01.12A-r0.0/git/binary/dal/lib/am335x-evm/a8/debug/gcc/libdal.a(dmtimer.o)
                0x000000008001405c                DMTIMERGetCounterVal
 .text.DMTIMERGetWritePostedStatus
                0x00000000800140e0       0x38 /oe/bld/build-CORTEX_1/arago-tmp-external-arm-toolchain/work/am335x_evm-linux-gnueabi/starterware-rtos/02.01.01.12A-r0.0/git/binary/dal/lib/am335x-evm/a8/debug/gcc/libdal.a(dmtimer.o)
                0x00000000800140e0                DMTIMERGetWritePostedStatus
 .text          0x0000000080014118      0x114 /oe/bld/build-CORTEX_1/arago-tmp-external-arm-toolchain/work/am335x_evm-linux-gnueabi/starterware-rtos/02.01.01.12A-r0.0/recipe-sysroot-native/usr/share/ti/gcc-arm-none-eabi/bin/../lib/gcc/arm-none-eabi/7.3.1/hard/libgcc.a(_udivsi3.o)
                0x0000000080014118                __udivsi3
                0x0000000080014118                __aeabi_uidiv
                0x000000008001420c                __aeabi_uidivmod
 .text          0x000000008001422c      0x148 /oe/bld/build-CORTEX_1/arago-tmp-external-arm-toolchain/work/am335x_evm-linux-gnueabi/starterware-rtos/02.01.01.12A-r0.0/recipe-sysroot-native/usr/share/ti/gcc-arm-none-eabi/bin/../lib/gcc/arm-none-eabi/7.3.1/hard/libgcc.a(_divsi3.o)
                0x000000008001422c                __aeabi_idiv
                0x000000008001422c                __divsi3
                0x0000000080014354                __aeabi_idivmod
 .text          0x0000000080014374        0x4 /oe/bld/build-CORTEX_1/arago-tmp-external-arm-toolchain/work/am335x_evm-linux-gnueabi/starterware-rtos/02.01.01.12A-r0.0/recipe-sysroot-native/usr/share/ti/gcc-arm-none-eabi/bin/../lib/gcc/arm-none-eabi/7.3.1/hard/libgcc.a(_dvmd_tls.o)
                0x0000000080014374                __aeabi_ldiv0
                0x0000000080014374                __aeabi_idiv0
 .text          0x0000000080014378      0x2ac /oe/bld/build-CORTEX_1/arago-tmp-external-arm-toolchain/work/am335x_evm-linux-gnueabi/starterware-rtos/02.01.01.12A-r0.0/recipe-sysroot-native/usr/share/ti/gcc-arm-none-eabi/bin/../lib/gcc/arm-none-eabi/7.3.1/hard/libgcc.a(_arm_addsubsf3.o)
                0x0000000080014378                __aeabi_frsub
                0x0000000080014380                __subsf3
                0x0000000080014380                __aeabi_fsub
                0x0000000080014384                __aeabi_fadd
                0x0000000080014384                __addsf3
                0x0000000080014540                __aeabi_ui2f
                0x0000000080014540                __floatunsisf
                0x0000000080014548                __aeabi_i2f
                0x0000000080014548                __floatsisf
                0x0000000080014568                __floatundisf
                0x0000000080014568                __aeabi_ul2f
                0x0000000080014578                __floatdisf
                0x0000000080014578                __aeabi_l2f
 .text          0x0000000080014624       0x3c /oe/bld/build-CORTEX_1/arago-tmp-external-arm-toolchain/work/am335x_evm-linux-gnueabi/starterware-rtos/02.01.01.12A-r0.0/recipe-sysroot-native/usr/share/ti/gcc-arm-none-eabi/bin/../lib/gcc/arm-none-eabi/7.3.1/hard/libgcc.a(_aeabi_uldivmod.o)
                0x0000000080014624                __aeabi_uldivmod
 .text          0x0000000080014660       0x50 /oe/bld/build-CORTEX_1/arago-tmp-external-arm-toolchain/work/am335x_evm-linux-gnueabi/starterware-rtos/02.01.01.12A-r0.0/recipe-sysroot-native/usr/share/ti/gcc-arm-none-eabi/bin/../lib/gcc/arm-none-eabi/7.3.1/hard/libgcc.a(_fixunssfdi.o)
                0x0000000080014660                __aeabi_f2ulz
                0x0000000080014660                __fixunssfdi
 .text          0x00000000800146b0       0x50 /oe/bld/build-CORTEX_1/arago-tmp-external-arm-toolchain/work/am335x_evm-linux-gnueabi/starterware-rtos/02.01.01.12A-r0.0/recipe-sysroot-native/usr/share/ti/gcc-arm-none-eabi/bin/../lib/gcc/arm-none-eabi/7.3.1/hard/libgcc.a(_fixunsdfdi.o)
                0x00000000800146b0                __aeabi_d2ulz
                0x00000000800146b0                __fixunsdfdi
 .text          0x0000000080014700      0x16c /oe/bld/build-CORTEX_1/arago-tmp-external-arm-toolchain/work/am335x_evm-linux-gnueabi/starterware-rtos/02.01.01.12A-r0.0/recipe-sysroot-native/usr/share/ti/gcc-arm-none-eabi/bin/../lib/gcc/arm-none-eabi/7.3.1/hard/libgcc.a(_udivmoddi4.o)