Archive member included to satisfy reference by file (symbol)

/oe/bld/build-CORTEX_1/arago-tmp-external-arm-toolchain/work/am335x_evm-linux-gnueabi/board-utils-rtos/2020.4.16-r0/recipe-sysroot-native/usr/share/ti/gcc-arm-none-eabi/bin/../lib/gcc/arm-none-eabi/7.3.1/hard/libgcc.a(_udivsi3.o)
                              (__aeabi_uidiv)
/oe/bld/build-CORTEX_1/arago-tmp-external-arm-toolchain/work/am335x_evm-linux-gnueabi/board-utils-rtos/2020.4.16-r0/recipe-sysroot-native/usr/share/ti/gcc-arm-none-eabi/bin/../lib/gcc/arm-none-eabi/7.3.1/hard/libgcc.a(_divsi3.o)
                              (__aeabi_idiv)
/oe/bld/build-CORTEX_1/arago-tmp-external-arm-toolchain/work/am335x_evm-linux-gnueabi/board-utils-rtos/2020.4.16-r0/recipe-sysroot-native/usr/share/ti/gcc-arm-none-eabi/bin/../lib/gcc/arm-none-eabi/7.3.1/hard/libgcc.a(_dvmd_tls.o)
                              /oe/bld/build-CORTEX_1/arago-tmp-external-arm-toolchain/work/am335x_evm-linux-gnueabi/board-utils-rtos/2020.4.16-r0/recipe-sysroot-native/usr/share/ti/gcc-arm-none-eabi/bin/../lib/gcc/arm-none-eabi/7.3.1/hard/libgcc.a(_udivsi3.o) (__aeabi_idiv0)
/oe/bld/build-CORTEX_1/arago-tmp-external-arm-toolchain/work/am335x_evm-linux-gnueabi/board-utils-rtos/2020.4.16-r0/recipe-sysroot-native/usr/share/ti/gcc-arm-none-eabi/bin/../lib/gcc/arm-none-eabi/7.3.1/../../../../arm-none-eabi/lib/hard/libc.a(lib_a-memcpy-stub.o)
                              /oe/bld/build-CORTEX_1/arago-tmp-external-arm-toolchain/work/am335x_evm-linux-gnueabi/board-utils-rtos/2020.4.16-r0/recipe-sysroot/usr/share/ti/ti-pdk-tree/packages/ti/board/utils/uartAppLoader/obj/iceAMIC110/armv7/xmodem.o (memcpy)
/oe/bld/build-CORTEX_1/arago-tmp-external-arm-toolchain/work/am335x_evm-linux-gnueabi/board-utils-rtos/2020.4.16-r0/recipe-sysroot/usr/share/ti/ti-pdk-tree/packages/ti/board/lib/iceAMIC110/a8/release/ti.board.aa8fg(iceAMIC110.oa8fg)
                              /oe/bld/build-CORTEX_1/arago-tmp-external-arm-toolchain/work/am335x_evm-linux-gnueabi/board-utils-rtos/2020.4.16-r0/recipe-sysroot/usr/share/ti/ti-pdk-tree/packages/ti/board/utils/uartAppLoader/obj/iceAMIC110/armv7/soc.o (Board_init)
/oe/bld/build-CORTEX_1/arago-tmp-external-arm-toolchain/work/am335x_evm-linux-gnueabi/board-utils-rtos/2020.4.16-r0/recipe-sysroot/usr/share/ti/ti-pdk-tree/packages/ti/board/lib/iceAMIC110/a8/release/ti.board.aa8fg(iceAMIC110_lld_init.oa8fg)
                              /oe/bld/build-CORTEX_1/arago-tmp-external-arm-toolchain/work/am335x_evm-linux-gnueabi/board-utils-rtos/2020.4.16-r0/recipe-sysroot/usr/share/ti/ti-pdk-tree/packages/ti/board/lib/iceAMIC110/a8/release/ti.board.aa8fg(iceAMIC110.oa8fg) (Board_uartStdioInit)
/oe/bld/build-CORTEX_1/arago-tmp-external-arm-toolchain/work/am335x_evm-linux-gnueabi/board-utils-rtos/2020.4.16-r0/recipe-sysroot/usr/share/ti/ti-pdk-tree/packages/ti/board/lib/iceAMIC110/a8/release/ti.board.aa8fg(iceAMIC110_ethernet_config.oa8fg)
                              /oe/bld/build-CORTEX_1/arago-tmp-external-arm-toolchain/work/am335x_evm-linux-gnueabi/board-utils-rtos/2020.4.16-r0/recipe-sysroot/usr/share/ti/ti-pdk-tree/packages/ti/board/lib/iceAMIC110/a8/release/ti.board.aa8fg(iceAMIC110.oa8fg) (Board_icssEthConfig)
/oe/bld/build-CORTEX_1/arago-tmp-external-arm-toolchain/work/am335x_evm-linux-gnueabi/board-utils-rtos/2020.4.16-r0/recipe-sysroot/usr/share/ti/ti-pdk-tree/packages/ti/board/lib/iceAMIC110/a8/release/ti.board.aa8fg(iceAMIC110_pinmux.oa8fg)
                              /oe/bld/build-CORTEX_1/arago-tmp-external-arm-toolchain/work/am335x_evm-linux-gnueabi/board-utils-rtos/2020.4.16-r0/recipe-sysroot/usr/share/ti/ti-pdk-tree/packages/ti/board/lib/iceAMIC110/a8/release/ti.board.aa8fg(iceAMIC110.oa8fg) (Board_pinmuxConfig)
/oe/bld/build-CORTEX_1/arago-tmp-external-arm-toolchain/work/am335x_evm-linux-gnueabi/board-utils-rtos/2020.4.16-r0/recipe-sysroot/usr/share/ti/ti-pdk-tree/packages/ti/board/lib/iceAMIC110/a8/release/ti.board.aa8fg(am335x_chipdb.oa8fg)
                              /oe/bld/build-CORTEX_1/arago-tmp-external-arm-toolchain/work/am335x_evm-linux-gnueabi/board-utils-rtos/2020.4.16-r0/recipe-sysroot/usr/share/ti/ti-pdk-tree/packages/ti/board/lib/iceAMIC110/a8/release/ti.board.aa8fg(iceAMIC110_pinmux.oa8fg) (CHIPDBBaseAddress)
/oe/bld/build-CORTEX_1/arago-tmp-external-arm-toolchain/work/am335x_evm-linux-gnueabi/board-utils-rtos/2020.4.16-r0/recipe-sysroot/usr/share/ti/ti-pdk-tree/packages/ti/board/lib/iceAMIC110/a8/release/ti.board.aa8fg(am335x_prcm.oa8fg)
                              /oe/bld/build-CORTEX_1/arago-tmp-external-arm-toolchain/work/am335x_evm-linux-gnueabi/board-utils-rtos/2020.4.16-r0/recipe-sysroot/usr/share/ti/ti-pdk-tree/packages/ti/board/lib/iceAMIC110/a8/release/ti.board.aa8fg(iceAMIC110.oa8fg) (PRCMModuleEnable)
[...]
Memory Configuration

Name             Origin             Length             Attributes
DDR0             0x000000009fe00000 0x0000000000200000
*default*        0x0000000000000000 0xffffffffffffffff

Linker script and memory map

LOAD /oe/bld/build-CORTEX_1/arago-tmp-external-arm-toolchain/work/am335x_evm-linux-gnueabi/board-utils-rtos/2020.4.16-r0/recipe-sysroot/usr/share/ti/ti-pdk-tree/packages/ti/board/utils/uartAppLoader/obj/iceAMIC110/armv7/xmodem.o
LOAD /oe/bld/build-CORTEX_1/arago-tmp-external-arm-toolchain/work/am335x_evm-linux-gnueabi/board-utils-rtos/2020.4.16-r0/recipe-sysroot/usr/share/ti/ti-pdk-tree/packages/ti/board/utils/uartAppLoader/obj/iceAMIC110/armv7/apploader_main.o
LOAD /oe/bld/build-CORTEX_1/arago-tmp-external-arm-toolchain/work/am335x_evm-linux-gnueabi/board-utils-rtos/2020.4.16-r0/recipe-sysroot/usr/share/ti/ti-pdk-tree/packages/ti/board/utils/uartAppLoader/obj/iceAMIC110/armv7/startup.o
LOAD /oe/bld/build-CORTEX_1/arago-tmp-external-arm-toolchain/work/am335x_evm-linux-gnueabi/board-utils-rtos/2020.4.16-r0/recipe-sysroot/usr/share/ti/ti-pdk-tree/packages/ti/board/utils/uartAppLoader/obj/iceAMIC110/armv7/soc.o
LOAD /oe/bld/build-CORTEX_1/arago-tmp-external-arm-toolchain/work/am335x_evm-linux-gnueabi/board-utils-rtos/2020.4.16-r0/recipe-sysroot/usr/share/ti/ti-pdk-tree/packages/ti/board/utils/uartAppLoader/obj/iceAMIC110/armv7/diag_entry.ao

.startcode      0x000000009fe00000      0x154
                0x000000009fe00000                . = ALIGN (0x4)
 *diag_entry.ao(.text)
 .text          0x000000009fe00000      0x154 /oe/bld/build-CORTEX_1/arago-tmp-external-arm-toolchain/work/am335x_evm-linux-gnueabi/board-utils-rtos/2020.4.16-r0/recipe-sysroot/usr/share/ti/ti-pdk-tree/packages/ti/board/utils/uartAppLoader/obj/iceAMIC110/armv7/diag_entry.ao
                0x000000009fe00000                Entry
                0x000000009fe000bc                SVC_Handler
                0x000000009fe000e4                IRQHandler
                0x000000009fe00124                FIQHandler
                0x000000009fe00128                UndefInstHandler
                0x000000009fe00128                AbortHandler

.text           0x000000009fe00154     0x6d9c
                0x000000009fe00154                . = ALIGN (0x4)
 *(.text*)
 .text          0x000000009fe00154      0x61c /oe/bld/build-CORTEX_1/arago-tmp-external-arm-toolchain/work/am335x_evm-linux-gnueabi/board-utils-rtos/2020.4.16-r0/recipe-sysroot/usr/share/ti/ti-pdk-tree/packages/ti/board/utils/uartAppLoader/obj/iceAMIC110/armv7/xmodem.o
                0x000000009fe00154                crc16_ccitt
                0x000000009fe00320                xmodemReceive
                0x000000009fe006e4                inbyte
                0x000000009fe00728                outbyte
 .text          0x000000009fe00770      0x204 /oe/bld/build-CORTEX_1/arago-tmp-external-arm-toolchain/work/am335x_evm-linux-gnueabi/board-utils-rtos/2020.4.16-r0/recipe-sysroot/usr/share/ti/ti-pdk-tree/packages/ti/board/utils/uartAppLoader/obj/iceAMIC110/armv7/apploader_main.o
                0x000000009fe00770                uartReceiveImage
                0x000000009fe00820                Apploader_MemRead
                0x000000009fe00884                Apploader_MemSeek
                0x000000009fe008b8                main
 .text          0x000000009fe00974       0x28 /oe/bld/build-CORTEX_1/arago-tmp-external-arm-toolchain/work/am335x_evm-linux-gnueabi/board-utils-rtos/2020.4.16-r0/recipe-sysroot/usr/share/ti/ti-pdk-tree/packages/ti/board/utils/uartAppLoader/obj/iceAMIC110/armv7/startup.o
                0x000000009fe00974                start_boot
 .text          0x000000009fe0099c       0x4c /oe/bld/build-CORTEX_1/arago-tmp-external-arm-toolchain/work/am335x_evm-linux-gnueabi/board-utils-rtos/2020.4.16-r0/recipe-sysroot/usr/share/ti/ti-pdk-tree/packages/ti/board/utils/uartAppLoader/obj/iceAMIC110/armv7/soc.o
                0x000000009fe0099c                socInit
 .text          0x000000009fe009e8      0x114 /oe/bld/build-CORTEX_1/arago-tmp-external-arm-toolchain/work/am335x_evm-linux-gnueabi/board-utils-rtos/2020.4.16-r0/recipe-sysroot-native/usr/share/ti/gcc-arm-none-eabi/bin/../lib/gcc/arm-none-eabi/7.3.1/hard/libgcc.a(_udivsi3.o)
                0x000000009fe009e8                __udivsi3
                0x000000009fe009e8                __aeabi_uidiv
                0x000000009fe00adc                __aeabi_uidivmod
 .text          0x000000009fe00afc      0x148 /oe/bld/build-CORTEX_1/arago-tmp-external-arm-toolchain/work/am335x_evm-linux-gnueabi/board-utils-rtos/2020.4.16-r0/recipe-sysroot-native/usr/share/ti/gcc-arm-none-eabi/bin/../lib/gcc/arm-none-eabi/7.3.1/hard/libgcc.a(_divsi3.o)
                0x000000009fe00afc                __aeabi_idiv
                0x000000009fe00afc                __divsi3
                0x000000009fe00c24                __aeabi_idivmod
 .text          0x000000009fe00c44        0x4 /oe/bld/build-CORTEX_1/arago-tmp-external-arm-toolchain/work/am335x_evm-linux-gnueabi/board-utils-rtos/2020.4.16-r0/recipe-sysroot-native/usr/share/ti/gcc-arm-none-eabi/bin/../lib/gcc/arm-none-eabi/7.3.1/hard/libgcc.a(_dvmd_tls.o)
                0x000000009fe00c44                __aeabi_ldiv0
                0x000000009fe00c44                __aeabi_idiv0
 .text.memcpy   0x000000009fe00c48      0x110 /oe/bld/build-CORTEX_1/arago-tmp-external-arm-toolchain/work/am335x_evm-linux-gnueabi/board-utils-rtos/2020.4.16-r0/recipe-sysroot-native/usr/share/ti/gcc-arm-none-eabi/bin/../lib/gcc/arm-none-eabi/7.3.1/../../../../arm-none-eabi/lib/hard/libc.a(lib_a-memcpy-stub.o)
                0x000000009fe00c48                memcpy
 .text.Board_moduleClockInit
                0x000000009fe00d58      0x148 /oe/bld/build-CORTEX_1/arago-tmp-external-arm-toolchain/work/am335x_evm-linux-gnueabi/board-utils-rtos/2020.4.16-r0/recipe-sysroot/usr/share/ti/ti-pdk-tree/packages/ti/board/lib/iceAMIC110/a8/release/ti.board.aa8fg(iceAMIC110.oa8fg)
                0x000000009fe00d58                Board_moduleClockInit
 .text.Board_init
                0x000000009fe00ea0       0x90 /oe/bld/build-CORTEX_1/arago-tmp-external-arm-toolchain/work/am335x_evm-linux-gnueabi/board-utils-rtos/2020.4.16-r0/recipe-sysroot/usr/share/ti/ti-pdk-tree/packages/ti/board/lib/iceAMIC110/a8/release/ti.board.aa8fg(iceAMIC110.oa8fg)
                0x000000009fe00ea0                Board_init
 .text.Board_uartStdioInit
                0x000000009fe00f30       0x1c /oe/bld/build-CORTEX_1/arago-tmp-external-arm-toolchain/work/am335x_evm-linux-gnueabi/board-utils-rtos/2020.4.16-r0/recipe-sysroot/usr/share/ti/ti-pdk-tree/packages/ti/board/lib/iceAMIC110/a8/release/ti.board.aa8fg(iceAMIC110_lld_init.oa8fg)
                0x000000009fe00f30                Board_uartStdioInit
 .text.Board_phyMLEDConfig
                0x000000009fe00f4c      0x18c /oe/bld/build-CORTEX_1/arago-tmp-external-arm-toolchain/work/am335x_evm-linux-gnueabi/board-utils-rtos/2020.4.16-r0/recipe-sysroot/usr/share/ti/ti-pdk-tree/packages/ti/board/lib/iceAMIC110/a8/release/ti.board.aa8fg(iceAMIC110_ethernet_config.oa8fg)
                0x000000009fe00f4c                Board_phyMLEDConfig
 .text.Board_enablePhyAutoMDIX
                0x000000009fe010d8       0xa0 /oe/bld/build-CORTEX_1/arago-tmp-external-arm-toolchain/work/am335x_evm-linux-gnueabi/board-utils-rtos/2020.4.16-r0/recipe-sysroot/usr/share/ti/ti-pdk-tree/packages/ti/board/lib/iceAMIC110/a8/release/ti.board.aa8fg(iceAMIC110_ethernet_config.oa8fg)
                0x000000009fe010d8                Board_enablePhyAutoMDIX
 .text.Board_phyExtFDEnable
                0x000000009fe01178       0x9c /oe/bld/build-CORTEX_1/arago-tmp-external-arm-toolchain/work/am335x_evm-linux-gnueabi/board-utils-rtos/2020.4.16-r0/recipe-sysroot/usr/share/ti/ti-pdk-tree/packages/ti/board/lib/iceAMIC110/a8/release/ti.board.aa8fg(iceAMIC110_ethernet_config.oa8fg)
                0x000000009fe01178                Board_phyExtFDEnable
 .text.Board_phyODDNibbleDetEnable
                0x000000009fe01214       0x9c /oe/bld/build-CORTEX_1/arago-tmp-external-arm-toolchain/work/am335x_evm-linux-gnueabi/board-utils-rtos/2020.4.16-r0/recipe-sysroot/usr/share/ti/ti-pdk-tree/packages/ti/board/lib/iceAMIC110/a8/release/ti.board.aa8fg(iceAMIC110_ethernet_config.oa8fg)
                0x000000009fe01214                Board_phyODDNibbleDetEnable
 .text.Board_phyRxErrIdleEnable
                0x000000009fe012b0       0x9c /oe/bld/build-CORTEX_1/arago-tmp-external-arm-toolchain/work/am335x_evm-linux-gnueabi/board-utils-rtos/2020.4.16-r0/recipe-sysroot/usr/share/ti/ti-pdk-tree/packages/ti/board/lib/iceAMIC110/a8/release/ti.board.aa8fg(iceAMIC110_ethernet_config.oa8fg)
                0x000000009fe012b0                Board_phyRxErrIdleEnable
 .text.Board_phyLedConfig
                0x000000009fe0134c       0xb0 /oe/bld/build-CORTEX_1/arago-tmp-external-arm-toolchain/work/am335x_evm-linux-gnueabi/board-utils-rtos/2020.4.16-r0/recipe-sysroot/usr/share/ti/ti-pdk-tree/packages/ti/board/lib/iceAMIC110/a8/release/ti.board.aa8fg(iceAMIC110_ethernet_config.oa8fg)
                0x000000009fe0134c                Board_phyLedConfig
 .text.Board_phyLedBlinkConfig
                0x000000009fe013fc       0xe0 /oe/bld/build-CORTEX_1/arago-tmp-external-arm-toolchain/work/am335x_evm-linux-gnueabi/board-utils-rtos/2020.4.16-r0/recipe-sysroot/usr/share/ti/ti-pdk-tree/packages/ti/board/lib/iceAMIC110/a8/release/ti.board.aa8fg(iceAMIC110_ethernet_config.oa8fg)
                0x000000009fe013fc                Board_phyLedBlinkConfig
 .text.Board_phyFastLinkDownDetEnable
                0x000000009fe014dc       0x98 /oe/bld/build-CORTEX_1/arago-tmp-external-arm-toolchain/work/am335x_evm-linux-gnueabi/board-utils-rtos/2020.4.16-r0/recipe-sysroot/usr/share/ti/ti-pdk-tree/packages/ti/board/lib/iceAMIC110/a8/release/ti.board.aa8fg(iceAMIC110_ethernet_config.oa8fg)
                0x000000009fe014dc                Board_phyFastLinkDownDetEnable
 .text.Board_phyLED1Config
                0x000000009fe01574      0x270 /oe/bld/build-CORTEX_1/arago-tmp-external-arm-toolchain/work/am335x_evm-linux-gnueabi/board-utils-rtos/2020.4.16-r0/recipe-sysroot/usr/share/ti/ti-pdk-tree/packages/ti/board/lib/iceAMIC110/a8/release/ti.board.aa8fg(iceAMIC110_ethernet_config.oa8fg)
                0x000000009fe01574                Board_phyLED1Config
 .text.Board_getAutoNegStat
                0x000000009fe017e4       0xb8 /oe/bld/build-CORTEX_1/arago-tmp-external-arm-toolchain/work/am335x_evm-linux-gnueabi/board-utils-rtos/2020.4.16-r0/recipe-sysroot/usr/share/ti/ti-pdk-tree/packages/ti/board/lib/iceAMIC110/a8/release/ti.board.aa8fg(iceAMIC110_ethernet_config.oa8fg)
                0x000000009fe017e4                Board_getAutoNegStat
 .text.Board_phyAutoNegAdvConfig
                0x000000009fe0189c       0x9c /oe/bld/build-CORTEX_1/arago-tmp-external-arm-toolchain/work/am335x_evm-linux-gnueabi/board-utils-rtos/2020.4.16-r0/recipe-sysroot/usr/share/ti/ti-pdk-tree/packages/ti/board/lib/iceAMIC110/a8/release/ti.board.aa8fg(iceAMIC110_ethernet_config.oa8fg)
                0x000000009fe0189c                Board_phyAutoNegAdvConfig
 .text.Board_icssEthConfig
                0x000000009fe01938      0x660 /oe/bld/build-CORTEX_1/arago-tmp-external-arm-toolchain/work/am335x_evm-linux-gnueabi/board-utils-rtos/2020.4.16-r0/recipe-sysroot/usr/share/ti/ti-pdk-tree/packages/ti/board/lib/iceAMIC110/a8/release/ti.board.aa8fg(iceAMIC110_ethernet_config.oa8fg)
                0x000000009fe01938                Board_icssEthConfig
 .text.PINMUXModuleConfig
                0x000000009fe01f98      0x128 /oe/bld/build-CORTEX_1/arago-tmp-external-arm-toolchain/work/am335x_evm-linux-gnueabi/board-utils-rtos/2020.4.16-r0/recipe-sysroot/usr/share/ti/ti-pdk-tree/packages/ti/board/lib/iceAMIC110/a8/release/ti.board.aa8fg(iceAMIC110_pinmux.oa8fg)
                0x000000009fe01f98                PINMUXModuleConfig
 .text.Board_pinmuxConfig
                0x000000009fe020c0      0x138 /oe/bld/build-CORTEX_1/arago-tmp-external-arm-toolchain/work/am335x_evm-linux-gnueabi/board-utils-rtos/2020.4.16-r0/recipe-sysroot/usr/share/ti/ti-pdk-tree/packages/ti/board/lib/iceAMIC110/a8/release/ti.board.aa8fg(iceAMIC110_pinmux.oa8fg)
                0x000000009fe020c0                Board_pinmuxConfig
 .text.CHIPDBBaseAddress
                0x000000009fe021f8       0x38 /oe/bld/build-CORTEX_1/arago-tmp-external-arm-toolchain/work/am335x_evm-linux-gnueabi/board-utils-rtos/2020.4.16-r0/recipe-sysroot/usr/share/ti/ti-pdk-tree/packages/ti/board/lib/iceAMIC110/a8/release/ti.board.aa8fg(am335x_chipdb.oa8fg)
                0x000000009fe021f8                CHIPDBBaseAddress
 .text.PRCMModuleEnable
                0x000000009fe02230     0x11ec /oe/bld/build-CORTEX_1/arago-tmp-external-arm-toolchain/work/am335x_evm-linux-gnueabi/board-utils-rtos/2020.4.16-r0/recipe-sysroot/usr/share/ti/ti-pdk-tree/packages/ti/board/lib/iceAMIC110/a8/release/ti.board.aa8fg(am335x_prcm.oa8fg)
                0x000000009fe02230                PRCMModuleEnable
 .text.uart_console_putc
                0x000000009fe0341c       0x58 /oe/bld/build-CORTEX_1/arago-tmp-external-arm-toolchain/work/am335x_evm-linux-gnueabi/board-utils-rtos/2020.4.16-r0/recipe-sysroot/usr/share/ti/ti-pdk-tree/packages/ti/drv/uart/lib/am335x/a8/release/ti.drv.uart.aa8fg(UART_stdio.oa8fg)
 .text.UART_stdioInit
                0x000000009fe03474       0x90 /oe/bld/build-CORTEX_1/arago-tmp-external-arm-toolchain/work/am335x_evm-linux-gnueabi/board-utils-rtos/2020.4.16-r0/recipe-sysroot/usr/share/ti/ti-pdk-tree/packages/ti/drv/uart/lib/am335x/a8/release/ti.drv.uart.aa8fg(UART_stdio.oa8fg)
                0x000000009fe03474                UART_stdioInit
 .text.UART_dataWrite
                0x000000009fe03504       0x5c /oe/bld/build-CORTEX_1/arago-tmp-external-arm-toolchain/work/am335x_evm-linux-gnueabi/board-utils-rtos/2020.4.16-r0/recipe-sysroot/usr/share/ti/ti-pdk-tree/packages/ti/drv/uart/lib/am335x/a8/release/ti.drv.uart.aa8fg(UART_stdio.oa8fg)
                0x000000009fe03504                UART_dataWrite
 .text.UART_convertVal.constprop.0
                0x000000009fe03560      0x16c /oe/bld/build-CORTEX_1/arago-tmp-external-arm-toolchain/work/am335x_evm-linux-gnueabi/board-utils-rtos/2020.4.16-r0/recipe-sysroot/usr/share/ti/ti-pdk-tree/packages/ti/drv/uart/lib/am335x/a8/release/ti.drv.uart.aa8fg(UART_stdio.oa8fg)
 .text.UART_printf
                0x000000009fe036cc      0x2d4 /oe/bld/build-CORTEX_1/arago-tmp-external-arm-toolchain/work/am335x_evm-linux-gnueabi/board-utils-rtos/2020.4.16-r0/recipe-sysroot/usr/share/ti/ti-pdk-tree/packages/ti/drv/uart/lib/am335x/a8/release/ti.drv.uart.aa8fg(UART_stdio.oa8fg)
                0x000000009fe036cc                UART_printf
 .text.UART_init
                0x000000009fe039a0       0x6c /oe/bld/build-CORTEX_1/arago-tmp-external-arm-toolchain/work/am335x_evm-linux-gnueabi/board-utils-rtos/2020.4.16-r0/recipe-sysroot/usr/share/ti/ti-pdk-tree/packages/ti/drv/uart/lib/am335x/a8/release/ti.drv.uart.aa8fg(UART_drv.oa8fg)
                0x000000009fe039a0                UART_init
 .text.UART_open
                0x000000009fe03a0c       0x20 /oe/bld/build-CORTEX_1/arago-tmp-external-arm-toolchain/work/am335x_evm-linux-gnueabi/board-utils-rtos/2020.4.16-r0/recipe-sysroot/usr/share/ti/ti-pdk-tree/packages/ti/drv/uart/lib/am335x/a8/release/ti.drv.uart.aa8fg(UART_drv.oa8fg)
                0x000000009fe03a0c                UART_open
 .text.UART_Params_init
                0x000000009fe03a2c       0x2c /oe/bld/build-CORTEX_1/arago-tmp-external-arm-toolchain/work/am335x_evm-linux-gnueabi/board-utils-rtos/2020.4.16-r0/recipe-sysroot/usr/share/ti/ti-pdk-tree/packages/ti/drv/uart/lib/am335x/a8/release/ti.drv.uart.aa8fg(UART_drv.oa8fg)
                0x000000009fe03a2c                UART_Params_init
 .text.UART_write
                0x000000009fe03a58        0xc /oe/bld/build-CORTEX_1/arago-tmp-external-arm-toolchain/work/am335x_evm-linux-gnueabi/board-utils-rtos/2020.4.16-r0/recipe-sysroot/usr/share/ti/ti-pdk-tree/packages/ti/drv/uart/lib/am335x/a8/release/ti.drv.uart.aa8fg(UART_drv.oa8fg)
                0x000000009fe03a58                UART_write
 .text.UART_writePolling
                0x000000009fe03a64        0xc /oe/bld/build-CORTEX_1/arago-tmp-external-arm-toolchain/work/am335x_evm-linux-gnueabi/board-utils-rtos/2020.4.16-r0/recipe-sysroot/usr/share/ti/ti-pdk-tree/packages/ti/drv/uart/lib/am335x/a8/release/ti.drv.uart.aa8fg(UART_drv.oa8fg)
                0x000000009fe03a64                UART_writePolling
 .text.UART_init_v1
                0x000000009fe03a70       0x10 /oe/bld/build-CORTEX_1/arago-tmp-external-arm-toolchain/work/am335x_evm-linux-gnueabi/board-utils-rtos/2020.4.16-r0/recipe-sysroot/usr/share/ti/ti-pdk-tree/packages/ti/drv/uart/lib/am335x/a8/release/ti.drv.uart.aa8fg(UART_v1.oa8fg)
 .text.UART_control_v1
                0x000000009fe03a80        0x8 /oe/bld/build-CORTEX_1/arago-tmp-external-arm-toolchain/work/am335x_evm-linux-gnueabi/board-utils-rtos/2020.4.16-r0/recipe-sysroot/usr/share/ti/ti-pdk-tree/packages/ti/drv/uart/lib/am335x/a8/release/ti.drv.uart.aa8fg(UART_v1.oa8fg)
 .text.UART_open_v1
                0x000000009fe03a88      0x31c /oe/bld/build-CORTEX_1/arago-tmp-external-arm-toolchain/work/am335x_evm-linux-gnueabi/board-utils-rtos/2020.4.16-r0/recipe-sysroot/usr/share/ti/ti-pdk-tree/packages/ti/drv/uart/lib/am335x/a8/release/ti.drv.uart.aa8fg(UART_v1.oa8fg)
 .text.UART_close_v1
                0x000000009fe03da4       0xb8 /oe/bld/build-CORTEX_1/arago-tmp-external-arm-toolchain/work/am335x_evm-linux-gnueabi/board-utils-rtos/2020.4.16-r0/recipe-sysroot/usr/share/ti/ti-pdk-tree/packages/ti/drv/uart/lib/am335x/a8/release/ti.drv.uart.aa8fg(UART_v1.oa8fg)
 .text.UART_writeCancelNoCB.isra.0
                0x000000009fe03e5c       0x78 /oe/bld/build-CORTEX_1/arago-tmp-external-arm-toolchain/work/am335x_evm-linux-gnueabi/board-utils-rtos/2020.4.16-r0/recipe-sysroot/usr/share/ti/ti-pdk-tree/packages/ti/drv/uart/lib/am335x/a8/release/ti.drv.uart.aa8fg(UART_v1.oa8fg)
 .text.UART_writeCancel_v1
                0x000000009fe03ed4       0x48 /oe/bld/build-CORTEX_1/arago-tmp-external-arm-toolchain/work/am335x_evm-linux-gnueabi/board-utils-rtos/2020.4.16-r0/recipe-sysroot/usr/share/ti/ti-pdk-tree/packages/ti/drv/uart/lib/am335x/a8/release/ti.drv.uart.aa8fg(UART_v1.oa8fg)
 .text.UART_readCancelNoCB.isra.2
                0x000000009fe03f1c       0x8c /oe/bld/build-CORTEX_1/arago-tmp-external-arm-toolchain/work/am335x_evm-linux-gnueabi/board-utils-rtos/2020.4.16-r0/recipe-sysroot/usr/share/ti/ti-pdk-tree/packages/ti/drv/uart/lib/am335x/a8/release/ti.drv.uart.aa8fg(UART_v1.oa8fg)
 .text.UART_charPut_v1.isra.4
                0x000000009fe03fa8       0x5c /oe/bld/build-CORTEX_1/arago-tmp-external-arm-toolchain/work/am335x_evm-linux-gnueabi/board-utils-rtos/2020.4.16-r0/recipe-sysroot/usr/share/ti/ti-pdk-tree/packages/ti/drv/uart/lib/am335x/a8/release/ti.drv.uart.aa8fg(UART_v1.oa8fg)
 .text.UART_writePolling_v1
                0x000000009fe04004       0xc0 /oe/bld/build-CORTEX_1/arago-tmp-external-arm-toolchain/work/am335x_evm-linux-gnueabi/board-utils-rtos/2020.4.16-r0/recipe-sysroot/usr/share/ti/ti-pdk-tree/packages/ti/drv/uart/lib/am335x/a8/release/ti.drv.uart.aa8fg(UART_v1.oa8fg)
 .text.UART_write2_v1
                0x000000009fe040c4      0x264 /oe/bld/build-CORTEX_1/arago-tmp-external-arm-toolchain/work/am335x_evm-linux-gnueabi/board-utils-rtos/2020.4.16-r0/recipe-sysroot/usr/share/ti/ti-pdk-tree/packages/ti/drv/uart/lib/am335x/a8/release/ti.drv.uart.aa8fg(UART_v1.oa8fg)
 .text.UART_write_v1
                0x000000009fe04328       0x7c /oe/bld/build-CORTEX_1/arago-tmp-external-arm-toolchain/work/am335x_evm-linux-gnueabi/board-utils-rtos/2020.4.16-r0/recipe-sysroot/usr/share/ti/ti-pdk-tree/packages/ti/drv/uart/lib/am335x/a8/release/ti.drv.uart.aa8fg(UART_v1.oa8fg)
 .text.UART_readPolling_v1
                0x000000009fe043a4      0x12c /oe/bld/build-CORTEX_1/arago-tmp-external-arm-toolchain/work/am335x_evm-linux-gnueabi/board-utils-rtos/2020.4.16-r0/recipe-sysroot/usr/share/ti/ti-pdk-tree/packages/ti/drv/uart/lib/am335x/a8/release/ti.drv.uart.aa8fg(UART_v1.oa8fg)
 .text.UART_v1_callback
                0x000000009fe044d0       0x98 /oe/bld/build-CORTEX_1/arago-tmp-external-arm-toolchain/work/am335x_evm-linux-gnueabi/board-utils-rtos/2020.4.16-r0/recipe-sysroot/usr/share/ti/ti-pdk-tree/packages/ti/drv/uart/lib/am335x/a8/release/ti.drv.uart.aa8fg(UART_v1.oa8fg)
                0x000000009fe044d0                UART_v1_callback
 .text.UART_read2_v1
                0x000000009fe04568      0x274 /oe/bld/build-CORTEX_1/arago-tmp-external-arm-toolchain/work/am335x_evm-linux-gnueabi/board-utils-rtos/2020.4.16-r0/recipe-sysroot/usr/share/ti/ti-pdk-tree/packages/ti/drv/uart/lib/am335x/a8/release/ti.drv.uart.aa8fg(UART_v1.oa8fg)
 .text.UART_read_v1
                0x000000009fe047dc       0x7c /oe/bld/build-CORTEX_1/arago-tmp-external-arm-toolchain/work/am335x_evm-linux-gnueabi/board-utils-rtos/2020.4.16-r0/recipe-sysroot/usr/share/ti/ti-pdk-tree/packages/ti/drv/uart/lib/am335x/a8/release/ti.drv.uart.aa8fg(UART_v1.oa8fg)
 .text.UART_readCancel_v1
                0x000000009fe04858       0x34 /oe/bld/build-CORTEX_1/arago-tmp-external-arm-toolchain/work/am335x_evm-linux-gnueabi/board-utils-rtos/2020.4.16-r0/recipe-sysroot/usr/share/ti/ti-pdk-tree/packages/ti/drv/uart/lib/am335x/a8/release/ti.drv.uart.aa8fg(UART_v1.oa8fg)
 .text.UART_v1_hwiIntFxn
                0x000000009fe0488c      0x544 /oe/bld/build-CORTEX_1/arago-tmp-external-arm-toolchain/work/am335x_evm-linux-gnueabi/board-utils-rtos/2020.4.16-r0/recipe-sysroot/usr/share/ti/ti-pdk-tree/packages/ti/drv/uart/lib/am335x/a8/release/ti.drv.uart.aa8fg(UART_v1.oa8fg)
 .text.GPIOModuleEnable
                0x000000009fe04dd0       0x14 /oe/bld/build-CORTEX_1/arago-tmp-external-arm-toolchain/work/am335x_evm-linux-gnueabi/board-utils-rtos/2020.4.16-r0/recipe-sysroot/usr/share/ti/ti-pdk-tree/packages/ti/csl/lib/am335x/a8/release/ti.csl.aa8fg(gpio_v2.oa8fg)
                0x000000009fe04dd0                GPIOModuleEnable
 .text.GPIODirModeSet
                0x000000009fe04de4       0x28 /oe/bld/build-CORTEX_1/arago-tmp-external-arm-toolchain/work/am335x_evm-linux-gnueabi/board-utils-rtos/2020.4.16-r0/recipe-sysroot/usr/share/ti/ti-pdk-tree/packages/ti/csl/lib/am335x/a8/release/ti.csl.aa8fg(gpio_v2.oa8fg)
                0x000000009fe04de4                GPIODirModeSet
 .text.GPIOPinWrite
                0x000000009fe04e0c       0x1c /oe/bld/build-CORTEX_1/arago-tmp-external-arm-toolchain/work/am335x_evm-linux-gnueabi/board-utils-rtos/2020.4.16-r0/recipe-sysroot/usr/share/ti/ti-pdk-tree/packages/ti/csl/lib/am335x/a8/release/ti.csl.aa8fg(gpio_v2.oa8fg)
                0x000000009fe04e0c                GPIOPinWrite
 .text.UARTOperatingModeSelect
                0x000000009fe04e28       0x28 /oe/bld/build-CORTEX_1/arago-tmp-external-arm-toolchain/work/am335x_evm-linux-gnueabi/board-utils-rtos/2020.4.16-r0/recipe-sysroot/usr/share/ti/ti-pdk-tree/packages/ti/csl/lib/am335x/a8/release/ti.csl.aa8fg(uart.oa8fg)
                0x000000009fe04e28                UARTOperatingModeSelect
 .text.UARTDivisorValCompute
                0x000000009fe04e50       0x6c /oe/bld/build-CORTEX_1/arago-tmp-external-arm-toolchain/work/am335x_evm-linux-gnueabi/board-utils-rtos/2020.4.16-r0/recipe-sysroot/usr/share/ti/ti-pdk-tree/packages/ti/csl/lib/am335x/a8/release/ti.csl.aa8fg(uart.oa8fg)
                0x000000009fe04e50                UARTDivisorValCompute
 .text.UARTDivisorLatchWrite
                0x000000009fe04ebc      0x1e4 /oe/bld/build-CORTEX_1/arago-tmp-external-arm-toolchain/work/am335x_evm-linux-gnueabi/board-utils-rtos/2020.4.16-r0/recipe-sysroot/usr/share/ti/ti-pdk-tree/packages/ti/csl/lib/am335x/a8/release/ti.csl.aa8fg(uart.oa8fg)
                0x000000009fe04ebc                UARTDivisorLatchWrite
 .text.UARTDivisorLatchDisable
                0x000000009fe050a0       0x14 /oe/bld/build-CORTEX_1/arago-tmp-external-arm-toolchain/work/am335x_evm-linux-gnueabi/board-utils-rtos/2020.4.16-r0/recipe-sysroot/usr/share/ti/ti-pdk-tree/packages/ti/csl/lib/am335x/a8/release/ti.csl.aa8fg(uart.oa8fg)
                0x000000009fe050a0                UARTDivisorLatchDisable
 .text.UARTBreakCtl
                0x000000009fe050b4       0x1c /oe/bld/build-CORTEX_1/arago-tmp-external-arm-toolchain/work/am335x_evm-linux-gnueabi/board-utils-rtos/2020.4.16-r0/recipe-sysroot/usr/share/ti/ti-pdk-tree/packages/ti/csl/lib/am335x/a8/release/ti.csl.aa8fg(uart.oa8fg)
                0x000000009fe050b4                UARTBreakCtl
 .text.UARTLineCharacConfig
                0x000000009fe050d0       0x28 /oe/bld/build-CORTEX_1/arago-tmp-external-arm-toolchain/work/am335x_evm-linux-gnueabi/board-utils-rtos/2020.4.16-r0/recipe-sysroot/usr/share/ti/ti-pdk-tree/packages/ti/csl/lib/am335x/a8/release/ti.csl.aa8fg(uart.oa8fg)
                0x000000009fe050d0                UARTLineCharacConfig
 .text.UARTFIFORegisterWrite
                0x000000009fe050f8       0xbc /oe/bld/build-CORTEX_1/arago-tmp-external-arm-toolchain/work/am335x_evm-linux-gnueabi/board-utils-rtos/2020.4.16-r0/recipe-sysroot/usr/share/ti/ti-pdk-tree/packages/ti/csl/lib/am335x/a8/release/ti.csl.aa8fg(uart.oa8fg)
                0x000000009fe050f8                UARTFIFORegisterWrite
 .text.UARTSubConfigTCRTLRModeEn
                0x000000009fe051b4       0xb4 /oe/bld/build-CORTEX_1/arago-tmp-external-arm-toolchain/work/am335x_evm-linux-gnueabi/board-utils-rtos/2020.4.16-r0/recipe-sysroot/usr/share/ti/ti-pdk-tree/packages/ti/csl/lib/am335x/a8/release/ti.csl.aa8fg(uart.oa8fg)
                0x000000009fe051b4                UARTSubConfigTCRTLRModeEn
 .text.UARTTCRTLRBitValRestore
                0x000000009fe05268       0xa8 /oe/bld/build-CORTEX_1/arago-tmp-external-arm-toolchain/work/am335x_evm-linux-gnueabi/board-utils-rtos/2020.4.16-r0/recipe-sysroot/usr/share/ti/ti-pdk-tree/packages/ti/csl/lib/am335x/a8/release/ti.csl.aa8fg(uart.oa8fg)
                0x000000009fe05268                UARTTCRTLRBitValRestore
 .text.UARTFIFOConfig
                0x000000009fe05310      0x288 /oe/bld/build-CORTEX_1/arago-tmp-external-arm-toolchain/work/am335x_evm-linux-gnueabi/board-utils-rtos/2020.4.16-r0/recipe-sysroot/usr/share/ti/ti-pdk-tree/packages/ti/csl/lib/am335x/a8/release/ti.csl.aa8fg(uart.oa8fg)
                0x000000009fe05310                UARTFIFOConfig
 .text.UARTIntEnable
                0x000000009fe05598       0xc0 /oe/bld/build-CORTEX_1/arago-tmp-external-arm-toolchain/work/am335x_evm-linux-gnueabi/board-utils-rtos/2020.4.16-r0/recipe-sysroot/usr/share/ti/ti-pdk-tree/packages/ti/csl/lib/am335x/a8/release/ti.csl.aa8fg(uart.oa8fg)
                0x000000009fe05598                UARTIntEnable
 .text.UARTIntDisable
                0x000000009fe05658       0xcc /oe/bld/build-CORTEX_1/arago-tmp-external-arm-toolchain/work/am335x_evm-linux-gnueabi/board-utils-rtos/2020.4.16-r0/recipe-sysroot/usr/share/ti/ti-pdk-tree/packages/ti/csl/lib/am335x/a8/release/ti.csl.aa8fg(uart.oa8fg)
                0x000000009fe05658                UARTIntDisable
 .text.UARTInt2Enable
                0x000000009fe05724       0x1c /oe/bld/build-CORTEX_1/arago-tmp-external-arm-toolchain/work/am335x_evm-linux-gnueabi/board-utils-rtos/2020.4.16-r0/recipe-sysroot/usr/share/ti/ti-pdk-tree/packages/ti/csl/lib/am335x/a8/release/ti.csl.aa8fg(uart.oa8fg)
                0x000000009fe05724                UARTInt2Enable
 .text.UARTInt2Disable
                0x000000009fe05740       0x1c /oe/bld/build-CORTEX_1/arago-tmp-external-arm-toolchain/work/am335x_evm-linux-gnueabi/board-utils-rtos/2020.4.16-r0/recipe-sysroot/usr/share/ti/ti-pdk-tree/packages/ti/csl/lib/am335x/a8/release/ti.csl.aa8fg(uart.oa8fg)
                0x000000009fe05740                UARTInt2Disable
 .text.UARTReadStatus
                0x000000009fe0575c       0x34 /oe/bld/build-CORTEX_1/arago-tmp-external-arm-toolchain/work/am335x_evm-linux-gnueabi/board-utils-rtos/2020.4.16-r0/recipe-sysroot/usr/share/ti/ti-pdk-tree/packages/ti/csl/lib/am335x/a8/release/ti.csl.aa8fg(uart.oa8fg)
                0x000000009fe0575c                UARTReadStatus
 .text.UARTCharPutNonBlocking
                0x000000009fe05790       0x48 /oe/bld/build-CORTEX_1/arago-tmp-external-arm-toolchain/work/am335x_evm-linux-gnueabi/board-utils-rtos/2020.4.16-r0/recipe-sysroot/usr/share/ti/ti-pdk-tree/packages/ti/csl/lib/am335x/a8/release/ti.csl.aa8fg(uart.oa8fg)
                0x000000009fe05790                UARTCharPutNonBlocking
 .text.UARTCharGetTimeout
                0x000000009fe057d8       0x7c /oe/bld/build-CORTEX_1/arago-tmp-external-arm-toolchain/work/am335x_evm-linux-gnueabi/board-utils-rtos/2020.4.16-r0/recipe-sysroot/usr/share/ti/ti-pdk-tree/packages/ti/csl/lib/am335x/a8/release/ti.csl.aa8fg(uart.oa8fg)
                0x000000009fe057d8                UARTCharGetTimeout
 .text.UARTCharPut
                0x000000009fe05854       0x48 /oe/bld/build-CORTEX_1/arago-tmp-external-arm-toolchain/work/am335x_evm-linux-gnueabi/board-utils-rtos/2020.4.16-r0/recipe-sysroot/usr/share/ti/ti-pdk-tree/packages/ti/csl/lib/am335x/a8/release/ti.csl.aa8fg(uart.oa8fg)
                0x000000009fe05854                UARTCharPut
 .text.UARTFIFOCharPut
                0x000000009fe0589c        0xc /oe/bld/build-CORTEX_1/arago-tmp-external-arm-toolchain/work/am335x_evm-linux-gnueabi/board-utils-rtos/2020.4.16-r0/recipe-sysroot/usr/share/ti/ti-pdk-tree/packages/ti/csl/lib/am335x/a8/release/ti.csl.aa8fg(uart.oa8fg)
                0x000000009fe0589c                UARTFIFOCharPut
 .text.UARTIntIdentityGet
                0x000000009fe058a8       0x34 /oe/bld/build-CORTEX_1/arago-tmp-external-arm-toolchain/work/am335x_evm-linux-gnueabi/board-utils-rtos/2020.4.16-r0/recipe-sysroot/usr/share/ti/ti-pdk-tree/packages/ti/csl/lib/am335x/a8/release/ti.csl.aa8fg(uart.oa8fg)
                0x000000009fe058a8                UARTIntIdentityGet
 .text.UARTInt2StatusGet
                0x000000009fe058dc       0x10 /oe/bld/build-CORTEX_1/arago-tmp-external-arm-toolchain/work/am335x_evm-linux-gnueabi/board-utils-rtos/2020.4.16-r0/recipe-sysroot/usr/share/ti/ti-pdk-tree/packages/ti/csl/lib/am335x/a8/release/ti.csl.aa8fg(uart.oa8fg)
                0x000000009fe058dc                UARTInt2StatusGet
 .text.UARTLoopbackModeControl
                0x000000009fe058ec       0x1c /oe/bld/build-CORTEX_1/arago-tmp-external-arm-toolchain/work/am335x_evm-linux-gnueabi/board-utils-rtos/2020.4.16-r0/recipe-sysroot/usr/share/ti/ti-pdk-tree/packages/ti/csl/lib/am335x/a8/release/ti.csl.aa8fg(uart.oa8fg)
                0x000000009fe058ec                UARTLoopbackModeControl
 .text.UARTTxFIFOFullStatusGet
                0x000000009fe05908       0x10 /oe/bld/build-CORTEX_1/arago-tmp-external-arm-toolchain/work/am335x_evm-linux-gnueabi/board-utils-rtos/2020.4.16-r0/recipe-sysroot/usr/share/ti/ti-pdk-tree/packages/ti/csl/lib/am335x/a8/release/ti.csl.aa8fg(uart.oa8fg)
                0x000000009fe05908                UARTTxFIFOFullStatusGet
 .text.UARTIsTransmitterEmpty
                0x000000009fe05918       0x40 /oe/bld/build-CORTEX_1/arago-tmp-external-arm-toolchain/work/am335x_evm-linux-gnueabi/board-utils-rtos/2020.4.16-r0/recipe-sysroot/usr/share/ti/ti-pdk-tree/packages/ti/csl/lib/am335x/a8/release/ti.csl.aa8fg(uart.oa8fg)
                0x000000009fe05918                UARTIsTransmitterEmpty
 .text.UARTCharGetNonBlocking2
                0x000000009fe05958       0x4c /oe/bld/build-CORTEX_1/arago-tmp-external-arm-toolchain/work/am335x_evm-linux-gnueabi/board-utils-rtos/2020.4.16-r0/recipe-sysroot/usr/share/ti/ti-pdk-tree/packages/ti/csl/lib/am335x/a8/release/ti.csl.aa8fg(uart.oa8fg)
                0x000000009fe05958                UARTCharGetNonBlocking2
 .text.HwiP_create
                0x000000009fe059a4       0x44 /oe/bld/build-CORTEX_1/arago-tmp-external-arm-toolchain/work/am335x_evm-linux-gnueabi/board-utils-rtos/2020.4.16-r0/recipe-sysroot/usr/share/ti/ti-pdk-tree/packages/ti/osal/lib/nonos/am335x/a8/release/ti.osal.aa8fg(HwiP_nonos.oa8fg)
                0x000000009fe059a4                HwiP_create
 .text.HwiP_delete
                0x000000009fe059e8       0x70 /oe/bld/build-CORTEX_1/arago-tmp-external-arm-toolchain/work/am335x_evm-linux-gnueabi/board-utils-rtos/2020.4.16-r0/recipe-sysroot/usr/share/ti/ti-pdk-tree/packages/ti/osal/lib/nonos/am335x/a8/release/ti.osal.aa8fg(HwiP_nonos.oa8fg)
                0x000000009fe059e8                HwiP_delete
 .text.HwiP_disable
                0x000000009fe05a58        0x4 /oe/bld/build-CORTEX_1/arago-tmp-external-arm-toolchain/work/am335x_evm-linux-gnueabi/board-utils-rtos/2020.4.16-r0/recipe-sysroot/usr/share/ti/ti-pdk-tree/packages/ti/osal/lib/nonos/am335x/a8/release/ti.osal.aa8fg(HwiP_nonos.oa8fg)
                0x000000009fe05a58                HwiP_disable
 .text.HwiP_Params_init
                0x000000009fe05a5c       0x24 /oe/bld/build-CORTEX_1/arago-tmp-external-arm-toolchain/work/am335x_evm-linux-gnueabi/board-utils-rtos/2020.4.16-r0/recipe-sysroot/usr/share/ti/ti-pdk-tree/packages/ti/osal/lib/nonos/am335x/a8/release/ti.osal.aa8fg(HwiP_nonos.oa8fg)
                0x000000009fe05a5c                HwiP_Params_init
 .text.HwiP_restore
                0x000000009fe05a80        0x4 /oe/bld/build-CORTEX_1/arago-tmp-external-arm-toolchain/work/am335x_evm-linux-gnueabi/board-utils-rtos/2020.4.16-r0/recipe-sysroot/usr/share/ti/ti-pdk-tree/packages/ti/osal/lib/nonos/am335x/a8/release/ti.osal.aa8fg(HwiP_nonos.oa8fg)
                0x000000009fe05a80                HwiP_restore
 .text.Osal_DebugP_assert
                0x000000009fe05a84       0x20 /oe/bld/build-CORTEX_1/arago-tmp-external-arm-toolchain/work/am335x_evm-linux-gnueabi/board-utils-rtos/2020.4.16-r0/recipe-sysroot/usr/share/ti/ti-pdk-tree/packages/ti/osal/lib/nonos/am335x/a8/release/ti.osal.aa8fg(Utils_nonos.oa8fg)
                0x000000009fe05a84                Osal_DebugP_assert
 .text.Osal_getThreadType
                0x000000009fe05aa4        0x8 /oe/bld/build-CORTEX_1/arago-tmp-external-arm-toolchain/work/am335x_evm-linux-gnueabi/board-utils-rtos/2020.4.16-r0/recipe-sysroot/usr/share/ti/ti-pdk-tree/packages/ti/osal/lib/nonos/am335x/a8/release/ti.osal.aa8fg(Utils_nonos.oa8fg)
                0x000000009fe05aa4                Osal_getThreadType
 .text.SemaphoreP_create
                0x000000009fe05aac      0x150 /oe/bld/build-CORTEX_1/arago-tmp-external-arm-toolchain/work/am335x_evm-linux-gnueabi/board-utils-rtos/2020.4.16-r0/recipe-sysroot/usr/share/ti/ti-pdk-tree/packages/ti/osal/lib/nonos/am335x/a8/release/ti.osal.aa8fg(SemaphoreP_nonos.oa8fg)
                0x000000009fe05aac                SemaphoreP_create
 .text.SemaphoreP_delete
                0x000000009fe05bfc       0x74 /oe/bld/build-CORTEX_1/arago-tmp-external-arm-toolchain/work/am335x_evm-linux-gnueabi/board-utils-rtos/2020.4.16-r0/recipe-sysroot/usr/share/ti/ti-pdk-tree/packages/ti/osal/lib/nonos/am335x/a8/release/ti.osal.aa8fg(SemaphoreP_nonos.oa8fg)
                0x000000009fe05bfc                SemaphoreP_delete
 .text.SemaphoreP_Params_init
                0x000000009fe05c70       0x48 /oe/bld/build-CORTEX_1/arago-tmp-external-arm-toolchain/work/am335x_evm-linux-gnueabi/board-utils-rtos/2020.4.16-r0/recipe-sysroot/usr/share/ti/ti-pdk-tree/packages/ti/osal/lib/nonos/am335x/a8/release/ti.osal.aa8fg(SemaphoreP_nonos.oa8fg)
                0x000000009fe05c70                SemaphoreP_Params_init
 .text.SemaphoreP_pend
                0x000000009fe05cb8       0xa4 /oe/bld/build-CORTEX_1/arago-tmp-external-arm-toolchain/work/am335x_evm-linux-gnueabi/board-utils-rtos/2020.4.16-r0/recipe-sysroot/usr/share/ti/ti-pdk-tree/packages/ti/osal/lib/nonos/am335x/a8/release/ti.osal.aa8fg(SemaphoreP_nonos.oa8fg)
                0x000000009fe05cb8                SemaphoreP_pend
 .text.SemaphoreP_post
                0x000000009fe05d5c       0x68 /oe/bld/build-CORTEX_1/arago-tmp-external-arm-toolchain/work/am335x_evm-linux-gnueabi/board-utils-rtos/2020.4.16-r0/recipe-sysroot/usr/share/ti/ti-pdk-tree/packages/ti/osal/lib/nonos/am335x/a8/release/ti.osal.aa8fg(SemaphoreP_nonos.oa8fg)
                0x000000009fe05d5c                SemaphoreP_post
 .text.Osal_RegisterInterrupt_initParams
                0x000000009fe05dc4       0x40 /oe/bld/build-CORTEX_1/arago-tmp-external-arm-toolchain/work/am335x_evm-linux-gnueabi/board-utils-rtos/2020.4.16-r0/recipe-sysroot/usr/share/ti/ti-pdk-tree/packages/ti/osal/lib/nonos/am335x/a8/release/ti.osal.aa8fg(RegisterIntr_nonos.oa8fg)
                0x000000009fe05dc4                Osal_RegisterInterrupt_initParams
 .text.Osal_RegisterInterrupt
                0x000000009fe05e04       0x7c /oe/bld/build-CORTEX_1/arago-tmp-external-arm-toolchain/work/am335x_evm-linux-gnueabi/board-utils-rtos/2020.4.16-r0/recipe-sysroot/usr/share/ti/ti-pdk-tree/packages/ti/osal/lib/nonos/am335x/a8/release/ti.osal.aa8fg(RegisterIntr_nonos.oa8fg)
                0x000000009fe05e04                Osal_RegisterInterrupt
 .text.Osal_DeleteInterrupt
                0x000000009fe05e80       0x20 /oe/bld/build-CORTEX_1/arago-tmp-external-arm-toolchain/work/am335x_evm-linux-gnueabi/board-utils-rtos/2020.4.16-r0/recipe-sysroot/usr/share/ti/ti-pdk-tree/packages/ti/osal/lib/nonos/am335x/a8/release/ti.osal.aa8fg(RegisterIntr_nonos.oa8fg)
                0x000000009fe05e80                Osal_DeleteInterrupt
 .text.IntDefaultHandler
                0x000000009fe05ea0       0x18 /oe/bld/build-CORTEX_1/arago-tmp-external-arm-toolchain/work/am335x_evm-linux-gnueabi/board-utils-rtos/2020.4.16-r0/recipe-sysroot/usr/share/ti/ti-pdk-tree/packages/ti/osal/lib/nonos/am335x/a8/release/ti.osal.aa8fg(osalintc.oa8fg)
 .text.INTCInit
                0x000000009fe05eb8       0x78 /oe/bld/build-CORTEX_1/arago-tmp-external-arm-toolchain/work/am335x_evm-linux-gnueabi/board-utils-rtos/2020.4.16-r0/recipe-sysroot/usr/share/ti/ti-pdk-tree/packages/ti/osal/lib/nonos/am335x/a8/release/ti.osal.aa8fg(osalintc.oa8fg)
                0x000000009fe05eb8                INTCInit
 .text.INTCConfigIntr
                0x000000009fe05f30       0xa0 /oe/bld/build-CORTEX_1/arago-tmp-external-arm-toolchain/work/am335x_evm-linux-gnueabi/board-utils-rtos/2020.4.16-r0/recipe-sysroot/usr/share/ti/ti-pdk-tree/packages/ti/osal/lib/nonos/am335x/a8/release/ti.osal.aa8fg(osalintc.oa8fg)
                0x000000009fe05f30                INTCConfigIntr
 .text.INTCEnableIntr
                0x000000009fe05fd0       0x38 /oe/bld/build-CORTEX_1/arago-tmp-external-arm-toolchain/work/am335x_evm-linux-gnueabi/board-utils-rtos/2020.4.16-r0/recipe-sysroot/usr/share/ti/ti-pdk-tree/packages/ti/osal/lib/nonos/am335x/a8/release/ti.osal.aa8fg(osalintc.oa8fg)
                0x000000009fe05fd0                INTCEnableIntr
 .text.INTCDisableIntr
                0x000000009fe06008       0x38 /oe/bld/build-CORTEX_1/arago-tmp-external-arm-toolchain/work/am335x_evm-linux-gnueabi/board-utils-rtos/2020.4.16-r0/recipe-sysroot/usr/share/ti/ti-pdk-tree/packages/ti/osal/lib/nonos/am335x/a8/release/ti.osal.aa8fg(osalintc.oa8fg)
                0x000000009fe06008                INTCDisableIntr
 .text.INTCEnableCpuIntr
                0x000000009fe06040       0x30 /oe/bld/build-CORTEX_1/arago-tmp-external-arm-toolchain/work/am335x_evm-linux-gnueabi/board-utils-rtos/2020.4.16-r0/recipe-sysroot/usr/share/ti/ti-pdk-tree/packages/ti/osal/lib/nonos/am335x/a8/release/ti.osal.aa8fg(osalintc.oa8fg)
                0x000000009fe06040                INTCEnableCpuIntr
 .text.INTCDisableCpuIntr
                0x000000009fe06070        0x4 /oe/bld/build-CORTEX_1/arago-tmp-external-arm-toolchain/work/am335x_evm-linux-gnueabi/board-utils-rtos/2020.4.16-r0/recipe-sysroot/usr/share/ti/ti-pdk-tree/packages/ti/osal/lib/nonos/am335x/a8/release/ti.osal.aa8fg(osalintc.oa8fg)
                0x000000009fe06070                INTCDisableCpuIntr
 .text.INTCCommonIntrHandler
                0x000000009fe06074       0x98 /oe/bld/build-CORTEX_1/arago-tmp-external-arm-toolchain/work/am335x_evm-linux-gnueabi/board-utils-rtos/2020.4.16-r0/recipe-sysroot/usr/share/ti/ti-pdk-tree/packages/ti/osal/lib/nonos/am335x/a8/release/ti.osal.aa8fg(osalintc.oa8fg)
                0x000000009fe06074                INTCCommonIntrHandler
 .text.OsalArch_ISRStub
                0x000000009fe0610c        0xc /oe/bld/build-CORTEX_1/arago-tmp-external-arm-toolchain/work/am335x_evm-linux-gnueabi/board-utils-rtos/2020.4.16-r0/recipe-sysroot/usr/share/ti/ti-pdk-tree/packages/ti/osal/lib/nonos/am335x/a8/release/ti.osal.aa8fg(Arch_util.oa8fg)
 .text.OsalArch_globalDisableInterrupt
                0x000000009fe06118        0x4 /oe/bld/build-CORTEX_1/arago-tmp-external-arm-toolchain/work/am335x_evm-linux-gnueabi/board-utils-rtos/2020.4.16-r0/recipe-sysroot/usr/share/ti/ti-pdk-tree/packages/ti/osal/lib/nonos/am335x/a8/release/ti.osal.aa8fg(Arch_util.oa8fg)
                0x000000009fe06118                OsalArch_globalDisableInterrupt
 .text.OsalArch_globalRestoreInterrupt
                0x000000009fe0611c        0x4 /oe/bld/build-CORTEX_1/arago-tmp-external-arm-toolchain/work/am335x_evm-linux-gnueabi/board-utils-rtos/2020.4.16-r0/recipe-sysroot/usr/share/ti/ti-pdk-tree/packages/ti/osal/lib/nonos/am335x/a8/release/ti.osal.aa8fg(Arch_util.oa8fg)
                0x000000009fe0611c                OsalArch_globalRestoreInterrupt
 .text.OsalArch_HwiPCreate
                0x000000009fe06120      0x1d8 /oe/bld/build-CORTEX_1/arago-tmp-external-arm-toolchain/work/am335x_evm-linux-gnueabi/board-utils-rtos/2020.4.16-r0/recipe-sysroot/usr/share/ti/ti-pdk-tree/packages/ti/osal/lib/nonos/am335x/a8/release/ti.osal.aa8fg(Arch_util.oa8fg)
                0x000000009fe06120                OsalArch_HwiPCreate
 .text.OsalArch_HwiPDelete
                0x000000009fe062f8       0x28 /oe/bld/build-CORTEX_1/arago-tmp-external-arm-toolchain/work/am335x_evm-linux-gnueabi/board-utils-rtos/2020.4.16-r0/recipe-sysroot/usr/share/ti/ti-pdk-tree/packages/ti/osal/lib/nonos/am335x/a8/release/ti.osal.aa8fg(Arch_util.oa8fg)
                0x000000009fe062f8                OsalArch_HwiPDelete
 .text.Delay_32kFClk
                0x000000009fe06320       0xa0 /oe/bld/build-CORTEX_1/arago-tmp-external-arm-toolchain/work/am335x_evm-linux-gnueabi/board-utils-rtos/2020.4.16-r0/recipe-sysroot/usr/share/ti/ti-pdk-tree/packages/ti/osal/lib/nonos/am335x/a8/release/ti.osal.aa8fg(delay.oa8fg)
                0x000000009fe06320                Delay_32kFClk
 .text.Osal_delay
                0x000000009fe063c0       0x20 /oe/bld/build-CORTEX_1/arago-tmp-external-arm-toolchain/work/am335x_evm-linux-gnueabi/board-utils-rtos/2020.4.16-r0/recipe-sysroot/usr/share/ti/ti-pdk-tree/packages/ti/osal/lib/nonos/am335x/a8/release/ti.osal.aa8fg(delay.oa8fg)
                0x000000009fe063c0                Osal_delay
 .text.CPUIntrDisable
                0x000000009fe063e0       0x38 /oe/bld/build-CORTEX_1/arago-tmp-external-arm-toolchain/work/am335x_evm-linux-gnueabi/board-utils-rtos/2020.4.16-r0/recipe-sysroot/usr/share/ti/ti-pdk-tree/packages/ti/osal/lib/nonos/am335x/a8/release/ti.osal.aa8fg(cpu.oa8fg)
                0x000000009fe063e0                CPUIntrDisable
 .text.CPUIntrEnable
                0x000000009fe06418       0x2c /oe/bld/build-CORTEX_1/arago-tmp-external-arm-toolchain/work/am335x_evm-linux-gnueabi/board-utils-rtos/2020.4.16-r0/recipe-sysroot/usr/share/ti/ti-pdk-tree/packages/ti/osal/lib/nonos/am335x/a8/release/ti.osal.aa8fg(cpu.oa8fg)
                0x000000009fe06418                CPUIntrEnable
 .text.TIMEREnable
                0x000000009fe06444       0x5c /oe/bld/build-CORTEX_1/arago-tmp-external-arm-toolchain/work/am335x_evm-linux-gnueabi/board-utils-rtos/2020.4.16-r0/recipe-sysroot/usr/share/ti/ti-pdk-tree/packages/ti/csl/lib/am335x/a8/release/ti.csl.aa8fg(timer.oa8fg)
                0x000000009fe06444                TIMEREnable
 .text.TIMERDisable
                0x000000009fe064a0       0x54 /oe/bld/build-CORTEX_1/arago-tmp-external-arm-toolchain/work/am335x_evm-linux-gnueabi/board-utils-rtos/2020.4.16-r0/recipe-sysroot/usr/share/ti/ti-pdk-tree/packages/ti/csl/lib/am335x/a8/release/ti.csl.aa8fg(timer.oa8fg)
                0x000000009fe064a0                TIMERDisable
 .text.TIMERModeConfigure
                0x000000009fe064f4       0xb0 /oe/bld/build-CORTEX_1/arago-tmp-external-arm-toolchain/work/am335x_evm-linux-gnueabi/board-utils-rtos/2020.4.16-r0/recipe-sysroot/usr/share/ti/ti-pdk-tree/packages/ti/csl/lib/am335x/a8/release/ti.csl.aa8fg(timer.oa8fg)
                0x000000009fe064f4                TIMERModeConfigure
 .text.TIMERCounterSet
                0x000000009fe065a4       0x4c /oe/bld/build-CORTEX_1/arago-tmp-external-arm-toolchain/work/am335x_evm-linux-gnueabi/board-utils-rtos/2020.4.16-r0/recipe-sysroot/usr/share/ti/ti-pdk-tree/packages/ti/csl/lib/am335x/a8/release/ti.csl.aa8fg(timer.oa8fg)
                0x000000009fe065a4                TIMERCounterSet
 .text.TIMERCounterGet
                0x000000009fe065f0       0x38 /oe/bld/build-CORTEX_1/arago-tmp-external-arm-toolchain/work/am335x_evm-linux-gnueabi/board-utils-rtos/2020.4.16-r0/recipe-sysroot/usr/share/ti/ti-pdk-tree/packages/ti/csl/lib/am335x/a8/release/ti.csl.aa8fg(timer.oa8fg)
                0x000000009fe065f0                TIMERCounterGet
 .text.TIMERReloadSet
                0x000000009fe06628       0x4c /oe/bld/build-CORTEX_1/arago-tmp-external-arm-toolchain/work/am335x_evm-linux-gnueabi/board-utils-rtos/2020.4.16-r0/recipe-sysroot/usr/share/ti/ti-pdk-tree/packages/ti/csl/lib/am335x/a8/release/ti.csl.aa8fg(timer.oa8fg)
                0x000000009fe06628                TIMERReloadSet
 .text.TIMERIntDisable
                0x000000009fe06674       0x34 /oe/bld/build-CORTEX_1/arago-tmp-external-arm-toolchain/work/am335x_evm-linux-gnueabi/board-utils-rtos/2020.4.16-r0/recipe-sysroot/usr/share/ti/ti-pdk-tree/packages/ti/csl/lib/am335x/a8/release/ti.csl.aa8fg(timer.oa8fg)
                0x000000009fe06674                TIMERIntDisable
 *(.rodata*)
 .rodata        0x000000009fe066a8      0x200 /oe/bld/build-CORTEX_1/arago-tmp-external-arm-toolchain/work/am335x_evm-linux-gnueabi/board-utils-rtos/2020.4.16-r0/recipe-sysroot/usr/share/ti/ti-pdk-tree/packages/ti/board/utils/uartAppLoader/obj/iceAMIC110/armv7/xmodem.o
 .rodata        0x000000009fe068a8      0x118 /oe/bld/build-CORTEX_1/arago-tmp-external-arm-toolchain/work/am335x_evm-linux-gnueabi/board-utils-rtos/2020.4.16-r0/recipe-sysroot/usr/share/ti/ti-pdk-tree/packages/ti/board/utils/uartAppLoader/obj/iceAMIC110/armv7/apploader_main.o
 .rodata.gChipDBResourceIDMap
                0x000000009fe069c0      0x244 /oe/bld/build-CORTEX_1/arago-tmp-external-arm-toolchain/work/am335x_evm-linux-gnueabi/board-utils-rtos/2020.4.16-r0/recipe-sysroot/usr/share/ti/ti-pdk-tree/packages/ti/board/lib/iceAMIC110/a8/release/ti.board.aa8fg(hw_am335x_chipdb.oa8fg)
                0x000000009fe069c0                gChipDBResourceIDMap
 .rodata.gChipDBBaseAddrTable
                0x000000009fe06c04      0x200 /oe/bld/build-CORTEX_1/arago-tmp-external-arm-toolchain/work/am335x_evm-linux-gnueabi/board-utils-rtos/2020.4.16-r0/recipe-sysroot/usr/share/ti/ti-pdk-tree/packages/ti/board/lib/iceAMIC110/a8/release/ti.board.aa8fg(hw_am335x_chipdb_baseaddr.oa8fg)
                0x000000009fe06c04                gChipDBBaseAddrTable
 .rodata.UART_convertVal.constprop.0.str1.4
                0x000000009fe06e04       0x11 /oe/bld/build-CORTEX_1/arago-tmp-external-arm-toolchain/work/am335x_evm-linux-gnueabi/board-utils-rtos/2020.4.16-r0/recipe-sysroot/usr/share/ti/ti-pdk-tree/packages/ti/drv/uart/lib/am335x/a8/release/ti.drv.uart.aa8fg(UART_stdio.oa8fg)
 *fill*         0x000000009fe06e15        0x3 
 .rodata.UART_printf.str1.4
                0x000000009fe06e18        0xa /oe/bld/build-CORTEX_1/arago-tmp-external-arm-toolchain/work/am335x_evm-linux-gnueabi/board-utils-rtos/2020.4.16-r0/recipe-sysroot/usr/share/ti/ti-pdk-tree/packages/ti/drv/uart/lib/am335x/a8/release/ti.drv.uart.aa8fg(UART_stdio.oa8fg)
 *fill*         0x000000009fe06e22        0x2 
 .rodata.UART_stdioInit2.str1.4
                0x000000009fe06e24        0xa /oe/bld/build-CORTEX_1/arago-tmp-external-arm-toolchain/work/am335x_evm-linux-gnueabi/board-utils-rtos/2020.4.16-r0/recipe-sysroot/usr/share/ti/ti-pdk-tree/packages/ti/drv/uart/lib/am335x/a8/release/ti.drv.uart.aa8fg(UART_stdio.oa8fg)
 *fill*         0x000000009fe06e2e        0x2 
 .rodata.UART_defaultParams
                0x000000009fe06e30       0x2c /oe/bld/build-CORTEX_1/arago-tmp-external-arm-toolchain/work/am335x_evm-linux-gnueabi/board-utils-rtos/2020.4.16-r0/recipe-sysroot/usr/share/ti/ti-pdk-tree/packages/ti/drv/uart/lib/am335x/a8/release/ti.drv.uart.aa8fg(UART_drv.oa8fg)
                0x000000009fe06e30                UART_defaultParams
 .rodata.CSWTCH.11
                0x000000009fe06e5c       0x10 /oe/bld/build-CORTEX_1/arago-tmp-external-arm-toolchain/work/am335x_evm-linux-gnueabi/board-utils-rtos/2020.4.16-r0/recipe-sysroot/usr/share/ti/ti-pdk-tree/packages/ti/drv/uart/lib/am335x/a8/release/ti.drv.uart.aa8fg(UART_v1.oa8fg)
 .rodata.CSWTCH.13
                0x000000009fe06e6c        0xc /oe/bld/build-CORTEX_1/arago-tmp-external-arm-toolchain/work/am335x_evm-linux-gnueabi/board-utils-rtos/2020.4.16-r0/recipe-sysroot/usr/share/ti/ti-pdk-tree/packages/ti/drv/uart/lib/am335x/a8/release/ti.drv.uart.aa8fg(UART_v1.oa8fg)
 .rodata.UART_FxnTable_v1
                0x000000009fe06e78       0x30 /oe/bld/build-CORTEX_1/arago-tmp-external-arm-toolchain/work/am335x_evm-linux-gnueabi/board-utils-rtos/2020.4.16-r0/recipe-sysroot/usr/share/ti/ti-pdk-tree/packages/ti/drv/uart/lib/am335x/a8/release/ti.drv.uart.aa8fg(UART_v1.oa8fg)
                0x000000009fe06e78                UART_FxnTable_v1
 .rodata.UART_open_v1.str1.4
                0x000000009fe06ea8        0xe /oe/bld/build-CORTEX_1/arago-tmp-external-arm-toolchain/work/am335x_evm-linux-gnueabi/board-utils-rtos/2020.4.16-r0/recipe-sysroot/usr/share/ti/ti-pdk-tree/packages/ti/drv/uart/lib/am335x/a8/release/ti.drv.uart.aa8fg(UART_v1.oa8fg)
 *fill*         0x000000009fe06eb6        0x2 
 .rodata.HwiP_delete.str1.4
                0x000000009fe06eb8       0x17 /oe/bld/build-CORTEX_1/arago-tmp-external-arm-toolchain/work/am335x_evm-linux-gnueabi/board-utils-rtos/2020.4.16-r0/recipe-sysroot/usr/share/ti/ti-pdk-tree/packages/ti/osal/lib/nonos/am335x/a8/release/ti.osal.aa8fg(HwiP_nonos.oa8fg)
 *fill*         0x000000009fe06ecf        0x1 
 .rodata.SemaphoreP_delete.str1.4
                0x000000009fe06ed0       0x20 /oe/bld/build-CORTEX_1/arago-tmp-external-arm-toolchain/work/am335x_evm-linux-gnueabi/board-utils-rtos/2020.4.16-r0/recipe-sysroot/usr/share/ti/ti-pdk-tree/packages/ti/osal/lib/nonos/am335x/a8/release/ti.osal.aa8fg(SemaphoreP_nonos.oa8fg)
                                         0x1d (size before relaxing)

.glue_7         0x000000009fe06ef0        0x0
 .glue_7        0x000000009fe06ef0        0x0 linker stubs

.glue_7t        0x000000009fe06ef0        0x0
 .glue_7t       0x000000009fe06ef0        0x0 linker stubs

.vfp11_veneer   0x000000009fe06ef0        0x0
 .vfp11_veneer  0x000000009fe06ef0        0x0 linker stubs

.v4_bx          0x000000009fe06ef0        0x0
 .v4_bx         0x000000009fe06ef0        0x0 linker stubs

.iplt           0x000000009fe06ef0        0x0
 .iplt          0x000000009fe06ef0        0x0 /oe/bld/build-CORTEX_1/arago-tmp-external-arm-toolchain/work/am335x_evm-linux-gnueabi/board-utils-rtos/2020.4.16-r0/recipe-sysroot/usr/share/ti/ti-pdk-tree/packages/ti/board/utils/uartAppLoader/obj/iceAMIC110/armv7/xmodem.o

.rel.dyn        0x000000009fe06ef0        0x0
 .rel.iplt      0x000000009fe06ef0        0x0 /oe/bld/build-CORTEX_1/arago-tmp-external-arm-toolchain/work/am335x_evm-linux-gnueabi/board-utils-rtos/2020.4.16-r0/recipe-sysroot/usr/share/ti/ti-pdk-tree/packages/ti/board/utils/uartAppLoader/obj/iceAMIC110/armv7/xmodem.o

.data           0x000000009fe06ef0      0x76c
                0x000000009fe06ef0                . = ALIGN (0x4)
 *(.data*)
 .data          0x000000009fe06ef0        0x4 /oe/bld/build-CORTEX_1/arago-tmp-external-arm-toolchain/work/am335x_evm-linux-gnueabi/board-utils-rtos/2020.4.16-r0/recipe-sysroot/usr/share/ti/ti-pdk-tree/packages/ti/board/utils/uartAppLoader/obj/iceAMIC110/armv7/soc.o
                0x000000009fe06ef0                uart_baseAddr
 .data.gAMIC11xPinmuxData
                0x000000009fe06ef4       0x68 /oe/bld/build-CORTEX_1/arago-tmp-external-arm-toolchain/work/am335x_evm-linux-gnueabi/board-utils-rtos/2020.4.16-r0/recipe-sysroot/usr/share/ti/ti-pdk-tree/packages/ti/board/lib/iceAMIC110/a8/release/ti.board.aa8fg(am335x_amic11x_pinmux_data.oa8fg)
                0x000000009fe06ef4                gAMIC11xPinmuxData
 .data.gAdc0PinCfg
                0x000000009fe06f5c        0x8 /oe/bld/build-CORTEX_1/arago-tmp-external-arm-toolchain/work/am335x_evm-linux-gnueabi/board-utils-rtos/2020.4.16-r0/recipe-sysroot/usr/share/ti/ti-pdk-tree/packages/ti/board/lib/iceAMIC110/a8/release/ti.board.aa8fg(am335x_amic11x_pinmux_data.oa8fg)
 .data.gAdcPinCfg
                0x000000009fe06f64       0x10 /oe/bld/build-CORTEX_1/arago-tmp-external-arm-toolchain/work/am335x_evm-linux-gnueabi/board-utils-rtos/2020.4.16-r0/recipe-sysroot/usr/share/ti/ti-pdk-tree/packages/ti/board/lib/iceAMIC110/a8/release/ti.board.aa8fg(am335x_amic11x_pinmux_data.oa8fg)
 .data.gDebugss0PinCfg
                0x000000009fe06f74       0x48 /oe/bld/build-CORTEX_1/arago-tmp-external-arm-toolchain/work/am335x_evm-linux-gnueabi/board-utils-rtos/2020.4.16-r0/recipe-sysroot/usr/share/ti/ti-pdk-tree/packages/ti/board/lib/iceAMIC110/a8/release/ti.board.aa8fg(am335x_amic11x_pinmux_data.oa8fg)
 .data.gDebugssPinCfg
                0x000000009fe06fbc       0x10 /oe/bld/build-CORTEX_1/arago-tmp-external-arm-toolchain/work/am335x_evm-linux-gnueabi/board-utils-rtos/2020.4.16-r0/recipe-sysroot/usr/share/ti/ti-pdk-tree/packages/ti/board/lib/iceAMIC110/a8/release/ti.board.aa8fg(am335x_amic11x_pinmux_data.oa8fg)
 .data.gEmif4PinCfg
                0x000000009fe06fcc        0x8 /oe/bld/build-CORTEX_1/arago-tmp-external-arm-toolchain/work/am335x_evm-linux-gnueabi/board-utils-rtos/2020.4.16-r0/recipe-sysroot/usr/share/ti/ti-pdk-tree/packages/ti/board/lib/iceAMIC110/a8/release/ti.board.aa8fg(am335x_amic11x_pinmux_data.oa8fg)
 .data.gEmifPinCfg
                0x000000009fe06fd4       0x10 /oe/bld/build-CORTEX_1/arago-tmp-external-arm-toolchain/work/am335x_evm-linux-gnueabi/board-utils-rtos/2020.4.16-r0/recipe-sysroot/usr/share/ti/ti-pdk-tree/packages/ti/board/lib/iceAMIC110/a8/release/ti.board.aa8fg(am335x_amic11x_pinmux_data.oa8fg)
 .data.gGlue0PinCfg
                0x000000009fe06fe4       0x18 /oe/bld/build-CORTEX_1/arago-tmp-external-arm-toolchain/work/am335x_evm-linux-gnueabi/board-utils-rtos/2020.4.16-r0/recipe-sysroot/usr/share/ti/ti-pdk-tree/packages/ti/board/lib/iceAMIC110/a8/release/ti.board.aa8fg(am335x_amic11x_pinmux_data.oa8fg)
 .data.gGluePinCfg
                0x000000009fe06ffc       0x10 /oe/bld/build-CORTEX_1/arago-tmp-external-arm-toolchain/work/am335x_evm-linux-gnueabi/board-utils-rtos/2020.4.16-r0/recipe-sysroot/usr/share/ti/ti-pdk-tree/packages/ti/board/lib/iceAMIC110/a8/release/ti.board.aa8fg(am335x_amic11x_pinmux_data.oa8fg)
 .data.gGpio0PinCfg
                0x000000009fe0700c       0x30 /oe/bld/build-CORTEX_1/arago-tmp-external-arm-toolchain/work/am335x_evm-linux-gnueabi/board-utils-rtos/2020.4.16-r0/recipe-sysroot/usr/share/ti/ti-pdk-tree/packages/ti/board/lib/iceAMIC110/a8/release/ti.board.aa8fg(am335x_amic11x_pinmux_data.oa8fg)
 .data.gGpio1PinCfg
                0x000000009fe0703c       0x38 /oe/bld/build-CORTEX_1/arago-tmp-external-arm-toolchain/work/am335x_evm-linux-gnueabi/board-utils-rtos/2020.4.16-r0/recipe-sysroot/usr/share/ti/ti-pdk-tree/packages/ti/board/lib/iceAMIC110/a8/release/ti.board.aa8fg(am335x_amic11x_pinmux_data.oa8fg)
 .data.gGpio2PinCfg
                0x000000009fe07074       0x38 /oe/bld/build-CORTEX_1/arago-tmp-external-arm-toolchain/work/am335x_evm-linux-gnueabi/board-utils-rtos/2020.4.16-r0/recipe-sysroot/usr/share/ti/ti-pdk-tree/packages/ti/board/lib/iceAMIC110/a8/release/ti.board.aa8fg(am335x_amic11x_pinmux_data.oa8fg)
 .data.gGpio3PinCfg
                0x000000009fe070ac       0x38 /oe/bld/build-CORTEX_1/arago-tmp-external-arm-toolchain/work/am335x_evm-linux-gnueabi/board-utils-rtos/2020.4.16-r0/recipe-sysroot/usr/share/ti/ti-pdk-tree/packages/ti/board/lib/iceAMIC110/a8/release/ti.board.aa8fg(am335x_amic11x_pinmux_data.oa8fg)
 .data.gGpioPinCfg
                0x000000009fe070e4       0x28 /oe/bld/build-CORTEX_1/arago-tmp-external-arm-toolchain/work/am335x_evm-linux-gnueabi/board-utils-rtos/2020.4.16-r0/recipe-sysroot/usr/share/ti/ti-pdk-tree/packages/ti/board/lib/iceAMIC110/a8/release/ti.board.aa8fg(am335x_amic11x_pinmux_data.oa8fg)
 .data.gI2c0PinCfg
                0x000000009fe0710c       0x18 /oe/bld/build-CORTEX_1/arago-tmp-external-arm-toolchain/work/am335x_evm-linux-gnueabi/board-utils-rtos/2020.4.16-r0/recipe-sysroot/usr/share/ti/ti-pdk-tree/packages/ti/board/lib/iceAMIC110/a8/release/ti.board.aa8fg(am335x_amic11x_pinmux_data.oa8fg)
 .data.gI2cPinCfg
                0x000000009fe07124       0x10 /oe/bld/build-CORTEX_1/arago-tmp-external-arm-toolchain/work/am335x_evm-linux-gnueabi/board-utils-rtos/2020.4.16-r0/recipe-sysroot/usr/share/ti/ti-pdk-tree/packages/ti/board/lib/iceAMIC110/a8/release/ti.board.aa8fg(am335x_amic11x_pinmux_data.oa8fg)
 .data.gMcasp1PinCfg
                0x000000009fe07134       0x28 /oe/bld/build-CORTEX_1/arago-tmp-external-arm-toolchain/work/am335x_evm-linux-gnueabi/board-utils-rtos/2020.4.16-r0/recipe-sysroot/usr/share/ti/ti-pdk-tree/packages/ti/board/lib/iceAMIC110/a8/release/ti.board.aa8fg(am335x_amic11x_pinmux_data.oa8fg)
 .data.gMcaspPinCfg
                0x000000009fe0715c       0x10 /oe/bld/build-CORTEX_1/arago-tmp-external-arm-toolchain/work/am335x_evm-linux-gnueabi/board-utils-rtos/2020.4.16-r0/recipe-sysroot/usr/share/ti/ti-pdk-tree/packages/ti/board/lib/iceAMIC110/a8/release/ti.board.aa8fg(am335x_amic11x_pinmux_data.oa8fg)
 .data.gMcspi0PinCfg
                0x000000009fe0716c       0x30 /oe/bld/build-CORTEX_1/arago-tmp-external-arm-toolchain/work/am335x_evm-linux-gnueabi/board-utils-rtos/2020.4.16-r0/recipe-sysroot/usr/share/ti/ti-pdk-tree/packages/ti/board/lib/iceAMIC110/a8/release/ti.board.aa8fg(am335x_amic11x_pinmux_data.oa8fg)
 .data.gMcspi1PinCfg
                0x000000009fe0719c       0x28 /oe/bld/build-CORTEX_1/arago-tmp-external-arm-toolchain/work/am335x_evm-linux-gnueabi/board-utils-rtos/2020.4.16-r0/recipe-sysroot/usr/share/ti/ti-pdk-tree/packages/ti/board/lib/iceAMIC110/a8/release/ti.board.aa8fg(am335x_amic11x_pinmux_data.oa8fg)
 .data.gMcspiPinCfg
                0x000000009fe071c4       0x18 /oe/bld/build-CORTEX_1/arago-tmp-external-arm-toolchain/work/am335x_evm-linux-gnueabi/board-utils-rtos/2020.4.16-r0/recipe-sysroot/usr/share/ti/ti-pdk-tree/packages/ti/board/lib/iceAMIC110/a8/release/ti.board.aa8fg(am335x_amic11x_pinmux_data.oa8fg)
 .data.gOsc0PinCfg
                0x000000009fe071dc        0x8 /oe/bld/build-CORTEX_1/arago-tmp-external-arm-toolchain/work/am335x_evm-linux-gnueabi/board-utils-rtos/2020.4.16-r0/recipe-sysroot/usr/share/ti/ti-pdk-tree/packages/ti/board/lib/iceAMIC110/a8/release/ti.board.aa8fg(am335x_amic11x_pinmux_data.oa8fg)
 .data.gOscPinCfg
                0x000000009fe071e4       0x10 /oe/bld/build-CORTEX_1/arago-tmp-external-arm-toolchain/work/am335x_evm-linux-gnueabi/board-utils-rtos/2020.4.16-r0/recipe-sysroot/usr/share/ti/ti-pdk-tree/packages/ti/board/lib/iceAMIC110/a8/release/ti.board.aa8fg(am335x_amic11x_pinmux_data.oa8fg)
 .data.gPru_icss1PinCfg
                0x000000009fe071f4      0x140 /oe/bld/build-CORTEX_1/arago-tmp-external-arm-toolchain/work/am335x_evm-linux-gnueabi/board-utils-rtos/2020.4.16-r0/recipe-sysroot/usr/share/ti/ti-pdk-tree/packages/ti/board/lib/iceAMIC110/a8/release/ti.board.aa8fg(am335x_amic11x_pinmux_data.oa8fg)
 .data.gPru_icssPinCfg
                0x000000009fe07334       0x10 /oe/bld/build-CORTEX_1/arago-tmp-external-arm-toolchain/work/am335x_evm-linux-gnueabi/board-utils-rtos/2020.4.16-r0/recipe-sysroot/usr/share/ti/ti-pdk-tree/packages/ti/board/lib/iceAMIC110/a8/release/ti.board.aa8fg(am335x_amic11x_pinmux_data.oa8fg)
 .data.gRtc0PinCfg
                0x000000009fe07344       0x28 /oe/bld/build-CORTEX_1/arago-tmp-external-arm-toolchain/work/am335x_evm-linux-gnueabi/board-utils-rtos/2020.4.16-r0/recipe-sysroot/usr/share/ti/ti-pdk-tree/packages/ti/board/lib/iceAMIC110/a8/release/ti.board.aa8fg(am335x_amic11x_pinmux_data.oa8fg)
 .data.gRtcPinCfg
                0x000000009fe0736c       0x10 /oe/bld/build-CORTEX_1/arago-tmp-external-arm-toolchain/work/am335x_evm-linux-gnueabi/board-utils-rtos/2020.4.16-r0/recipe-sysroot/usr/share/ti/ti-pdk-tree/packages/ti/board/lib/iceAMIC110/a8/release/ti.board.aa8fg(am335x_amic11x_pinmux_data.oa8fg)
 .data.gUart0PinCfg
                0x000000009fe0737c       0x18 /oe/bld/build-CORTEX_1/arago-tmp-external-arm-toolchain/work/am335x_evm-linux-gnueabi/board-utils-rtos/2020.4.16-r0/recipe-sysroot/usr/share/ti/ti-pdk-tree/packages/ti/board/lib/iceAMIC110/a8/release/ti.board.aa8fg(am335x_amic11x_pinmux_data.oa8fg)
 .data.gUart1PinCfg
                0x000000009fe07394       0x18 /oe/bld/build-CORTEX_1/arago-tmp-external-arm-toolchain/work/am335x_evm-linux-gnueabi/board-utils-rtos/2020.4.16-r0/recipe-sysroot/usr/share/ti/ti-pdk-tree/packages/ti/board/lib/iceAMIC110/a8/release/ti.board.aa8fg(am335x_amic11x_pinmux_data.oa8fg)
 .data.gUartPinCfg
                0x000000009fe073ac       0x18 /oe/bld/build-CORTEX_1/arago-tmp-external-arm-toolchain/work/am335x_evm-linux-gnueabi/board-utils-rtos/2020.4.16-r0/recipe-sysroot/usr/share/ti/ti-pdk-tree/packages/ti/board/lib/iceAMIC110/a8/release/ti.board.aa8fg(am335x_amic11x_pinmux_data.oa8fg)
 .data.UART_count
                0x000000009fe073c4        0x4 /oe/bld/build-CORTEX_1/arago-tmp-external-arm-toolchain/work/am335x_evm-linux-gnueabi/board-utils-rtos/2020.4.16-r0/recipe-sysroot/usr/share/ti/ti-pdk-tree/packages/ti/drv/uart/lib/am335x/a8/release/ti.drv.uart.aa8fg(UART_drv.oa8fg)
 .data.UART_config
                0x000000009fe073c8       0xa8 /oe/bld/build-CORTEX_1/arago-tmp-external-arm-toolchain/work/am335x_evm-linux-gnueabi/board-utils-rtos/2020.4.16-r0/recipe-sysroot/usr/share/ti/ti-pdk-tree/packages/ti/drv/uart/lib/am335x/a8/release/ti.drv.uart.aa8fg(UART_soc.oa8fg)
                0x000000009fe073c8                UART_config
 .data.uartInitCfg
                0x000000009fe07470      0x1c8 /oe/bld/build-CORTEX_1/arago-tmp-external-arm-toolchain/work/am335x_evm-linux-gnueabi/board-utils-rtos/2020.4.16-r0/recipe-sysroot/usr/share/ti/ti-pdk-tree/packages/ti/drv/uart/lib/am335x/a8/release/ti.drv.uart.aa8fg(UART_soc.oa8fg)
                0x000000009fe07470                uartInitCfg
 .data.Osal_DebugP_Assert_Val
                0x000000009fe07638        0x1 /oe/bld/build-CORTEX_1/arago-tmp-external-arm-toolchain/work/am335x_evm-linux-gnueabi/board-utils-rtos/2020.4.16-r0/recipe-sysroot/usr/share/ti/ti-pdk-tree/packages/ti/osal/lib/nonos/am335x/a8/release/ti.osal.aa8fg(Utils_nonos.oa8fg)
                0x000000009fe07638                Osal_DebugP_Assert_Val
 *fill*         0x000000009fe07639        0x3 
 .data.gOsal_HwAttrs
                0x000000009fe0763c       0x20 /oe/bld/build-CORTEX_1/arago-tmp-external-arm-toolchain/work/am335x_evm-linux-gnueabi/board-utils-rtos/2020.4.16-r0/recipe-sysroot/usr/share/ti/ti-pdk-tree/packages/ti/osal/lib/nonos/am335x/a8/release/ti.osal.aa8fg(Utils_nonos.oa8fg)
                0x000000009fe0763c                gOsal_HwAttrs

.igot.plt       0x000000009fe0765c        0x0
 .igot.plt      0x000000009fe0765c        0x0 /oe/bld/build-CORTEX_1/arago-tmp-external-arm-toolchain/work/am335x_evm-linux-gnueabi/board-utils-rtos/2020.4.16-r0/recipe-sysroot/usr/share/ti/ti-pdk-tree/packages/ti/board/utils/uartAppLoader/obj/iceAMIC110/armv7/xmodem.o

.bss            0x000000009fe0765c      0xce4
                0x000000009fe0765c                . = ALIGN (0x4)
                0x000000009fe0765c                _bss_start = .
 *(.bss*)
 .bss.icssPinMuxFlag
                0x000000009fe0765c        0x4 /oe/bld/build-CORTEX_1/arago-tmp-external-arm-toolchain/work/am335x_evm-linux-gnueabi/board-utils-rtos/2020.4.16-r0/recipe-sysroot/usr/share/ti/ti-pdk-tree/packages/ti/board/lib/iceAMIC110/a8/release/ti.board.aa8fg(iceAMIC110.oa8fg)
                0x000000009fe0765c                icssPinMuxFlag
 .bss.uart_stdio
                0x000000009fe07660        0x8 /oe/bld/build-CORTEX_1/arago-tmp-external-arm-toolchain/work/am335x_evm-linux-gnueabi/board-utils-rtos/2020.4.16-r0/recipe-sysroot/usr/share/ti/ti-pdk-tree/packages/ti/drv/uart/lib/am335x/a8/release/ti.drv.uart.aa8fg(UART_stdio.oa8fg)
                0x000000009fe07660                uart_stdio
 .bss.gOsalHwiAllocCnt
                0x000000009fe07668        0x4 /oe/bld/build-CORTEX_1/arago-tmp-external-arm-toolchain/work/am335x_evm-linux-gnueabi/board-utils-rtos/2020.4.16-r0/recipe-sysroot/usr/share/ti/ti-pdk-tree/packages/ti/osal/lib/nonos/am335x/a8/release/ti.osal.aa8fg(Utils_nonos.oa8fg)
                0x000000009fe07668                gOsalHwiAllocCnt
 .bss.gOsalHwiPeak
                0x000000009fe0766c        0x4 /oe/bld/build-CORTEX_1/arago-tmp-external-arm-toolchain/work/am335x_evm-linux-gnueabi/board-utils-rtos/2020.4.16-r0/recipe-sysroot/usr/share/ti/ti-pdk-tree/packages/ti/osal/lib/nonos/am335x/a8/release/ti.osal.aa8fg(Utils_nonos.oa8fg)
                0x000000009fe0766c                gOsalHwiPeak
 .bss.gOsalSemAllocCnt
                0x000000009fe07670        0x4 /oe/bld/build-CORTEX_1/arago-tmp-external-arm-toolchain/work/am335x_evm-linux-gnueabi/board-utils-rtos/2020.4.16-r0/recipe-sysroot/usr/share/ti/ti-pdk-tree/packages/ti/osal/lib/nonos/am335x/a8/release/ti.osal.aa8fg(Utils_nonos.oa8fg)
                0x000000009fe07670                gOsalSemAllocCnt
 .bss.gOsalSemPeak
                0x000000009fe07674        0x4 /oe/bld/build-CORTEX_1/arago-tmp-external-arm-toolchain/work/am335x_evm-linux-gnueabi/board-utils-rtos/2020.4.16-r0/recipe-sysroot/usr/share/ti/ti-pdk-tree/packages/ti/osal/lib/nonos/am335x/a8/release/ti.osal.aa8fg(Utils_nonos.oa8fg)
                0x000000009fe07674                gOsalSemPeak
 .bss.isIntcInitialized
                0x000000009fe07678        0x4 /oe/bld/build-CORTEX_1/arago-tmp-external-arm-toolchain/work/am335x_evm-linux-gnueabi/board-utils-rtos/2020.4.16-r0/recipe-sysroot/usr/share/ti/ti-pdk-tree/packages/ti/osal/lib/nonos/am335x/a8/release/ti.osal.aa8fg(osalintc.oa8fg)
 .bss.pIntrHandlers
                0x000000009fe0767c      0x200 /oe/bld/build-CORTEX_1/arago-tmp-external-arm-toolchain/work/am335x_evm-linux-gnueabi/board-utils-rtos/2020.4.16-r0/recipe-sysroot/usr/share/ti/ti-pdk-tree/packages/ti/osal/lib/nonos/am335x/a8/release/ti.osal.aa8fg(osalintc.oa8fg)
 .bss.pUserParameter
                0x000000009fe0787c      0x200 /oe/bld/build-CORTEX_1/arago-tmp-external-arm-toolchain/work/am335x_evm-linux-gnueabi/board-utils-rtos/2020.4.16-r0/recipe-sysroot/usr/share/ti/ti-pdk-tree/packages/ti/osal/lib/nonos/am335x/a8/release/ti.osal.aa8fg(osalintc.oa8fg)
 .bss.spuriousIntrCnt
                0x000000009fe07a7c        0x4 /oe/bld/build-CORTEX_1/arago-tmp-external-arm-toolchain/work/am335x_evm-linux-gnueabi/board-utils-rtos/2020.4.16-r0/recipe-sysroot/usr/share/ti/ti-pdk-tree/packages/ti/osal/lib/nonos/am335x/a8/release/ti.osal.aa8fg(osalintc.oa8fg)
 .bss.hwiStructs
                0x000000009fe07a80       0xa0 /oe/bld/build-CORTEX_1/arago-tmp-external-arm-toolchain/work/am335x_evm-linux-gnueabi/board-utils-rtos/2020.4.16-r0/recipe-sysroot/usr/share/ti/ti-pdk-tree/packages/ti/osal/lib/nonos/am335x/a8/release/ti.osal.aa8fg(Arch_util.oa8fg)
 .bss.gTimerFirstTime
                0x000000009fe07b20        0x4 /oe/bld/build-CORTEX_1/arago-tmp-external-arm-toolchain/work/am335x_evm-linux-gnueabi/board-utils-rtos/2020.4.16-r0/recipe-sysroot/usr/share/ti/ti-pdk-tree/packages/ti/osal/lib/nonos/am335x/a8/release/ti.osal.aa8fg(delay.oa8fg)
 *(COMMON)
 COMMON         0x000000009fe07b24        0x4 /oe/bld/build-CORTEX_1/arago-tmp-external-arm-toolchain/work/am335x_evm-linux-gnueabi/board-utils-rtos/2020.4.16-r0/recipe-sysroot/usr/share/ti/ti-pdk-tree/packages/ti/board/utils/uartAppLoader/obj/iceAMIC110/armv7/apploader_main.o
                0x000000009fe07b24                gUartBaseAddr
 COMMON         0x000000009fe07b28      0x6d8 /oe/bld/build-CORTEX_1/arago-tmp-external-arm-toolchain/work/am335x_evm-linux-gnueabi/board-utils-rtos/2020.4.16-r0/recipe-sysroot/usr/share/ti/ti-pdk-tree/packages/ti/drv/uart/lib/am335x/a8/release/ti.drv.uart.aa8fg(UART_soc.oa8fg)
                0x000000009fe07b28                UartObjects
                0x000000009fe07ed0                UartObjects2
 COMMON         0x000000009fe08200      0x140 /oe/bld/build-CORTEX_1/arago-tmp-external-arm-toolchain/work/am335x_evm-linux-gnueabi/board-utils-rtos/2020.4.16-r0/recipe-sysroot/usr/share/ti/ti-pdk-tree/packages/ti/osal/lib/nonos/am335x/a8/release/ti.osal.aa8fg(SemaphoreP_nonos.oa8fg)
                0x000000009fe08200                semStructs
                0x000000009fe08340                _bss_end = .

.heap           0x000000009fe08340    0x10000
                0x000000009fe08340                . = ALIGN (0x4)
                0x000000009fe08340                __end__ = .
                0x000000009fe08340                end = __end__
                0x000000009fe08340                __HeapBase = __end__
 *(.heap*)
                0x000000009fe18340                . = (. + 0x10000)
 *fill*         0x000000009fe08340    0x10000 
                0x000000009fe18340                __HeapLimit = .

.stack          0x000000009fe18340    0x10000
                0x000000009fe18340                . = ALIGN (0x8)
                0x000000009fe18340                __StackLimit = .
 *(.stack*)
                0x000000009fe28340                . = (. + 0x10000)
 *fill*         0x000000009fe18340    0x10000 
                0x000000009fe28340                __StackTop = .
                0x000000009fe28340                _stack = __StackTop
START GROUP
LOAD /oe/bld/build-CORTEX_1/arago-tmp-external-arm-toolchain/work/am335x_evm-linux-gnueabi/board-utils-rtos/2020.4.16-r0/recipe-sysroot-native/usr/share/ti/gcc-arm-none-eabi/bin/../lib/gcc/arm-none-eabi/7.3.1/hard/libgcc.a
LOAD /oe/bld/build-CORTEX_1/arago-tmp-external-arm-toolchain/work/am335x_evm-linux-gnueabi/board-utils-rtos/2020.4.16-r0/recipe-sysroot-native/usr/share/ti/gcc-arm-none-eabi/bin/../lib/gcc/arm-none-eabi/7.3.1/../../../../arm-none-eabi/lib/hard/libc.a
LOAD /oe/bld/build-CORTEX_1/arago-tmp-external-arm-toolchain/work/am335x_evm-linux-gnueabi/board-utils-rtos/2020.4.16-r0/recipe-sysroot-native/usr/share/ti/gcc-arm-none-eabi/bin/../lib/gcc/arm-none-eabi/7.3.1/../../../../arm-none-eabi/lib/hard/librdimon.a
LOAD /oe/bld/build-CORTEX_1/arago-tmp-external-arm-toolchain/work/am335x_evm-linux-gnueabi/board-utils-rtos/2020.4.16-r0/recipe-sysroot/usr/share/ti/ti-pdk-tree/packages/ti/board/lib/iceAMIC110/a8/release/ti.board.aa8fg
LOAD /oe/bld/build-CORTEX_1/arago-tmp-external-arm-toolchain/work/am335x_evm-linux-gnueabi/board-utils-rtos/2020.4.16-r0/recipe-sysroot/usr/share/ti/ti-pdk-tree/packages/ti/drv/uart/lib/am335x/a8/release/ti.drv.uart.aa8fg
LOAD /oe/bld/build-CORTEX_1/arago-tmp-external-arm-toolchain/work/am335x_evm-linux-gnueabi/board-utils-rtos/2020.4.16-r0/recipe-sysroot/usr/share/ti/ti-pdk-tree/packages/ti/drv/spi/lib/am335x/a8/release/ti.drv.spi.aa8fg
LOAD /oe/bld/build-CORTEX_1/arago-tmp-external-arm-toolchain/work/am335x_evm-linux-gnueabi/board-utils-rtos/2020.4.16-r0/recipe-sysroot/usr/share/ti/ti-pdk-tree/packages/ti/csl/lib/am335x/a8/release/ti.csl.aa8fg
LOAD /oe/bld/build-CORTEX_1/arago-tmp-external-arm-toolchain/work/am335x_evm-linux-gnueabi/board-utils-rtos/2020.4.16-r0/recipe-sysroot/usr/share/ti/ti-pdk-tree/packages/ti/osal/lib/nonos/am335x/a8/release/ti.osal.aa8fg
LOAD /oe/bld/build-CORTEX_1/arago-tmp-external-arm-toolchain/work/am335x_evm-linux-gnueabi/board-utils-rtos/2020.4.16-r0/recipe-sysroot/usr/share/ti/ti-pdk-tree/packages/ti/board/lib/iceAMIC110/a8/release/ti.board.aa8fg
LOAD /oe/bld/build-CORTEX_1/arago-tmp-external-arm-toolchain/work/am335x_evm-linux-gnueabi/board-utils-rtos/2020.4.16-r0/recipe-sysroot/usr/share/ti/ti-pdk-tree/packages/ti/drv/i2c/lib/am335x/a8/release/ti.drv.i2c.aa8fg
END GROUP
START GROUP
LOAD /oe/bld/build-CORTEX_1/arago-tmp-external-arm-toolchain/work/am335x_evm-linux-gnueabi/board-utils-rtos/2020.4.16-r0/recipe-sysroot-native/usr/share/ti/gcc-arm-none-eabi/bin/../lib/gcc/arm-none-eabi/7.3.1/hard/libgcc.a
LOAD /oe/bld/build-CORTEX_1/arago-tmp-external-arm-toolchain/work/am335x_evm-linux-gnueabi/board-utils-rtos/2020.4.16-r0/recipe-sysroot-native/usr/share/ti/gcc-arm-none-eabi/bin/../lib/gcc/arm-none-eabi/7.3.1/../../../../arm-none-eabi/lib/hard/libc.a
END GROUP
OUTPUT(/oe/bld/build-CORTEX_1/arago-tmp-external-arm-toolchain/work/am335x_evm-linux-gnueabi/board-utils-rtos/2020.4.16-r0/recipe-sysroot/usr/share/ti/ti-pdk-tree/packages/ti/board/utils/uartAppLoader/bin/iceAMIC110/armv7/apploader_iceAMIC110_mmcsd.out elf32-littlearm)

.debug_info     0x0000000000000000     0x182b
 .debug_info    0x0000000000000000      0xb7d /oe/bld/build-CORTEX_1/arago-tmp-external-arm-toolchain/work/am335x_evm-linux-gnueabi/board-utils-rtos/2020.4.16-r0/recipe-sysroot/usr/share/ti/ti-pdk-tree/packages/ti/board/utils/uartAppLoader/obj/iceAMIC110/armv7/xmodem.o
 .debug_info    0x0000000000000b7d      0xaf8 /oe/bld/build-CORTEX_1/arago-tmp-external-arm-toolchain/work/am335x_evm-linux-gnueabi/board-utils-rtos/2020.4.16-r0/recipe-sysroot/usr/share/ti/ti-pdk-tree/packages/ti/board/utils/uartAppLoader/obj/iceAMIC110/armv7/apploader_main.o
 .debug_info    0x0000000000001675       0xa0 /oe/bld/build-CORTEX_1/arago-tmp-external-arm-toolchain/work/am335x_evm-linux-gnueabi/board-utils-rtos/2020.4.16-r0/recipe-sysroot/usr/share/ti/ti-pdk-tree/packages/ti/board/utils/uartAppLoader/obj/iceAMIC110/armv7/startup.o
 .debug_info    0x0000000000001715       0xf0 /oe/bld/build-CORTEX_1/arago-tmp-external-arm-toolchain/work/am335x_evm-linux-gnueabi/board-utils-rtos/2020.4.16-r0/recipe-sysroot/usr/share/ti/ti-pdk-tree/packages/ti/board/utils/uartAppLoader/obj/iceAMIC110/armv7/soc.o
 .debug_info    0x0000000000001805       0x26 /oe/bld/build-CORTEX_1/arago-tmp-external-arm-toolchain/work/am335x_evm-linux-gnueabi/board-utils-rtos/2020.4.16-r0/recipe-sysroot/usr/share/ti/ti-pdk-tree/packages/ti/board/utils/uartAppLoader/obj/iceAMIC110/armv7/diag_entry.ao

.debug_abbrev   0x0000000000000000      0x5ab
 .debug_abbrev  0x0000000000000000      0x28f /oe/bld/build-CORTEX_1/arago-tmp-external-arm-toolchain/work/am335x_evm-linux-gnueabi/board-utils-rtos/2020.4.16-r0/recipe-sysroot/usr/share/ti/ti-pdk-tree/packages/ti/board/utils/uartAppLoader/obj/iceAMIC110/armv7/xmodem.o
 .debug_abbrev  0x000000000000028f      0x241 /oe/bld/build-CORTEX_1/arago-tmp-external-arm-toolchain/work/am335x_evm-linux-gnueabi/board-utils-rtos/2020.4.16-r0/recipe-sysroot/usr/share/ti/ti-pdk-tree/packages/ti/board/utils/uartAppLoader/obj/iceAMIC110/armv7/apploader_main.o
 .debug_abbrev  0x00000000000004d0       0x4e /oe/bld/build-CORTEX_1/arago-tmp-external-arm-toolchain/work/am335x_evm-linux-gnueabi/board-utils-rtos/2020.4.16-r0/recipe-sysroot/usr/share/ti/ti-pdk-tree/packages/ti/board/utils/uartAppLoader/obj/iceAMIC110/armv7/startup.o
 .debug_abbrev  0x000000000000051e       0x79 /oe/bld/build-CORTEX_1/arago-tmp-external-arm-toolchain/work/am335x_evm-linux-gnueabi/board-utils-rtos/2020.4.16-r0/recipe-sysroot/usr/share/ti/ti-pdk-tree/packages/ti/board/utils/uartAppLoader/obj/iceAMIC110/armv7/soc.o
 .debug_abbrev  0x0000000000000597       0x14 /oe/bld/build-CORTEX_1/arago-tmp-external-arm-toolchain/work/am335x_evm-linux-gnueabi/board-utils-rtos/2020.4.16-r0/recipe-sysroot/usr/share/ti/ti-pdk-tree/packages/ti/board/utils/uartAppLoader/obj/iceAMIC110/armv7/diag_entry.ao

.debug_aranges  0x0000000000000000       0xa0
 .debug_aranges
                0x0000000000000000       0x20 /oe/bld/build-CORTEX_1/arago-tmp-external-arm-toolchain/work/am335x_evm-linux-gnueabi/board-utils-rtos/2020.4.16-r0/recipe-sysroot/usr/share/ti/ti-pdk-tree/packages/ti/board/utils/uartAppLoader/obj/iceAMIC110/armv7/xmodem.o
 .debug_aranges
                0x0000000000000020       0x20 /oe/bld/build-CORTEX_1/arago-tmp-external-arm-toolchain/work/am335x_evm-linux-gnueabi/board-utils-rtos/2020.4.16-r0/recipe-sysroot/usr/share/ti/ti-pdk-tree/packages/ti/board/utils/uartAppLoader/obj/iceAMIC110/armv7/apploader_main.o
 .debug_aranges
                0x0000000000000040       0x20 /oe/bld/build-CORTEX_1/arago-tmp-external-arm-toolchain/work/am335x_evm-linux-gnueabi/board-utils-rtos/2020.4.16-r0/recipe-sysroot/usr/share/ti/ti-pdk-tree/packages/ti/board/utils/uartAppLoader/obj/iceAMIC110/armv7/startup.o
 .debug_aranges
                0x0000000000000060       0x20 /oe/bld/build-CORTEX_1/arago-tmp-external-arm-toolchain/work/am335x_evm-linux-gnueabi/board-utils-rtos/2020.4.16-r0/recipe-sysroot/usr/share/ti/ti-pdk-tree/packages/ti/board/utils/uartAppLoader/obj/iceAMIC110/armv7/soc.o
 .debug_aranges
                0x0000000000000080       0x20 /oe/bld/build-CORTEX_1/arago-tmp-external-arm-toolchain/work/am335x_evm-linux-gnueabi/board-utils-rtos/2020.4.16-r0/recipe-sysroot/usr/share/ti/ti-pdk-tree/packages/ti/board/utils/uartAppLoader/obj/iceAMIC110/armv7/diag_entry.ao

.debug_line     0x0000000000000000     0x10f4
 .debug_line    0x0000000000000000      0x42f /oe/bld/build-CORTEX_1/arago-tmp-external-arm-toolchain/work/am335x_evm-linux-gnueabi/board-utils-rtos/2020.4.16-r0/recipe-sysroot/usr/share/ti/ti-pdk-tree/packages/ti/board/utils/uartAppLoader/obj/iceAMIC110/armv7/xmodem.o
 .debug_line    0x000000000000042f      0x549 /oe/bld/build-CORTEX_1/arago-tmp-external-arm-toolchain/work/am335x_evm-linux-gnueabi/board-utils-rtos/2020.4.16-r0/recipe-sysroot/usr/share/ti/ti-pdk-tree/packages/ti/board/utils/uartAppLoader/obj/iceAMIC110/armv7/apploader_main.o
 .debug_line    0x0000000000000978      0x2ad /oe/bld/build-CORTEX_1/arago-tmp-external-arm-toolchain/work/am335x_evm-linux-gnueabi/board-utils-rtos/2020.4.16-r0/recipe-sysroot/usr/share/ti/ti-pdk-tree/packages/ti/board/utils/uartAppLoader/obj/iceAMIC110/armv7/startup.o
 .debug_line    0x0000000000000c25      0x36b /oe/bld/build-CORTEX_1/arago-tmp-external-arm-toolchain/work/am335x_evm-linux-gnueabi/board-utils-rtos/2020.4.16-r0/recipe-sysroot/usr/share/ti/ti-pdk-tree/packages/ti/board/utils/uartAppLoader/obj/iceAMIC110/armv7/soc.o
 .debug_line    0x0000000000000f90      0x164 /oe/bld/build-CORTEX_1/arago-tmp-external-arm-toolchain/work/am335x_evm-linux-gnueabi/board-utils-rtos/2020.4.16-r0/recipe-sysroot/usr/share/ti/ti-pdk-tree/packages/ti/board/utils/uartAppLoader/obj/iceAMIC110/armv7/diag_entry.ao

.debug_str      0x0000000000000000      0xc0e
 .debug_str     0x0000000000000000      0x706 /oe/bld/build-CORTEX_1/arago-tmp-external-arm-toolchain/work/am335x_evm-linux-gnueabi/board-utils-rtos/2020.4.16-r0/recipe-sysroot/usr/share/ti/ti-pdk-tree/packages/ti/board/utils/uartAppLoader/obj/iceAMIC110/armv7/xmodem.o
                                        0x78a (size before relaxing)
 .debug_str     0x0000000000000706      0x256 /oe/bld/build-CORTEX_1/arago-tmp-external-arm-toolchain/work/am335x_evm-linux-gnueabi/board-utils-rtos/2020.4.16-r0/recipe-sysroot/usr/share/ti/ti-pdk-tree/packages/ti/board/utils/uartAppLoader/obj/iceAMIC110/armv7/apploader_main.o
                                        0x88c (size before relaxing)
 .debug_str     0x000000000000095c       0xdb /oe/bld/build-CORTEX_1/arago-tmp-external-arm-toolchain/work/am335x_evm-linux-gnueabi/board-utils-rtos/2020.4.16-r0/recipe-sysroot/usr/share/ti/ti-pdk-tree/packages/ti/board/utils/uartAppLoader/obj/iceAMIC110/armv7/startup.o
                                        0x2d4 (size before relaxing)
 .debug_str     0x0000000000000a37       0xfb /oe/bld/build-CORTEX_1/arago-tmp-external-arm-toolchain/work/am335x_evm-linux-gnueabi/board-utils-rtos/2020.4.16-r0/recipe-sysroot/usr/share/ti/ti-pdk-tree/packages/ti/board/utils/uartAppLoader/obj/iceAMIC110/armv7/soc.o
                                        0x318 (size before relaxing)
 .debug_str     0x0000000000000b32       0xdc /oe/bld/build-CORTEX_1/arago-tmp-external-arm-toolchain/work/am335x_evm-linux-gnueabi/board-utils-rtos/2020.4.16-r0/recipe-sysroot/usr/share/ti/ti-pdk-tree/packages/ti/board/utils/uartAppLoader/obj/iceAMIC110/armv7/diag_entry.ao
                                        0x173 (size before relaxing)

.comment        0x0000000000000000       0x7f
 .comment       0x0000000000000000       0x7f /oe/bld/build-CORTEX_1/arago-tmp-external-arm-toolchain/work/am335x_evm-linux-gnueabi/board-utils-rtos/2020.4.16-r0/recipe-sysroot/usr/share/ti/ti-pdk-tree/packages/ti/board/utils/uartAppLoader/obj/iceAMIC110/armv7/xmodem.o
                                         0x80 (size before relaxing)
 .comment       0x000000000000007f       0x80 /oe/bld/build-CORTEX_1/arago-tmp-external-arm-toolchain/work/am335x_evm-linux-gnueabi/board-utils-rtos/2020.4.16-r0/recipe-sysroot/usr/share/ti/ti-pdk-tree/packages/ti/board/utils/uartAppLoader/obj/iceAMIC110/armv7/apploader_main.o
 .comment       0x000000000000007f       0x80 /oe/bld/build-CORTEX_1/arago-tmp-external-arm-toolchain/work/am335x_evm-linux-gnueabi/board-utils-rtos/2020.4.16-r0/recipe-sysroot/usr/share/ti/ti-pdk-tree/packages/ti/board/utils/uartAppLoader/obj/iceAMIC110/armv7/startup.o
 .comment       0x000000000000007f       0x80 /oe/bld/build-CORTEX_1/arago-tmp-external-arm-toolchain/work/am335x_evm-linux-gnueabi/board-utils-rtos/2020.4.16-r0/recipe-sysroot/usr/share/ti/ti-pdk-tree/packages/ti/board/utils/uartAppLoader/obj/iceAMIC110/armv7/soc.o
 .comment       0x000000000000007f       0x80 /oe/bld/build-CORTEX_1/arago-tmp-external-arm-toolchain/work/am335x_evm-linux-gnueabi/board-utils-rtos/2020.4.16-r0/recipe-sysroot/usr/share/ti/ti-pdk-tree/packages/ti/board/lib/iceAMIC110/a8/release/ti.board.aa8fg(iceAMIC110.oa8fg)
 .comment       0x000000000000007f       0x80 /oe/bld/build-CORTEX_1/arago-tmp-external-arm-toolchain/work/am335x_evm-linux-gnueabi/board-utils-rtos/2020.4.16-r0/recipe-sysroot/usr/share/ti/ti-pdk-tree/packages/ti/board/lib/iceAMIC110/a8/release/ti.board.aa8fg(iceAMIC110_lld_init.oa8fg)
 .comment       0x000000000000007f       0x80 /oe/bld/build-CORTEX_1/arago-tmp-external-arm-toolchain/work/am335x_evm-linux-gnueabi/board-utils-rtos/2020.4.16-r0/recipe-sysroot/usr/share/ti/ti-pdk-tree/packages/ti/board/lib/iceAMIC110/a8/release/ti.board.aa8fg(iceAMIC110_ethernet_config.oa8fg)
 .comment       0x000000000000007f       0x80 /oe/bld/build-CORTEX_1/arago-tmp-external-arm-toolchain/work/am335x_evm-linux-gnueabi/board-utils-rtos/2020.4.16-r0/recipe-sysroot/usr/share/ti/ti-pdk-tree/packages/ti/board/lib/iceAMIC110/a8/release/ti.board.aa8fg(iceAMIC110_pinmux.oa8fg)
 .comment       0x000000000000007f       0x80 /oe/bld/build-CORTEX_1/arago-tmp-external-arm-toolchain/work/am335x_evm-linux-gnueabi/board-utils-rtos/2020.4.16-r0/recipe-sysroot/usr/share/ti/ti-pdk-tree/packages/ti/board/lib/iceAMIC110/a8/release/ti.board.aa8fg(am335x_chipdb.oa8fg)
 .comment       0x000000000000007f       0x80 /oe/bld/build-CORTEX_1/arago-tmp-external-arm-toolchain/work/am335x_evm-linux-gnueabi/board-utils-rtos/2020.4.16-r0/recipe-sysroot/usr/share/ti/ti-pdk-tree/packages/ti/board/lib/iceAMIC110/a8/release/ti.board.aa8fg(am335x_prcm.oa8fg)
 .comment       0x000000000000007f       0x80 /oe/bld/build-CORTEX_1/arago-tmp-external-arm-toolchain/work/am335x_evm-linux-gnueabi/board-utils-rtos/2020.4.16-r0/recipe-sysroot/usr/share/ti/ti-pdk-tree/packages/ti/board/lib/iceAMIC110/a8/release/ti.board.aa8fg(hw_am335x_chipdb.oa8fg)
 .comment       0x000000000000007f       0x80 /oe/bld/build-CORTEX_1/arago-tmp-external-arm-toolchain/work/am335x_evm-linux-gnueabi/board-utils-rtos/2020.4.16-r0/recipe-sysroot/usr/share/ti/ti-pdk-tree/packages/ti/board/lib/iceAMIC110/a8/release/ti.board.aa8fg(hw_am335x_chipdb_baseaddr.oa8fg)
 .comment       0x000000000000007f       0x80 /oe/bld/build-CORTEX_1/arago-tmp-external-arm-toolchain/work/am335x_evm-linux-gnueabi/board-utils-rtos/2020.4.16-r0/recipe-sysroot/usr/share/ti/ti-pdk-tree/packages/ti/board/lib/iceAMIC110/a8/release/ti.board.aa8fg(am335x_amic11x_pinmux_data.oa8fg)
 .comment       0x000000000000007f       0x80 /oe/bld/build-CORTEX_1/arago-tmp-external-arm-toolchain/work/am335x_evm-linux-gnueabi/board-utils-rtos/2020.4.16-r0/recipe-sysroot/usr/share/ti/ti-pdk-tree/packages/ti/drv/uart/lib/am335x/a8/release/ti.drv.uart.aa8fg(UART_stdio.oa8fg)
 .comment       0x000000000000007f       0x80 /oe/bld/build-CORTEX_1/arago-tmp-external-arm-toolchain/work/am335x_evm-linux-gnueabi/board-utils-rtos/2020.4.16-r0/recipe-sysroot/usr/share/ti/ti-pdk-tree/packages/ti/drv/uart/lib/am335x/a8/release/ti.drv.uart.aa8fg(UART_drv.oa8fg)
 .comment       0x000000000000007f       0x80 /oe/bld/build-CORTEX_1/arago-tmp-external-arm-toolchain/work/am335x_evm-linux-gnueabi/board-utils-rtos/2020.4.16-r0/recipe-sysroot/usr/share/ti/ti-pdk-tree/packages/ti/drv/uart/lib/am335x/a8/release/ti.drv.uart.aa8fg(UART_soc.oa8fg)
 .comment       0x000000000000007f       0x80 /oe/bld/build-CORTEX_1/arago-tmp-external-arm-toolchain/work/am335x_evm-linux-gnueabi/board-utils-rtos/2020.4.16-r0/recipe-sysroot/usr/share/ti/ti-pdk-tree/packages/ti/drv/uart/lib/am335x/a8/release/ti.drv.uart.aa8fg(UART_v1.oa8fg)
 .comment       0x000000000000007f       0x80 /oe/bld/build-CORTEX_1/arago-tmp-external-arm-toolchain/work/am335x_evm-linux-gnueabi/board-utils-rtos/2020.4.16-r0/recipe-sysroot/usr/share/ti/ti-pdk-tree/packages/ti/csl/lib/am335x/a8/release/ti.csl.aa8fg(gpio_v2.oa8fg)
 .comment       0x000000000000007f       0x80 /oe/bld/build-CORTEX_1/arago-tmp-external-arm-toolchain/work/am335x_evm-linux-gnueabi/board-utils-rtos/2020.4.16-r0/recipe-sysroot/usr/share/ti/ti-pdk-tree/packages/ti/csl/lib/am335x/a8/release/ti.csl.aa8fg(uart.oa8fg)
 .comment       0x000000000000007f       0x80 /oe/bld/build-CORTEX_1/arago-tmp-external-arm-toolchain/work/am335x_evm-linux-gnueabi/board-utils-rtos/2020.4.16-r0/recipe-sysroot/usr/share/ti/ti-pdk-tree/packages/ti/osal/lib/nonos/am335x/a8/release/ti.osal.aa8fg(HwiP_nonos.oa8fg)
 .comment       0x000000000000007f       0x80 /oe/bld/build-CORTEX_1/arago-tmp-external-arm-toolchain/work/am335x_evm-linux-gnueabi/board-utils-rtos/2020.4.16-r0/recipe-sysroot/usr/share/ti/ti-pdk-tree/packages/ti/osal/lib/nonos/am335x/a8/release/ti.osal.aa8fg(Utils_nonos.oa8fg)
 .comment       0x000000000000007f       0x80 /oe/bld/build-CORTEX_1/arago-tmp-external-arm-toolchain/work/am335x_evm-linux-gnueabi/board-utils-rtos/2020.4.16-r0/recipe-sysroot/usr/share/ti/ti-pdk-tree/packages/ti/osal/lib/nonos/am335x/a8/release/ti.osal.aa8fg(SemaphoreP_nonos.oa8fg)
 .comment       0x000000000000007f       0x80 /oe/bld/build-CORTEX_1/arago-tmp-external-arm-toolchain/work/am335x_evm-linux-gnueabi/board-utils-rtos/2020.4.16-r0/recipe-sysroot/usr/share/ti/ti-pdk-tree/packages/ti/osal/lib/nonos/am335x/a8/release/ti.osal.aa8fg(RegisterIntr_nonos.oa8fg)
 .comment       0x000000000000007f       0x80 /oe/bld/build-CORTEX_1/arago-tmp-external-arm-toolchain/work/am335x_evm-linux-gnueabi/board-utils-rtos/2020.4.16-r0/recipe-sysroot/usr/share/ti/ti-pdk-tree/packages/ti/osal/lib/nonos/am335x/a8/release/ti.osal.aa8fg(osalintc.oa8fg)
 .comment       0x000000000000007f       0x80 /oe/bld/build-CORTEX_1/arago-tmp-external-arm-toolchain/work/am335x_evm-linux-gnueabi/board-utils-rtos/2020.4.16-r0/recipe-sysroot/usr/share/ti/ti-pdk-tree/packages/ti/osal/lib/nonos/am335x/a8/release/ti.osal.aa8fg(Arch_util.oa8fg)
 .comment       0x000000000000007f       0x80 /oe/bld/build-CORTEX_1/arago-tmp-external-arm-toolchain/work/am335x_evm-linux-gnueabi/board-utils-rtos/2020.4.16-r0/recipe-sysroot/usr/share/ti/ti-pdk-tree/packages/ti/osal/lib/nonos/am335x/a8/release/ti.osal.aa8fg(delay.oa8fg)
 .comment       0x000000000000007f       0x80 /oe/bld/build-CORTEX_1/arago-tmp-external-arm-toolchain/work/am335x_evm-linux-gnueabi/board-utils-rtos/2020.4.16-r0/recipe-sysroot/usr/share/ti/ti-pdk-tree/packages/ti/osal/lib/nonos/am335x/a8/release/ti.osal.aa8fg(cpu.oa8fg)
 .comment       0x000000000000007f       0x80 /oe/bld/build-CORTEX_1/arago-tmp-external-arm-toolchain/work/am335x_evm-linux-gnueabi/board-utils-rtos/2020.4.16-r0/recipe-sysroot/usr/share/ti/ti-pdk-tree/packages/ti/csl/lib/am335x/a8/release/ti.csl.aa8fg(timer.oa8fg)

.ARM.attributes
                0x0000000000000000       0x35
 .ARM.attributes
                0x0000000000000000       0x35 /oe/bld/build-CORTEX_1/arago-tmp-external-arm-toolchain/work/am335x_evm-linux-gnueabi/board-utils-rtos/2020.4.16-r0/recipe-sysroot/usr/share/ti/ti-pdk-tree/packages/ti/board/utils/uartAppLoader/obj/iceAMIC110/armv7/xmodem.o
 .ARM.attributes
                0x0000000000000035       0x35 /oe/bld/build-CORTEX_1/arago-tmp-external-arm-toolchain/work/am335x_evm-linux-gnueabi/board-utils-rtos/2020.4.16-r0/recipe-sysroot/usr/share/ti/ti-pdk-tree/packages/ti/board/utils/uartAppLoader/obj/iceAMIC110/armv7/apploader_main.o
 .ARM.attributes
                0x000000000000006a       0x35 /oe/bld/build-CORTEX_1/arago-tmp-external-arm-toolchain/work/am335x_evm-linux-gnueabi/board-utils-rtos/2020.4.16-r0/recipe-sysroot/usr/share/ti/ti-pdk-tree/packages/ti/board/utils/uartAppLoader/obj/iceAMIC110/armv7/startup.o
 .ARM.attributes
                0x000000000000009f       0x35 /oe/bld/build-CORTEX_1/arago-tmp-external-arm-toolchain/work/am335x_evm-linux-gnueabi/board-utils-rtos/2020.4.16-r0/recipe-sysroot/usr/share/ti/ti-pdk-tree/packages/ti/board/utils/uartAppLoader/obj/iceAMIC110/armv7/soc.o
 .ARM.attributes
                0x00000000000000d4       0x21 /oe/bld/build-CORTEX_1/arago-tmp-external-arm-toolchain/work/am335x_evm-linux-gnueabi/board-utils-rtos/2020.4.16-r0/recipe-sysroot/usr/share/ti/ti-pdk-tree/packages/ti/board/utils/uartAppLoader/obj/iceAMIC110/armv7/diag_entry.ao
 .ARM.attributes
                0x00000000000000f5       0x18 /oe/bld/build-CORTEX_1/arago-tmp-external-arm-toolchain/work/am335x_evm-linux-gnueabi/board-utils-rtos/2020.4.16-r0/recipe-sysroot-native/usr/share/ti/gcc-arm-none-eabi/bin/../lib/gcc/arm-none-eabi/7.3.1/hard/libgcc.a(_udivsi3.o)
 .ARM.attributes
                0x000000000000010d       0x18 /oe/bld/build-CORTEX_1/arago-tmp-external-arm-toolchain/work/am335x_evm-linux-gnueabi/board-utils-rtos/2020.4.16-r0/recipe-sysroot-native/usr/share/ti/gcc-arm-none-eabi/bin/../lib/gcc/arm-none-eabi/7.3.1/hard/libgcc.a(_divsi3.o)
 .ARM.attributes
                0x0000000000000125       0x18 /oe/bld/build-CORTEX_1/arago-tmp-external-arm-toolchain/work/am335x_evm-linux-gnueabi/board-utils-rtos/2020.4.16-r0/recipe-sysroot-native/usr/share/ti/gcc-arm-none-eabi/bin/../lib/gcc/arm-none-eabi/7.3.1/hard/libgcc.a(_dvmd_tls.o)
 .ARM.attributes
                0x000000000000013d       0x34 /oe/bld/build-CORTEX_1/arago-tmp-external-arm-toolchain/work/am335x_evm-linux-gnueabi/board-utils-rtos/2020.4.16-r0/recipe-sysroot-native/usr/share/ti/gcc-arm-none-eabi/bin/../lib/gcc/arm-none-eabi/7.3.1/../../../../arm-none-eabi/lib/hard/libc.a(lib_a-memcpy-stub.o)
 .ARM.attributes
                0x0000000000000171       0x3d /oe/bld/build-CORTEX_1/arago-tmp-external-arm-toolchain/work/am335x_evm-linux-gnueabi/board-utils-rtos/2020.4.16-r0/recipe-sysroot/usr/share/ti/ti-pdk-tree/packages/ti/board/lib/iceAMIC110/a8/release/ti.board.aa8fg(iceAMIC110.oa8fg)
 .ARM.attributes
                0x00000000000001ae       0x3d /oe/bld/build-CORTEX_1/arago-tmp-external-arm-toolchain/work/am335x_evm-linux-gnueabi/board-utils-rtos/2020.4.16-r0/recipe-sysroot/usr/share/ti/ti-pdk-tree/packages/ti/board/lib/iceAMIC110/a8/release/ti.board.aa8fg(iceAMIC110_lld_init.oa8fg)
 .ARM.attributes
                0x00000000000001eb       0x3d /oe/bld/build-CORTEX_1/arago-tmp-external-arm-toolchain/work/am335x_evm-linux-gnueabi/board-utils-rtos/2020.4.16-r0/recipe-sysroot/usr/share/ti/ti-pdk-tree/packages/ti/board/lib/iceAMIC110/a8/release/ti.board.aa8fg(iceAMIC110_ethernet_config.oa8fg)
 .ARM.attributes
                0x0000000000000228       0x3d /oe/bld/build-CORTEX_1/arago-tmp-external-arm-toolchain/work/am335x_evm-linux-gnueabi/board-utils-rtos/2020.4.16-r0/recipe-sysroot/usr/share/ti/ti-pdk-tree/packages/ti/board/lib/iceAMIC110/a8/release/ti.board.aa8fg(iceAMIC110_pinmux.oa8fg)
 .ARM.attributes
                0x0000000000000265       0x3d /oe/bld/build-CORTEX_1/arago-tmp-external-arm-toolchain/work/am335x_evm-linux-gnueabi/board-utils-rtos/2020.4.16-r0/recipe-sysroot/usr/share/ti/ti-pdk-tree/packages/ti/board/lib/iceAMIC110/a8/release/ti.board.aa8fg(am335x_chipdb.oa8fg)
 .ARM.attributes
                0x00000000000002a2       0x3d /oe/bld/build-CORTEX_1/arago-tmp-external-arm-toolchain/work/am335x_evm-linux-gnueabi/board-utils-rtos/2020.4.16-r0/recipe-sysroot/usr/share/ti/ti-pdk-tree/packages/ti/board/lib/iceAMIC110/a8/release/ti.board.aa8fg(am335x_prcm.oa8fg)
 .ARM.attributes
                0x00000000000002df       0x3d /oe/bld/build-CORTEX_1/arago-tmp-external-arm-toolchain/work/am335x_evm-linux-gnueabi/board-utils-rtos/2020.4.16-r0/recipe-sysroot/usr/share/ti/ti-pdk-tree/packages/ti/board/lib/iceAMIC110/a8/release/ti.board.aa8fg(hw_am335x_chipdb.oa8fg)
 .ARM.attributes
                0x000000000000031c       0x3d /oe/bld/build-CORTEX_1/arago-tmp-external-arm-toolchain/work/am335x_evm-linux-gnueabi/board-utils-rtos/2020.4.16-r0/recipe-sysroot/usr/share/ti/ti-pdk-tree/packages/ti/board/lib/iceAMIC110/a8/release/ti.board.aa8fg(hw_am335x_chipdb_baseaddr.oa8fg)
 .ARM.attributes
                0x0000000000000359       0x3d /oe/bld/build-CORTEX_1/arago-tmp-external-arm-toolchain/work/am335x_evm-linux-gnueabi/board-utils-rtos/2020.4.16-r0/recipe-sysroot/usr/share/ti/ti-pdk-tree/packages/ti/board/lib/iceAMIC110/a8/release/ti.board.aa8fg(am335x_amic11x_pinmux_data.oa8fg)
 .ARM.attributes
                0x0000000000000396       0x3d /oe/bld/build-CORTEX_1/arago-tmp-external-arm-toolchain/work/am335x_evm-linux-gnueabi/board-utils-rtos/2020.4.16-r0/recipe-sysroot/usr/share/ti/ti-pdk-tree/packages/ti/drv/uart/lib/am335x/a8/release/ti.drv.uart.aa8fg(UART_stdio.oa8fg)
 .ARM.attributes